stm32l4xx_hal_swpmi.c:148:19:HAL_SWPMI_Init	24	static
stm32l4xx_hal_swpmi.c:222:19:HAL_SWPMI_DeInit	24	static
stm32l4xx_hal_swpmi.c:260:13:HAL_SWPMI_MspInit	16	static
stm32l4xx_hal_swpmi.c:275:13:HAL_SWPMI_MspDeInit	16	static
stm32l4xx_hal_swpmi.c:353:19:HAL_SWPMI_Transmit	32	static
stm32l4xx_hal_swpmi.c:454:19:HAL_SWPMI_Receive	32	static
stm32l4xx_hal_swpmi.c:551:19:HAL_SWPMI_Transmit_IT	32	static
stm32l4xx_hal_swpmi.c:616:19:HAL_SWPMI_Receive_IT	32	static
stm32l4xx_hal_swpmi.c:677:19:HAL_SWPMI_Transmit_DMA	32	static
stm32l4xx_hal_swpmi.c:752:19:HAL_SWPMI_Receive_DMA	32	static
stm32l4xx_hal_swpmi.c:824:19:HAL_SWPMI_DMAStop	16	static
stm32l4xx_hal_swpmi.c:861:19:HAL_SWPMI_EnableLoopback	24	static
stm32l4xx_hal_swpmi.c:891:19:HAL_SWPMI_DisableLoopback	24	static
stm32l4xx_hal_swpmi.c:938:6:HAL_SWPMI_IRQHandler	32	static
stm32l4xx_hal_swpmi.c:1094:13:HAL_SWPMI_TxCpltCallback	16	static
stm32l4xx_hal_swpmi.c:1109:13:HAL_SWPMI_TxHalfCpltCallback	16	static
stm32l4xx_hal_swpmi.c:1124:13:HAL_SWPMI_RxCpltCallback	16	static
stm32l4xx_hal_swpmi.c:1139:13:HAL_SWPMI_RxHalfCpltCallback	16	static
stm32l4xx_hal_swpmi.c:1154:13:HAL_SWPMI_ErrorCallback	16	static
stm32l4xx_hal_swpmi.c:1188:24:HAL_SWPMI_GetState	16	static
stm32l4xx_hal_swpmi.c:1200:10:HAL_SWPMI_GetError	16	static
stm32l4xx_hal_swpmi.c:1225:26:SWPMI_Transmit_IT	24	static
stm32l4xx_hal_swpmi.c:1256:26:SWPMI_EndTransmit_IT	16	static
stm32l4xx_hal_swpmi.c:1284:26:SWPMI_Receive_IT	24	static
stm32l4xx_hal_swpmi.c:1312:26:SWPMI_EndReceive_IT	16	static
stm32l4xx_hal_swpmi.c:1338:26:SWPMI_EndTransmitReceive_IT	16	static
stm32l4xx_hal_swpmi.c:1363:13:SWPMI_DMATransmitCplt	24	static
stm32l4xx_hal_swpmi.c:1414:13:SWPMI_DMATxHalfCplt	24	static
stm32l4xx_hal_swpmi.c:1427:13:SWPMI_DMAReceiveCplt	24	static
stm32l4xx_hal_swpmi.c:1458:13:SWPMI_DMARxHalfCplt	24	static
stm32l4xx_hal_swpmi.c:1470:13:SWPMI_DMAError	24	static
stm32l4xx_hal_swpmi.c:1488:13:SWPMI_DMAAbortOnError	24	static
stm32l4xx_hal_swpmi.c:1508:26:SWPMI_WaitOnFlagSetUntilTimeout	32	static
