stm32l4xx_ll_adc.h:2454:22:LL_ADC_SetCommonClock	16	static
stm32l4xx_ll_adc.h:3139:22:LL_ADC_REG_SetTriggerSource	16	static
stm32l4xx_ll_adc.h:3299:22:LL_ADC_REG_SetSequencerLength	16	static
stm32l4xx_ll_adc.h:3873:22:LL_ADC_INJ_SetTriggerSource	16	static
stm32l4xx_ll_adc.h:4301:22:LL_ADC_INJ_SetQueueMode	16	static
stm32l4xx_ll_adc.h:6027:22:LL_ADC_Disable	16	static
stm32l4xx_ll_adc.h:6046:26:LL_ADC_IsEnabled	16	static
stm32l4xx_ll_adc.h:6057:26:LL_ADC_IsDisableOngoing	16	static
stm32l4xx_ll_adc.h:6152:22:LL_ADC_REG_StopConversion	16	static
stm32l4xx_ll_adc.h:6168:26:LL_ADC_REG_IsConversionOngoing	16	static
stm32l4xx_ll_adc.h:6179:26:LL_ADC_REG_IsStopConversionOngoing	16	static
stm32l4xx_ll_adc.h:6335:22:LL_ADC_INJ_StopConversion	16	static
stm32l4xx_ll_adc.h:6351:26:LL_ADC_INJ_IsConversionOngoing	16	static
stm32l4xx_ll_adc.h:6362:26:LL_ADC_INJ_IsStopConversionOngoing	16	static
stm32l4xx_ll_bus.h:721:22:LL_AHB2_GRP1_ForceReset	16	static
stm32l4xx_ll_bus.h:768:22:LL_AHB2_GRP1_ReleaseReset	16	static
stm32l4xx_ll_adc.c:326:13:LL_ADC_CommonDeInit	16	static
stm32l4xx_ll_adc.c:355:13:LL_ADC_CommonInit	24	static
stm32l4xx_ll_adc.c:437:6:LL_ADC_CommonStructInit	16	static
stm32l4xx_ll_adc.c:470:13:LL_ADC_DeInit	32	static
stm32l4xx_ll_adc.c:739:13:LL_ADC_Init	24	static
stm32l4xx_ll_adc.c:784:6:LL_ADC_StructInit	16	static
stm32l4xx_ll_adc.c:826:13:LL_ADC_REG_Init	24	static
stm32l4xx_ll_adc.c:913:6:LL_ADC_REG_StructInit	16	static
stm32l4xx_ll_adc.c:959:13:LL_ADC_INJ_Init	24	static
stm32l4xx_ll_adc.c:1030:6:LL_ADC_INJ_StructInit	16	static
