stm32l4xx_hal_tim_ex.c:155:19:HAL_TIMEx_HallSensor_Init	48	static
stm32l4xx_hal_tim_ex.c:234:19:HAL_TIMEx_HallSensor_DeInit	16	static
stm32l4xx_hal_tim_ex.c:261:13:HAL_TIMEx_HallSensor_MspInit	16	static
stm32l4xx_hal_tim_ex.c:276:13:HAL_TIMEx_HallSensor_MspDeInit	16	static
stm32l4xx_hal_tim_ex.c:291:19:HAL_TIMEx_HallSensor_Start	16	static
stm32l4xx_hal_tim_ex.c:312:19:HAL_TIMEx_HallSensor_Stop	16	static
stm32l4xx_hal_tim_ex.c:333:19:HAL_TIMEx_HallSensor_Start_IT	16	static
stm32l4xx_hal_tim_ex.c:357:19:HAL_TIMEx_HallSensor_Stop_IT	16	static
stm32l4xx_hal_tim_ex.c:383:19:HAL_TIMEx_HallSensor_Start_DMA	24	static
stm32l4xx_hal_tim_ex.c:430:19:HAL_TIMEx_HallSensor_Stop_DMA	16	static
stm32l4xx_hal_tim_ex.c:486:19:HAL_TIMEx_OCN_Start	16	static
stm32l4xx_hal_tim_ex.c:516:19:HAL_TIMEx_OCN_Stop	16	static
stm32l4xx_hal_tim_ex.c:546:19:HAL_TIMEx_OCN_Start_IT	16	static
stm32l4xx_hal_tim_ex.c:613:19:HAL_TIMEx_OCN_Stop_IT	24	static
stm32l4xx_hal_tim_ex.c:688:19:HAL_TIMEx_OCN_Start_DMA	24	static
stm32l4xx_hal_tim_ex.c:803:19:HAL_TIMEx_OCN_Stop_DMA	16	static
stm32l4xx_hal_tim_ex.c:903:19:HAL_TIMEx_PWMN_Start	16	static
stm32l4xx_hal_tim_ex.c:932:19:HAL_TIMEx_PWMN_Stop	16	static
stm32l4xx_hal_tim_ex.c:962:19:HAL_TIMEx_PWMN_Start_IT	16	static
stm32l4xx_hal_tim_ex.c:1029:19:HAL_TIMEx_PWMN_Stop_IT	24	static
stm32l4xx_hal_tim_ex.c:1105:19:HAL_TIMEx_PWMN_Start_DMA	24	static
stm32l4xx_hal_tim_ex.c:1220:19:HAL_TIMEx_PWMN_Stop_DMA	16	static
stm32l4xx_hal_tim_ex.c:1307:19:HAL_TIMEx_OnePulseN_Start	16	static
stm32l4xx_hal_tim_ex.c:1332:19:HAL_TIMEx_OnePulseN_Stop	16	static
stm32l4xx_hal_tim_ex.c:1361:19:HAL_TIMEx_OnePulseN_Start_IT	16	static
stm32l4xx_hal_tim_ex.c:1392:19:HAL_TIMEx_OnePulseN_Stop_IT	16	static
stm32l4xx_hal_tim_ex.c:1463:19:HAL_TIMEx_ConfigCommutationEvent	24	static
stm32l4xx_hal_tim_ex.c:1512:19:HAL_TIMEx_ConfigCommutationEvent_IT	24	static
stm32l4xx_hal_tim_ex.c:1565:19:HAL_TIMEx_ConfigCommutationEvent_DMA	24	static
stm32l4xx_hal_tim_ex.c:1609:19:HAL_TIMEx_MasterConfigSynchronization	24	static
stm32l4xx_hal_tim_ex.c:1670:19:HAL_TIMEx_ConfigBreakDeadTime	24	static
stm32l4xx_hal_tim_ex.c:1734:19:HAL_TIMEx_ConfigBreakInput	48	static
stm32l4xx_hal_tim_ex.c:2049:19:HAL_TIMEx_RemapConfig	24	static
stm32l4xx_hal_tim_ex.c:2096:19:HAL_TIMEx_GroupChannel5	16	static
stm32l4xx_hal_tim_ex.c:2145:13:HAL_TIMEx_CommutationCallback	16	static
stm32l4xx_hal_tim_ex.c:2160:13:HAL_TIMEx_BreakCallback	16	static
stm32l4xx_hal_tim_ex.c:2194:22:HAL_TIMEx_HallSensor_GetState	16	static
stm32l4xx_hal_tim_ex.c:2208:6:TIMEx_DMACommutationCplt	24	static
stm32l4xx_hal_tim_ex.c:2229:13:TIM_CCxNChannelCmd	32	static
