stm32l4xx_hal_smbus.c:232:19:HAL_SMBUS_Init	16	static
stm32l4xx_hal_smbus.c:334:19:HAL_SMBUS_DeInit	16	static
stm32l4xx_hal_smbus.c:369:13:HAL_SMBUS_MspInit	16	static
stm32l4xx_hal_smbus.c:385:13:HAL_SMBUS_MspDeInit	16	static
stm32l4xx_hal_smbus.c:404:19:HAL_SMBUS_ConfigAnalogFilter	16	static
stm32l4xx_hal_smbus.c:448:19:HAL_SMBUS_ConfigDigitalFilter	24	static
stm32l4xx_hal_smbus.c:551:19:HAL_SMBUS_Master_Transmit_IT	32	static
stm32l4xx_hal_smbus.c:644:19:HAL_SMBUS_Master_Receive_IT	32	static
stm32l4xx_hal_smbus.c:728:19:HAL_SMBUS_Master_Abort_IT	24	static
stm32l4xx_hal_smbus.c:789:19:HAL_SMBUS_Slave_Transmit_IT	32	static
stm32l4xx_hal_smbus.c:882:19:HAL_SMBUS_Slave_Receive_IT	32	static
stm32l4xx_hal_smbus.c:959:19:HAL_SMBUS_EnableListen_IT	16	static
stm32l4xx_hal_smbus.c:975:19:HAL_SMBUS_DisableListen_IT	16	static
stm32l4xx_hal_smbus.c:999:19:HAL_SMBUS_EnableAlert_IT	16	static
stm32l4xx_hal_smbus.c:1018:19:HAL_SMBUS_DisableAlert_IT	16	static
stm32l4xx_hal_smbus.c:1039:19:HAL_SMBUS_IsDeviceReady	32	static
stm32l4xx_hal_smbus.c:1161:6:HAL_SMBUS_EV_IRQHandler	24	static
stm32l4xx_hal_smbus.c:1216:6:HAL_SMBUS_ER_IRQHandler	16	static
stm32l4xx_hal_smbus.c:1227:13:HAL_SMBUS_MasterTxCpltCallback	16	static
stm32l4xx_hal_smbus.c:1243:13:HAL_SMBUS_MasterRxCpltCallback	16	static
stm32l4xx_hal_smbus.c:1258:13:HAL_SMBUS_SlaveTxCpltCallback	16	static
stm32l4xx_hal_smbus.c:1274:13:HAL_SMBUS_SlaveRxCpltCallback	16	static
stm32l4xx_hal_smbus.c:1292:13:HAL_SMBUS_AddrCallback	16	static
stm32l4xx_hal_smbus.c:1310:13:HAL_SMBUS_ListenCpltCallback	16	static
stm32l4xx_hal_smbus.c:1326:13:HAL_SMBUS_ErrorCallback	16	static
stm32l4xx_hal_smbus.c:1361:10:HAL_SMBUS_GetState	16	static
stm32l4xx_hal_smbus.c:1373:10:HAL_SMBUS_GetError	16	static
stm32l4xx_hal_smbus.c:1397:26:SMBUS_Master_ISR	32	static
stm32l4xx_hal_smbus.c:1609:26:SMBUS_Slave_ISR	32	static
stm32l4xx_hal_smbus.c:1826:26:SMBUS_Enable_IRQ	24	static
stm32l4xx_hal_smbus.c:1868:26:SMBUS_Disable_IRQ	24	static
stm32l4xx_hal_smbus.c:1941:13:SMBUS_ITErrorHandler	24	static
stm32l4xx_hal_smbus.c:2030:26:SMBUS_WaitOnFlagUntilTimeout	32	static
stm32l4xx_hal_smbus.c:2098:13:SMBUS_TransferConfig	32	static
stm32l4xx_hal_smbus.c:2126:13:SMBUS_ConvertOtherXferOptions	16	static
