stm32l4xx_ll_rcc.h:2007:22:LL_RCC_HSE_DisableBypass	4	static
stm32l4xx_ll_rcc.h:2096:26:LL_RCC_HSI_IsReady	4	static
stm32l4xx_ll_rcc.h:2141:22:LL_RCC_HSI_SetCalibTrimming	16	static
stm32l4xx_ll_rcc.h:2190:26:LL_RCC_HSI48_IsReady	4	static
stm32l4xx_ll_rcc.h:2311:26:LL_RCC_LSE_IsReady	4	static
stm32l4xx_ll_rcc.h:2359:26:LL_RCC_LSI_IsReady	4	static
stm32l4xx_ll_rcc.h:2377:22:LL_RCC_MSI_Enable	4	static
stm32l4xx_ll_rcc.h:2397:26:LL_RCC_MSI_IsReady	4	static
stm32l4xx_ll_rcc.h:2446:26:LL_RCC_MSI_IsEnabledRangeSelect	4	static
stm32l4xx_ll_rcc.h:2469:22:LL_RCC_MSI_SetRange	16	static
stm32l4xx_ll_rcc.h:2491:26:LL_RCC_MSI_GetRange	4	static
stm32l4xx_ll_rcc.h:2520:26:LL_RCC_MSI_GetRangeAfterStandby	4	static
stm32l4xx_ll_rcc.h:2544:22:LL_RCC_MSI_SetCalibTrimming	16	static
stm32l4xx_ll_rcc.h:2644:26:LL_RCC_GetSysClkSource	4	static
stm32l4xx_ll_rcc.h:2715:26:LL_RCC_GetAHBPrescaler	4	static
stm32l4xx_ll_rcc.h:2730:26:LL_RCC_GetAPB1Prescaler	4	static
stm32l4xx_ll_rcc.h:2745:26:LL_RCC_GetAPB2Prescaler	4	static
stm32l4xx_ll_rcc.h:3164:26:LL_RCC_GetUSARTClockSource	16	static
stm32l4xx_ll_rcc.h:3203:26:LL_RCC_GetLPUARTClockSource	16	static
stm32l4xx_ll_rcc.h:3234:26:LL_RCC_GetI2CClockSource	24	static
stm32l4xx_ll_rcc.h:3256:26:LL_RCC_GetLPTIMClockSource	16	static
stm32l4xx_ll_rcc.h:3281:26:LL_RCC_GetSAIClockSource	16	static
stm32l4xx_ll_rcc.h:3309:26:LL_RCC_GetSDMMCClockSource	16	static
stm32l4xx_ll_rcc.h:3332:26:LL_RCC_GetRNGClockSource	16	static
stm32l4xx_ll_rcc.h:3352:26:LL_RCC_GetUSBClockSource	16	static
stm32l4xx_ll_rcc.h:3371:26:LL_RCC_GetADCClockSource	16	static
stm32l4xx_ll_rcc.h:3386:26:LL_RCC_GetSWPMIClockSource	16	static
stm32l4xx_ll_rcc.h:3608:26:LL_RCC_PLL_IsReady	4	static
stm32l4xx_ll_rcc.h:3825:26:LL_RCC_PLL_GetN	4	static
stm32l4xx_ll_rcc.h:3867:26:LL_RCC_PLL_GetP	4	static
stm32l4xx_ll_rcc.h:3896:26:LL_RCC_PLL_GetQ	4	static
stm32l4xx_ll_rcc.h:3911:26:LL_RCC_PLL_GetR	4	static
stm32l4xx_ll_rcc.h:3925:26:LL_RCC_PLL_GetMainSource	4	static
stm32l4xx_ll_rcc.h:3953:26:LL_RCC_PLL_GetDivider	4	static
stm32l4xx_ll_rcc.h:4063:26:LL_RCC_PLLSAI1_IsReady	4	static
stm32l4xx_ll_rcc.h:4420:26:LL_RCC_PLLSAI1_GetN	4	static
stm32l4xx_ll_rcc.h:4462:26:LL_RCC_PLLSAI1_GetP	4	static
stm32l4xx_ll_rcc.h:4491:26:LL_RCC_PLLSAI1_GetQ	4	static
stm32l4xx_ll_rcc.h:4506:26:LL_RCC_PLLSAI1_GetR	4	static
stm32l4xx_ll_rcc.c:196:13:LL_RCC_DeInit	16	static
stm32l4xx_ll_rcc.c:294:6:LL_RCC_GetSystemClocksFreq	16	static
stm32l4xx_ll_rcc.c:320:10:LL_RCC_GetUSARTClockFreq	24	static
stm32l4xx_ll_rcc.c:518:10:LL_RCC_GetI2CClockFreq	24	static
stm32l4xx_ll_rcc.c:635:10:LL_RCC_GetLPUARTClockFreq	24	static
stm32l4xx_ll_rcc.c:680:10:LL_RCC_GetLPTIMClockFreq	24	static
stm32l4xx_ll_rcc.c:769:10:LL_RCC_GetSAIClockFreq	24	static
stm32l4xx_ll_rcc.c:861:10:LL_RCC_GetSDMMCClockFreq	24	static
stm32l4xx_ll_rcc.c:953:10:LL_RCC_GetRNGClockFreq	24	static
stm32l4xx_ll_rcc.c:1017:10:LL_RCC_GetUSBClockFreq	24	static
stm32l4xx_ll_rcc.c:1078:10:LL_RCC_GetADCClockFreq	24	static
stm32l4xx_ll_rcc.c:1124:10:LL_RCC_GetSWPMIClockFreq	24	static
stm32l4xx_ll_rcc.c:1351:10:RCC_GetSystemClockFreq	16	static
stm32l4xx_ll_rcc.c:1393:10:RCC_GetHCLKClockFreq	16	static
stm32l4xx_ll_rcc.c:1404:10:RCC_GetPCLK1ClockFreq	16	static
stm32l4xx_ll_rcc.c:1415:10:RCC_GetPCLK2ClockFreq	16	static
stm32l4xx_ll_rcc.c:1425:10:RCC_PLL_GetFreqDomain_SYS	24	static
stm32l4xx_ll_rcc.c:1465:10:RCC_PLL_GetFreqDomain_SAI	24	static
stm32l4xx_ll_rcc.c:1506:10:RCC_PLL_GetFreqDomain_48M	24	static
stm32l4xx_ll_rcc.c:1589:10:RCC_PLLSAI1_GetFreqDomain_SAI	24	static
stm32l4xx_ll_rcc.c:1633:10:RCC_PLLSAI1_GetFreqDomain_48M	24	static
stm32l4xx_ll_rcc.c:1677:10:RCC_PLLSAI1_GetFreqDomain_ADC	24	static
