stm32l4xx_ll_utils.h:295:22:LL_InitTick	16	static
stm32l4xx_ll_rcc.h:1997:22:LL_RCC_HSE_EnableBypass	4	static
stm32l4xx_ll_rcc.h:2007:22:LL_RCC_HSE_DisableBypass	4	static
stm32l4xx_ll_rcc.h:2017:22:LL_RCC_HSE_Enable	4	static
stm32l4xx_ll_rcc.h:2037:26:LL_RCC_HSE_IsReady	4	static
stm32l4xx_ll_rcc.h:2076:22:LL_RCC_HSI_Enable	4	static
stm32l4xx_ll_rcc.h:2096:26:LL_RCC_HSI_IsReady	4	static
stm32l4xx_ll_rcc.h:2377:22:LL_RCC_MSI_Enable	4	static
stm32l4xx_ll_rcc.h:2397:26:LL_RCC_MSI_IsReady	4	static
stm32l4xx_ll_rcc.h:2446:26:LL_RCC_MSI_IsEnabledRangeSelect	4	static
stm32l4xx_ll_rcc.h:2491:26:LL_RCC_MSI_GetRange	4	static
stm32l4xx_ll_rcc.h:2520:26:LL_RCC_MSI_GetRangeAfterStandby	4	static
stm32l4xx_ll_rcc.h:2630:22:LL_RCC_SetSysClkSource	16	static
stm32l4xx_ll_rcc.h:2644:26:LL_RCC_GetSysClkSource	4	static
stm32l4xx_ll_rcc.h:2664:22:LL_RCC_SetAHBPrescaler	16	static
stm32l4xx_ll_rcc.h:2680:22:LL_RCC_SetAPB1Prescaler	16	static
stm32l4xx_ll_rcc.h:2696:22:LL_RCC_SetAPB2Prescaler	16	static
stm32l4xx_ll_rcc.h:3587:22:LL_RCC_PLL_Enable	4	static
stm32l4xx_ll_rcc.h:3608:26:LL_RCC_PLL_IsReady	4	static
stm32l4xx_ll_rcc.h:3654:22:LL_RCC_PLL_ConfigDomain_SYS	24	static
stm32l4xx_ll_rcc.h:4011:22:LL_RCC_PLL_EnableDomain_SYS	4	static
stm32l4xx_ll_rcc.h:4063:26:LL_RCC_PLLSAI1_IsReady	4	static
stm32l4xx_ll_system.h:1416:22:LL_FLASH_SetLatency	16	static
stm32l4xx_ll_system.h:1444:26:LL_FLASH_GetLatency	4	static
stm32l4xx_ll_pwr.h:355:26:LL_PWR_GetRegulVoltageScaling	4	static
stm32l4xx_ll_utils.c:186:6:LL_Init1msTick	16	static
stm32l4xx_ll_utils.c:202:6:LL_mDelay	24	static
stm32l4xx_ll_utils.c:292:6:LL_SetSystemCoreClock	16	static
stm32l4xx_ll_utils.c:314:13:LL_PLL_ConfigSystemClock_MSI	32	static
stm32l4xx_ll_utils.c:440:13:LL_PLL_ConfigSystemClock_HSI	24	static
stm32l4xx_ll_utils.c:521:13:LL_PLL_ConfigSystemClock_HSE	32	static
stm32l4xx_ll_utils.c:616:20:UTILS_SetFlashLatency	24	static
stm32l4xx_ll_utils.c:747:17:UTILS_GetPLLOutputFrequency	24	static
stm32l4xx_ll_utils.c:778:20:UTILS_PLL_IsBusy	16	static
stm32l4xx_ll_utils.c:817:20:UTILS_EnablePLLAndSwitchSystem	24	static
