stm32l4xx_hal_adc.c:372:19:HAL_ADC_Init	32	static
stm32l4xx_hal_adc.c:657:19:HAL_ADC_DeInit	16	static
stm32l4xx_hal_adc.c:836:13:HAL_ADC_MspInit	16	static
stm32l4xx_hal_adc.c:853:13:HAL_ADC_MspDeInit	16	static
stm32l4xx_hal_adc.c:898:19:HAL_ADC_Start	24	static
stm32l4xx_hal_adc.c:1013:19:HAL_ADC_Stop	24	static
stm32l4xx_hal_adc.c:1067:19:HAL_ADC_PollForConversion	32	static
stm32l4xx_hal_adc.c:1217:19:HAL_ADC_PollForEvent	32	static
stm32l4xx_hal_adc.c:1361:19:HAL_ADC_Start_IT	24	static
stm32l4xx_hal_adc.c:1532:19:HAL_ADC_Stop_IT	24	static
stm32l4xx_hal_adc.c:1585:19:HAL_ADC_Start_DMA	32	static
stm32l4xx_hal_adc.c:1711:19:HAL_ADC_Stop_DMA	24	static
stm32l4xx_hal_adc.c:1793:10:HAL_ADC_GetValue	16	static
stm32l4xx_hal_adc.c:1810:6:HAL_ADC_IRQHandler	32	static
stm32l4xx_hal_adc.c:2120:13:HAL_ADC_ConvCpltCallback	16	static
stm32l4xx_hal_adc.c:2135:13:HAL_ADC_ConvHalfCpltCallback	16	static
stm32l4xx_hal_adc.c:2150:13:HAL_ADC_LevelOutOfWindowCallback	16	static
stm32l4xx_hal_adc.c:2172:13:HAL_ADC_ErrorCallback	16	static
stm32l4xx_hal_adc.c:2218:19:HAL_ADC_ConfigChannel	32	static
stm32l4xx_hal_adc.c:2513:19:HAL_ADC_AnalogWDGConfig	40	static
stm32l4xx_hal_adc.c:2720:10:HAL_ADC_GetState	16	static
stm32l4xx_hal_adc.c:2734:10:HAL_ADC_GetError	16	static
stm32l4xx_hal_adc.c:2764:19:ADC_ConversionStop	32	static
stm32l4xx_hal_adc.c:2884:19:ADC_Enable	24	static
stm32l4xx_hal_adc.c:2947:19:ADC_Disable	24	static
stm32l4xx_hal_adc.c:3001:6:ADC_DMAConvCplt	24	static
stm32l4xx_hal_adc.c:3071:6:ADC_DMAHalfConvCplt	24	static
stm32l4xx_hal_adc.c:3085:6:ADC_DMAError	24	static
