stm32l4xx_ll_exti.h:320:22:LL_EXTI_EnableIT_0_31	16	static
stm32l4xx_ll_exti.h:392:22:LL_EXTI_DisableIT_0_31	16	static
stm32l4xx_ll_exti.h:543:22:LL_EXTI_EnableEvent_0_31	16	static
stm32l4xx_ll_exti.h:611:22:LL_EXTI_DisableEvent_0_31	16	static
stm32l4xx_ll_exti.h:753:22:LL_EXTI_EnableRisingTrig_0_31	16	static
stm32l4xx_ll_exti.h:819:22:LL_EXTI_DisableRisingTrig_0_31	16	static
stm32l4xx_ll_exti.h:946:22:LL_EXTI_EnableFallingTrig_0_31	16	static
stm32l4xx_ll_exti.h:1011:22:LL_EXTI_DisableFallingTrig_0_31	16	static
stm32l4xx_ll_exti.h:1201:26:LL_EXTI_IsActiveFlag_0_31	16	static
stm32l4xx_ll_exti.h:1314:22:LL_EXTI_ClearFlag_0_31	16	static
stm32l4xx_hal_comp.c:220:19:HAL_COMP_Init	40	static
stm32l4xx_hal_comp.c:401:19:HAL_COMP_DeInit	24	static
stm32l4xx_hal_comp.c:436:13:HAL_COMP_MspInit	16	static
stm32l4xx_hal_comp.c:451:13:HAL_COMP_MspDeInit	16	static
stm32l4xx_hal_comp.c:485:19:HAL_COMP_Start	24	static
stm32l4xx_hal_comp.c:532:19:HAL_COMP_Stop	24	static
stm32l4xx_hal_comp.c:569:6:HAL_COMP_IRQHandler	24	static
stm32l4xx_hal_comp.c:626:19:HAL_COMP_Lock	24	static
stm32l4xx_hal_comp.c:672:10:HAL_COMP_GetOutputLevel	16	static
stm32l4xx_hal_comp.c:686:13:HAL_COMP_TriggerCallback	16	static
stm32l4xx_hal_comp.c:720:23:HAL_COMP_GetState	16	static
