stm32l4xx_hal_rcc_ex.c:203:19:HAL_RCCEx_PeriphCLKConfig	32	static
stm32l4xx_hal_rcc_ex.c:807:6:HAL_RCCEx_GetPeriphCLKConfig	16	static
stm32l4xx_hal_rcc_ex.c:1117:10:HAL_RCCEx_GetPeriphCLKFreq	40	static
stm32l4xx_hal_rcc_ex.c:2099:19:HAL_RCCEx_EnablePLLSAI1	24	static
stm32l4xx_hal_rcc_ex.c:2167:19:HAL_RCCEx_DisablePLLSAI1	16	static
stm32l4xx_hal_rcc_ex.c:2343:6:HAL_RCCEx_WakeUpStopCLKConfig	16	static
stm32l4xx_hal_rcc_ex.c:2361:6:HAL_RCCEx_StandbyMSIRangeConfig	16	static
stm32l4xx_hal_rcc_ex.c:2375:6:HAL_RCCEx_EnableLSECSS	4	static
stm32l4xx_hal_rcc_ex.c:2385:6:HAL_RCCEx_DisableLSECSS	4	static
stm32l4xx_hal_rcc_ex.c:2398:6:HAL_RCCEx_EnableLSECSS_IT	4	static
stm32l4xx_hal_rcc_ex.c:2415:6:HAL_RCCEx_LSECSS_IRQHandler	8	static
stm32l4xx_hal_rcc_ex.c:2432:13:HAL_RCCEx_LSECSS_Callback	4	static
stm32l4xx_hal_rcc_ex.c:2447:6:HAL_RCCEx_EnableLSCO	48	static
stm32l4xx_hal_rcc_ex.c:2494:6:HAL_RCCEx_DisableLSCO	16	static
stm32l4xx_hal_rcc_ex.c:2532:6:HAL_RCCEx_EnableMSIPLLMode	4	static
stm32l4xx_hal_rcc_ex.c:2542:6:HAL_RCCEx_DisableMSIPLLMode	4	static
stm32l4xx_hal_rcc_ex.c:2622:6:HAL_RCCEx_CRSConfig	24	static
stm32l4xx_hal_rcc_ex.c:2664:6:HAL_RCCEx_CRSSoftwareSynchronizationGenerate	4	static
stm32l4xx_hal_rcc_ex.c:2674:6:HAL_RCCEx_CRSGetSynchronizationInfo	16	static
stm32l4xx_hal_rcc_ex.c:2707:10:HAL_RCCEx_CRSWaitSynchronization	24	static
stm32l4xx_hal_rcc_ex.c:2790:6:HAL_RCCEx_CRS_IRQHandler	24	static
stm32l4xx_hal_rcc_ex.c:2855:13:HAL_RCCEx_CRS_SyncOkCallback	4	static
stm32l4xx_hal_rcc_ex.c:2866:13:HAL_RCCEx_CRS_SyncWarnCallback	4	static
stm32l4xx_hal_rcc_ex.c:2877:13:HAL_RCCEx_CRS_ExpectedSyncCallback	4	static
stm32l4xx_hal_rcc_ex.c:2893:13:HAL_RCCEx_CRS_ErrorCallback	16	static
stm32l4xx_hal_rcc_ex.c:2927:26:RCCEx_PLLSAI1_Config	24	static
