stm32l4xx_hal_irda.c:282:19:HAL_IRDA_Init	16	static
stm32l4xx_hal_irda.c:335:19:HAL_IRDA_DeInit	16	static
stm32l4xx_hal_irda.c:369:13:HAL_IRDA_MspInit	16	static
stm32l4xx_hal_irda.c:385:13:HAL_IRDA_MspDeInit	16	static
stm32l4xx_hal_irda.c:489:19:HAL_IRDA_Transmit	40	static
stm32l4xx_hal_irda.c:561:19:HAL_IRDA_Receive	48	static
stm32l4xx_hal_irda.c:635:19:HAL_IRDA_Transmit_IT	24	static
stm32l4xx_hal_irda.c:681:19:HAL_IRDA_Receive_IT	24	static
stm32l4xx_hal_irda.c:734:19:HAL_IRDA_Transmit_DMA	24	static
stm32l4xx_hal_irda.c:797:19:HAL_IRDA_Receive_DMA	24	static
stm32l4xx_hal_irda.c:859:19:HAL_IRDA_DMAPause	16	static
stm32l4xx_hal_irda.c:893:19:HAL_IRDA_DMAResume	16	static
stm32l4xx_hal_irda.c:928:19:HAL_IRDA_DMAStop	16	static
stm32l4xx_hal_irda.c:983:19:HAL_IRDA_Abort	16	static
stm32l4xx_hal_irda.c:1055:19:HAL_IRDA_AbortTransmit	16	static
stm32l4xx_hal_irda.c:1102:19:HAL_IRDA_AbortReceive	16	static
stm32l4xx_hal_irda.c:1155:19:HAL_IRDA_Abort_IT	24	static
stm32l4xx_hal_irda.c:1285:19:HAL_IRDA_AbortTransmit_IT	16	static
stm32l4xx_hal_irda.c:1355:19:HAL_IRDA_AbortReceive_IT	16	static
stm32l4xx_hal_irda.c:1423:6:HAL_IRDA_IRQHandler	32	static
stm32l4xx_hal_irda.c:1585:13:HAL_IRDA_TxCpltCallback	16	static
stm32l4xx_hal_irda.c:1601:13:HAL_IRDA_TxHalfCpltCallback	16	static
stm32l4xx_hal_irda.c:1617:13:HAL_IRDA_RxCpltCallback	16	static
stm32l4xx_hal_irda.c:1633:13:HAL_IRDA_RxHalfCpltCallback	16	static
stm32l4xx_hal_irda.c:1649:13:HAL_IRDA_ErrorCallback	16	static
stm32l4xx_hal_irda.c:1665:13:HAL_IRDA_AbortCpltCallback	16	static
stm32l4xx_hal_irda.c:1681:13:HAL_IRDA_AbortTransmitCpltCallback	16	static
stm32l4xx_hal_irda.c:1697:13:HAL_IRDA_AbortReceiveCpltCallback	16	static
stm32l4xx_hal_irda.c:1736:23:HAL_IRDA_GetState	24	static
stm32l4xx_hal_irda.c:1752:10:HAL_IRDA_GetError	16	static
stm32l4xx_hal_irda.c:1775:26:IRDA_SetConfig	24	static
stm32l4xx_hal_irda.c:1879:26:IRDA_CheckIdleState	32	static
stm32l4xx_hal_irda.c:1930:26:IRDA_WaitOnFlagUntilTimeout	24	static
stm32l4xx_hal_irda.c:1967:13:IRDA_EndTxTransfer	16	static
stm32l4xx_hal_irda.c:1987:13:IRDA_EndRxTransfer	16	static
stm32l4xx_hal_irda.c:2008:13:IRDA_DMATransmitCplt	24	static
stm32l4xx_hal_irda.c:2038:13:IRDA_DMATransmitHalfCplt	24	static
stm32l4xx_hal_irda.c:2051:13:IRDA_DMAReceiveCplt	24	static
stm32l4xx_hal_irda.c:2081:13:IRDA_DMAReceiveHalfCplt	24	static
stm32l4xx_hal_irda.c:2094:13:IRDA_DMAError	24	static
stm32l4xx_hal_irda.c:2124:13:IRDA_DMAAbortOnError	24	static
stm32l4xx_hal_irda.c:2141:13:IRDA_DMATxAbortCallback	24	static
stm32l4xx_hal_irda.c:2183:13:IRDA_DMARxAbortCallback	24	static
stm32l4xx_hal_irda.c:2225:13:IRDA_DMATxOnlyAbortCallback	24	static
stm32l4xx_hal_irda.c:2246:13:IRDA_DMARxOnlyAbortCallback	24	static
stm32l4xx_hal_irda.c:2270:26:IRDA_Transmit_IT	24	static
stm32l4xx_hal_irda.c:2320:13:IRDA_EndTransmit_IT	16	static
stm32l4xx_hal_irda.c:2339:26:IRDA_Receive_IT	24	static
