stm32l4xx_ll_rtc.h:803:22:LL_RTC_SetHourFormat	16	static
stm32l4xx_ll_rtc.h:816:26:LL_RTC_GetHourFormat	16	static
stm32l4xx_ll_rtc.h:891:22:LL_RTC_EnableInitMode	16	static
stm32l4xx_ll_rtc.h:903:22:LL_RTC_DisableInitMode	16	static
stm32l4xx_ll_rtc.h:966:26:LL_RTC_IsShadowRegBypassEnabled	16	static
stm32l4xx_ll_rtc.h:1004:22:LL_RTC_SetAsynchPrescaler	16	static
stm32l4xx_ll_rtc.h:1016:22:LL_RTC_SetSynchPrescaler	16	static
stm32l4xx_ll_rtc.h:1049:22:LL_RTC_EnableWriteProtection	16	static
stm32l4xx_ll_rtc.h:1060:22:LL_RTC_DisableWriteProtection	16	static
stm32l4xx_ll_rtc.h:1264:22:LL_RTC_TIME_Config	24	static
stm32l4xx_ll_rtc.h:1603:22:LL_RTC_DATE_Config	24	static
stm32l4xx_ll_rtc.h:1690:22:LL_RTC_ALMA_SetMask	16	static
stm32l4xx_ll_rtc.h:1721:22:LL_RTC_ALMA_EnableWeekday	16	static
stm32l4xx_ll_rtc.h:1732:22:LL_RTC_ALMA_DisableWeekday	16	static
stm32l4xx_ll_rtc.h:1746:22:LL_RTC_ALMA_SetDay	16	static
stm32l4xx_ll_rtc.h:1782:22:LL_RTC_ALMA_SetWeekDay	16	static
stm32l4xx_ll_rtc.h:1943:22:LL_RTC_ALMA_ConfigTime	24	static
stm32l4xx_ll_rtc.h:2068:22:LL_RTC_ALMB_SetMask	16	static
stm32l4xx_ll_rtc.h:2099:22:LL_RTC_ALMB_EnableWeekday	16	static
stm32l4xx_ll_rtc.h:2110:22:LL_RTC_ALMB_DisableWeekday	16	static
stm32l4xx_ll_rtc.h:2124:22:LL_RTC_ALMB_SetDay	16	static
stm32l4xx_ll_rtc.h:2160:22:LL_RTC_ALMB_SetWeekDay	16	static
stm32l4xx_ll_rtc.h:2321:22:LL_RTC_ALMB_ConfigTime	24	static
stm32l4xx_ll_rtc.h:3528:26:LL_RTC_IsActiveFlag_INIT	16	static
stm32l4xx_ll_rtc.h:3539:26:LL_RTC_IsActiveFlag_RS	16	static
stm32l4xx_ll_rtc.h:3550:22:LL_RTC_ClearFlag_RS	16	static
stm32l4xx_ll_cortex.h:246:26:LL_SYSTICK_IsActiveCounterFlag	4	static
stm32l4xx_ll_rtc.c:165:13:LL_RTC_DeInit	24	static
stm32l4xx_ll_rtc.c:229:13:LL_RTC_Init	24	static
stm32l4xx_ll_rtc.c:268:6:LL_RTC_StructInit	16	static
stm32l4xx_ll_rtc.c:288:13:LL_RTC_TIME_Init	56	static
stm32l4xx_ll_rtc.c:370:6:LL_RTC_TIME_StructInit	16	static
stm32l4xx_ll_rtc.c:391:13:LL_RTC_DATE_Init	56	static
stm32l4xx_ll_rtc.c:458:6:LL_RTC_DATE_StructInit	16	static
stm32l4xx_ll_rtc.c:481:13:LL_RTC_ALMA_Init	48	static
stm32l4xx_ll_rtc.c:599:13:LL_RTC_ALMB_Init	48	static
stm32l4xx_ll_rtc.c:709:6:LL_RTC_ALMA_StructInit	16	static
stm32l4xx_ll_rtc.c:731:6:LL_RTC_ALMB_StructInit	16	static
stm32l4xx_ll_rtc.c:756:13:LL_RTC_EnterInitMode	32	static
stm32l4xx_ll_rtc.c:800:13:LL_RTC_ExitInitMode	16	static
stm32l4xx_ll_rtc.c:827:13:LL_RTC_WaitForSynchro	32	static
