Archive member included to satisfy reference by file (symbol)

d:/program files (x86)/truestudio for stm32 9.0.0/armtools/bin/../lib/gcc/arm-atollic-eabi/6.3.1/../../../../arm-atollic-eabi/lib/armv7e-m/fpu\libc.a(lib_a-errno.o)
                              src\syscalls.o (__errno)
d:/program files (x86)/truestudio for stm32 9.0.0/armtools/bin/../lib/gcc/arm-atollic-eabi/6.3.1/../../../../arm-atollic-eabi/lib/armv7e-m/fpu\libc.a(lib_a-impure.o)
                              d:/program files (x86)/truestudio for stm32 9.0.0/armtools/bin/../lib/gcc/arm-atollic-eabi/6.3.1/../../../../arm-atollic-eabi/lib/armv7e-m/fpu\libc.a(lib_a-errno.o) (_impure_ptr)
d:/program files (x86)/truestudio for stm32 9.0.0/armtools/bin/../lib/gcc/arm-atollic-eabi/6.3.1/../../../../arm-atollic-eabi/lib/armv7e-m/fpu\libc.a(lib_a-init.o)
                              startup\startup_stm32l433xx.o (__libc_init_array)
d:/program files (x86)/truestudio for stm32 9.0.0/armtools/bin/../lib/gcc/arm-atollic-eabi/6.3.1/../../../../arm-atollic-eabi/lib/armv7e-m/fpu\libc.a(lib_a-strlen.o)
                              src\TomLib_USART.o (strlen)
d:/program files (x86)/truestudio for stm32 9.0.0/armtools/bin/../lib/gcc/arm-atollic-eabi/6.3.1/armv7e-m/fpu\libgcc.a(_aeabi_uldivmod.o)
                              Drivers\STM32L4xx_HAL_Driver\Src\stm32l4xx_hal_uart.o (__aeabi_uldivmod)
d:/program files (x86)/truestudio for stm32 9.0.0/armtools/bin/../lib/gcc/arm-atollic-eabi/6.3.1/armv7e-m/fpu\libgcc.a(_udivmoddi4.o)
                              d:/program files (x86)/truestudio for stm32 9.0.0/armtools/bin/../lib/gcc/arm-atollic-eabi/6.3.1/armv7e-m/fpu\libgcc.a(_aeabi_uldivmod.o) (__udivmoddi4)
d:/program files (x86)/truestudio for stm32 9.0.0/armtools/bin/../lib/gcc/arm-atollic-eabi/6.3.1/armv7e-m/fpu\libgcc.a(_dvmd_tls.o)
                              d:/program files (x86)/truestudio for stm32 9.0.0/armtools/bin/../lib/gcc/arm-atollic-eabi/6.3.1/armv7e-m/fpu\libgcc.a(_aeabi_uldivmod.o) (__aeabi_ldiv0)

Allocating common symbols
Common symbol       size              file

uwTick              0x4               Drivers\STM32L4xx_HAL_Driver\Src\stm32l4xx_hal.o
pFlash              0x20              Drivers\STM32L4xx_HAL_Driver\Src\stm32l4xx_hal_flash.o
FifoStatus_Reg      0x1               src\TomLib_NRF24L01.o
TimmingDelay        0x4               src\stm32l4xx_it.o
Status_Reg          0x1               src\TomLib_NRF24L01.o
TimHandle           0x40              Drivers\STM32L4xx_HAL_Driver\Src\stm32l4xx_hal_timebase_tim_template.o

Discarded input sections

 .text          0x00000000        0x0 d:/program files (x86)/truestudio for stm32 9.0.0/armtools/bin/../lib/gcc/arm-atollic-eabi/6.3.1/armv7e-m/fpu/crti.o
 .data          0x00000000        0x0 d:/program files (x86)/truestudio for stm32 9.0.0/armtools/bin/../lib/gcc/arm-atollic-eabi/6.3.1/armv7e-m/fpu/crti.o
 .bss           0x00000000        0x0 d:/program files (x86)/truestudio for stm32 9.0.0/armtools/bin/../lib/gcc/arm-atollic-eabi/6.3.1/armv7e-m/fpu/crti.o
 .data          0x00000000        0x4 d:/program files (x86)/truestudio for stm32 9.0.0/armtools/bin/../lib/gcc/arm-atollic-eabi/6.3.1/armv7e-m/fpu/crtbegin.o
 .text          0x00000000        0x0 Drivers\STM32L4xx_HAL_Driver\Src\stm32l4xx_hal.o
 .data          0x00000000        0x0 Drivers\STM32L4xx_HAL_Driver\Src\stm32l4xx_hal.o
 .bss           0x00000000        0x0 Drivers\STM32L4xx_HAL_Driver\Src\stm32l4xx_hal.o
 .text.HAL_Init
                0x00000000       0x1a Drivers\STM32L4xx_HAL_Driver\Src\stm32l4xx_hal.o
 .text.HAL_DeInit
                0x00000000       0x58 Drivers\STM32L4xx_HAL_Driver\Src\stm32l4xx_hal.o
 .text.HAL_MspInit
                0x00000000        0xe Drivers\STM32L4xx_HAL_Driver\Src\stm32l4xx_hal.o
 .text.HAL_MspDeInit
                0x00000000        0xe Drivers\STM32L4xx_HAL_Driver\Src\stm32l4xx_hal.o
 .text.HAL_InitTick
                0x00000000       0x38 Drivers\STM32L4xx_HAL_Driver\Src\stm32l4xx_hal.o
 .text.HAL_GetTick
                0x00000000       0x18 Drivers\STM32L4xx_HAL_Driver\Src\stm32l4xx_hal.o
 .text.HAL_Delay
                0x00000000       0x3a Drivers\STM32L4xx_HAL_Driver\Src\stm32l4xx_hal.o
 .text.HAL_SuspendTick
                0x00000000       0x20 Drivers\STM32L4xx_HAL_Driver\Src\stm32l4xx_hal.o
 .text.HAL_ResumeTick
                0x00000000       0x20 Drivers\STM32L4xx_HAL_Driver\Src\stm32l4xx_hal.o
 .text.HAL_GetHalVersion
                0x00000000       0x12 Drivers\STM32L4xx_HAL_Driver\Src\stm32l4xx_hal.o
 .text.HAL_GetREVID
                0x00000000       0x1c Drivers\STM32L4xx_HAL_Driver\Src\stm32l4xx_hal.o
 .text.HAL_GetDEVID
                0x00000000       0x1c Drivers\STM32L4xx_HAL_Driver\Src\stm32l4xx_hal.o
 .text.HAL_GetUIDw0
                0x00000000       0x18 Drivers\STM32L4xx_HAL_Driver\Src\stm32l4xx_hal.o
 .text.HAL_GetUIDw1
                0x00000000       0x18 Drivers\STM32L4xx_HAL_Driver\Src\stm32l4xx_hal.o
 .text.HAL_GetUIDw2
[...]
Memory Configuration

Name             Origin             Length             Attributes
FLASH            0x08000000         0x00040000         xr
RAM              0x20000000         0x0000c000         xrw
RAM2             0x10000000         0x00004000         rw
MEMORY_B1        0x60000000         0x00000000         xr
*default*        0x00000000         0xffffffff

Linker script and memory map

LOAD d:/program files (x86)/truestudio for stm32 9.0.0/armtools/bin/../lib/gcc/arm-atollic-eabi/6.3.1/armv7e-m/fpu/crti.o
LOAD d:/program files (x86)/truestudio for stm32 9.0.0/armtools/bin/../lib/gcc/arm-atollic-eabi/6.3.1/armv7e-m/fpu/crtbegin.o
LOAD Drivers\STM32L4xx_HAL_Driver\Src\stm32l4xx_hal.o
LOAD Drivers\STM32L4xx_HAL_Driver\Src\stm32l4xx_hal_adc.o
LOAD Drivers\STM32L4xx_HAL_Driver\Src\stm32l4xx_hal_adc_ex.o
LOAD Drivers\STM32L4xx_HAL_Driver\Src\stm32l4xx_hal_can.o
LOAD Drivers\STM32L4xx_HAL_Driver\Src\stm32l4xx_hal_comp.o
LOAD Drivers\STM32L4xx_HAL_Driver\Src\stm32l4xx_hal_cortex.o
LOAD Drivers\STM32L4xx_HAL_Driver\Src\stm32l4xx_hal_crc.o
LOAD Drivers\STM32L4xx_HAL_Driver\Src\stm32l4xx_hal_crc_ex.o
LOAD Drivers\STM32L4xx_HAL_Driver\Src\stm32l4xx_hal_cryp.o
LOAD Drivers\STM32L4xx_HAL_Driver\Src\stm32l4xx_hal_cryp_ex.o
LOAD Drivers\STM32L4xx_HAL_Driver\Src\stm32l4xx_hal_dac.o
LOAD Drivers\STM32L4xx_HAL_Driver\Src\stm32l4xx_hal_dac_ex.o
LOAD Drivers\STM32L4xx_HAL_Driver\Src\stm32l4xx_hal_dcmi.o
LOAD Drivers\STM32L4xx_HAL_Driver\Src\stm32l4xx_hal_dfsdm.o
LOAD Drivers\STM32L4xx_HAL_Driver\Src\stm32l4xx_hal_dfsdm_ex.o
LOAD Drivers\STM32L4xx_HAL_Driver\Src\stm32l4xx_hal_dma.o
LOAD Drivers\STM32L4xx_HAL_Driver\Src\stm32l4xx_hal_dma2d.o
LOAD Drivers\STM32L4xx_HAL_Driver\Src\stm32l4xx_hal_dma_ex.o
LOAD Drivers\STM32L4xx_HAL_Driver\Src\stm32l4xx_hal_dsi.o
LOAD Drivers\STM32L4xx_HAL_Driver\Src\stm32l4xx_hal_firewall.o
LOAD Drivers\STM32L4xx_HAL_Driver\Src\stm32l4xx_hal_flash.o
LOAD Drivers\STM32L4xx_HAL_Driver\Src\stm32l4xx_hal_flash_ex.o
LOAD Drivers\STM32L4xx_HAL_Driver\Src\stm32l4xx_hal_flash_ramfunc.o
LOAD Drivers\STM32L4xx_HAL_Driver\Src\stm32l4xx_hal_gfxmmu.o
LOAD Drivers\STM32L4xx_HAL_Driver\Src\stm32l4xx_hal_gpio.o
LOAD Drivers\STM32L4xx_HAL_Driver\Src\stm32l4xx_hal_hash.o
LOAD Drivers\STM32L4xx_HAL_Driver\Src\stm32l4xx_hal_hash_ex.o
LOAD Drivers\STM32L4xx_HAL_Driver\Src\stm32l4xx_hal_hcd.o
LOAD Drivers\STM32L4xx_HAL_Driver\Src\stm32l4xx_hal_i2c.o
LOAD Drivers\STM32L4xx_HAL_Driver\Src\stm32l4xx_hal_i2c_ex.o
LOAD Drivers\STM32L4xx_HAL_Driver\Src\stm32l4xx_hal_irda.o
LOAD Drivers\STM32L4xx_HAL_Driver\Src\stm32l4xx_hal_iwdg.o
LOAD Drivers\STM32L4xx_HAL_Driver\Src\stm32l4xx_hal_lcd.o
LOAD Drivers\STM32L4xx_HAL_Driver\Src\stm32l4xx_hal_lptim.o
LOAD Drivers\STM32L4xx_HAL_Driver\Src\stm32l4xx_hal_ltdc.o
LOAD Drivers\STM32L4xx_HAL_Driver\Src\stm32l4xx_hal_ltdc_ex.o
LOAD Drivers\STM32L4xx_HAL_Driver\Src\stm32l4xx_hal_msp_template.o
LOAD Drivers\STM32L4xx_HAL_Driver\Src\stm32l4xx_hal_nand.o
LOAD Drivers\STM32L4xx_HAL_Driver\Src\stm32l4xx_hal_nor.o
LOAD Drivers\STM32L4xx_HAL_Driver\Src\stm32l4xx_hal_opamp.o
LOAD Drivers\STM32L4xx_HAL_Driver\Src\stm32l4xx_hal_opamp_ex.o
LOAD Drivers\STM32L4xx_HAL_Driver\Src\stm32l4xx_hal_ospi.o
LOAD Drivers\STM32L4xx_HAL_Driver\Src\stm32l4xx_hal_pcd.o
LOAD Drivers\STM32L4xx_HAL_Driver\Src\stm32l4xx_hal_pcd_ex.o
LOAD Drivers\STM32L4xx_HAL_Driver\Src\stm32l4xx_hal_pwr.o
LOAD Drivers\STM32L4xx_HAL_Driver\Src\stm32l4xx_hal_pwr_ex.o
LOAD Drivers\STM32L4xx_HAL_Driver\Src\stm32l4xx_hal_qspi.o
LOAD Drivers\STM32L4xx_HAL_Driver\Src\stm32l4xx_hal_rcc.o
LOAD Drivers\STM32L4xx_HAL_Driver\Src\stm32l4xx_hal_rcc_ex.o
LOAD Drivers\STM32L4xx_HAL_Driver\Src\stm32l4xx_hal_rng.o
LOAD Drivers\STM32L4xx_HAL_Driver\Src\stm32l4xx_hal_rtc.o
LOAD Drivers\STM32L4xx_HAL_Driver\Src\stm32l4xx_hal_rtc_ex.o
LOAD Drivers\STM32L4xx_HAL_Driver\Src\stm32l4xx_hal_sai.o
LOAD Drivers\STM32L4xx_HAL_Driver\Src\stm32l4xx_hal_sai_ex.o
LOAD Drivers\STM32L4xx_HAL_Driver\Src\stm32l4xx_hal_sd.o
LOAD Drivers\STM32L4xx_HAL_Driver\Src\stm32l4xx_hal_sd_ex.o
LOAD Drivers\STM32L4xx_HAL_Driver\Src\stm32l4xx_hal_smartcard.o
LOAD Drivers\STM32L4xx_HAL_Driver\Src\stm32l4xx_hal_smartcard_ex.o
LOAD Drivers\STM32L4xx_HAL_Driver\Src\stm32l4xx_hal_smbus.o
LOAD Drivers\STM32L4xx_HAL_Driver\Src\stm32l4xx_hal_spi.o
LOAD Drivers\STM32L4xx_HAL_Driver\Src\stm32l4xx_hal_spi_ex.o
LOAD Drivers\STM32L4xx_HAL_Driver\Src\stm32l4xx_hal_sram.o
LOAD Drivers\STM32L4xx_HAL_Driver\Src\stm32l4xx_hal_swpmi.o
LOAD Drivers\STM32L4xx_HAL_Driver\Src\stm32l4xx_hal_tim.o
LOAD Drivers\STM32L4xx_HAL_Driver\Src\stm32l4xx_hal_tim_ex.o
LOAD Drivers\STM32L4xx_HAL_Driver\Src\stm32l4xx_hal_timebase_tim_template.o
LOAD Drivers\STM32L4xx_HAL_Driver\Src\stm32l4xx_hal_tsc.o
LOAD Drivers\STM32L4xx_HAL_Driver\Src\stm32l4xx_hal_uart.o
LOAD Drivers\STM32L4xx_HAL_Driver\Src\stm32l4xx_hal_uart_ex.o
LOAD Drivers\STM32L4xx_HAL_Driver\Src\stm32l4xx_hal_usart.o
LOAD Drivers\STM32L4xx_HAL_Driver\Src\stm32l4xx_hal_usart_ex.o
LOAD Drivers\STM32L4xx_HAL_Driver\Src\stm32l4xx_hal_wwdg.o
LOAD Drivers\STM32L4xx_HAL_Driver\Src\stm32l4xx_ll_adc.o
LOAD Drivers\STM32L4xx_HAL_Driver\Src\stm32l4xx_ll_comp.o
LOAD Drivers\STM32L4xx_HAL_Driver\Src\stm32l4xx_ll_crc.o
LOAD Drivers\STM32L4xx_HAL_Driver\Src\stm32l4xx_ll_crs.o
LOAD Drivers\STM32L4xx_HAL_Driver\Src\stm32l4xx_ll_dac.o
LOAD Drivers\STM32L4xx_HAL_Driver\Src\stm32l4xx_ll_dma.o
LOAD Drivers\STM32L4xx_HAL_Driver\Src\stm32l4xx_ll_dma2d.o
LOAD Drivers\STM32L4xx_HAL_Driver\Src\stm32l4xx_ll_exti.o
LOAD Drivers\STM32L4xx_HAL_Driver\Src\stm32l4xx_ll_fmc.o
LOAD Drivers\STM32L4xx_HAL_Driver\Src\stm32l4xx_ll_gpio.o
LOAD Drivers\STM32L4xx_HAL_Driver\Src\stm32l4xx_ll_i2c.o
LOAD Drivers\STM32L4xx_HAL_Driver\Src\stm32l4xx_ll_lptim.o
LOAD Drivers\STM32L4xx_HAL_Driver\Src\stm32l4xx_ll_lpuart.o
LOAD Drivers\STM32L4xx_HAL_Driver\Src\stm32l4xx_ll_opamp.o
LOAD Drivers\STM32L4xx_HAL_Driver\Src\stm32l4xx_ll_pwr.o
LOAD Drivers\STM32L4xx_HAL_Driver\Src\stm32l4xx_ll_rcc.o
LOAD Drivers\STM32L4xx_HAL_Driver\Src\stm32l4xx_ll_rng.o
LOAD Drivers\STM32L4xx_HAL_Driver\Src\stm32l4xx_ll_rtc.o
LOAD Drivers\STM32L4xx_HAL_Driver\Src\stm32l4xx_ll_sdmmc.o
LOAD Drivers\STM32L4xx_HAL_Driver\Src\stm32l4xx_ll_spi.o
LOAD Drivers\STM32L4xx_HAL_Driver\Src\stm32l4xx_ll_swpmi.o
LOAD Drivers\STM32L4xx_HAL_Driver\Src\stm32l4xx_ll_tim.o
LOAD Drivers\STM32L4xx_HAL_Driver\Src\stm32l4xx_ll_usart.o
LOAD Drivers\STM32L4xx_HAL_Driver\Src\stm32l4xx_ll_usb.o
LOAD Drivers\STM32L4xx_HAL_Driver\Src\stm32l4xx_ll_utils.o
LOAD src\Periph_Init.o
LOAD src\TomLib_I2C.o
LOAD src\TomLib_NRF24L01.o
LOAD src\TomLib_SPI.o
LOAD src\TomLib_SYS.o
LOAD src\TomLib_USART.o
LOAD src\main.o
LOAD src\stm32l4xx_it.o
LOAD src\syscalls.o
LOAD src\system_stm32l4xx.o
LOAD startup\startup_stm32l433xx.o
                0x00000080                malloc_getpagesize_P = 0x80
START GROUP
LOAD d:/program files (x86)/truestudio for stm32 9.0.0/armtools/bin/../lib/gcc/arm-atollic-eabi/6.3.1/../../../../arm-atollic-eabi/lib/armv7e-m/fpu\libc.a
LOAD d:/program files (x86)/truestudio for stm32 9.0.0/armtools/bin/../lib/gcc/arm-atollic-eabi/6.3.1/../../../../arm-atollic-eabi/lib/armv7e-m/fpu\libm.a
END GROUP
START GROUP
LOAD d:/program files (x86)/truestudio for stm32 9.0.0/armtools/bin/../lib/gcc/arm-atollic-eabi/6.3.1/armv7e-m/fpu\libgcc.a
LOAD d:/program files (x86)/truestudio for stm32 9.0.0/armtools/bin/../lib/gcc/arm-atollic-eabi/6.3.1/../../../../arm-atollic-eabi/lib/armv7e-m/fpu\libc.a
END GROUP
START GROUP
LOAD d:/program files (x86)/truestudio for stm32 9.0.0/armtools/bin/../lib/gcc/arm-atollic-eabi/6.3.1/armv7e-m/fpu\libgcc.a
LOAD d:/program files (x86)/truestudio for stm32 9.0.0/armtools/bin/../lib/gcc/arm-atollic-eabi/6.3.1/../../../../arm-atollic-eabi/lib/armv7e-m/fpu\libc.a
LOAD d:/program files (x86)/truestudio for stm32 9.0.0/armtools/bin/../lib/gcc/arm-atollic-eabi/6.3.1/../../../../arm-atollic-eabi/lib/armv7e-m/fpu\libnosys.a
END GROUP
LOAD d:/program files (x86)/truestudio for stm32 9.0.0/armtools/bin/../lib/gcc/arm-atollic-eabi/6.3.1/armv7e-m/fpu/crtend.o
LOAD d:/program files (x86)/truestudio for stm32 9.0.0/armtools/bin/../lib/gcc/arm-atollic-eabi/6.3.1/armv7e-m/fpu/crtn.o
                0x2000c000                _estack = 0x2000c000
                0x00000000                _Min_Heap_Size = 0x0
                0x00000200                _Min_Stack_Size = 0x200

.isr_vector     0x08000000      0x18c
                0x08000000                . = ALIGN (0x4)
 *(.isr_vector)
 .isr_vector    0x08000000      0x18c startup\startup_stm32l433xx.o
                0x08000000                g_pfnVectors
                0x0800018c                . = ALIGN (0x4)

.text           0x0800018c     0x16ac
                0x0800018c                . = ALIGN (0x4)
 *(.text)
 .text          0x0800018c       0x40 d:/program files (x86)/truestudio for stm32 9.0.0/armtools/bin/../lib/gcc/arm-atollic-eabi/6.3.1/armv7e-m/fpu/crtbegin.o
 *(.text*)
 .text.HAL_IncTick
                0x080001cc       0x1c Drivers\STM32L4xx_HAL_Driver\Src\stm32l4xx_hal.o
                0x080001cc                HAL_IncTick
 .text.HAL_TIM_IRQHandler
                0x080001e8      0x210 Drivers\STM32L4xx_HAL_Driver\Src\stm32l4xx_hal_tim.o
                0x080001e8                HAL_TIM_IRQHandler
 .text.HAL_TIM_OC_DelayElapsedCallback
                0x080003f8       0x14 Drivers\STM32L4xx_HAL_Driver\Src\stm32l4xx_hal_tim.o
                0x080003f8                HAL_TIM_OC_DelayElapsedCallback
 .text.HAL_TIM_IC_CaptureCallback
                0x0800040c       0x14 Drivers\STM32L4xx_HAL_Driver\Src\stm32l4xx_hal_tim.o
                0x0800040c                HAL_TIM_IC_CaptureCallback
 .text.HAL_TIM_PWM_PulseFinishedCallback
                0x08000420       0x14 Drivers\STM32L4xx_HAL_Driver\Src\stm32l4xx_hal_tim.o
                0x08000420                HAL_TIM_PWM_PulseFinishedCallback
 .text.HAL_TIM_TriggerCallback
                0x08000434       0x14 Drivers\STM32L4xx_HAL_Driver\Src\stm32l4xx_hal_tim.o
                0x08000434                HAL_TIM_TriggerCallback
 .text.HAL_TIMEx_CommutationCallback
                0x08000448       0x14 Drivers\STM32L4xx_HAL_Driver\Src\stm32l4xx_hal_tim_ex.o
                0x08000448                HAL_TIMEx_CommutationCallback
 .text.HAL_TIMEx_BreakCallback
                0x0800045c       0x14 Drivers\STM32L4xx_HAL_Driver\Src\stm32l4xx_hal_tim_ex.o
                0x0800045c                HAL_TIMEx_BreakCallback
 .text.HAL_TIM_PeriodElapsedCallback
                0x08000470       0x14 Drivers\STM32L4xx_HAL_Driver\Src\stm32l4xx_hal_timebase_tim_template.o
                0x08000470                HAL_TIM_PeriodElapsedCallback
 .text.TIM6_DAC_IRQHandler
                0x08000484       0x14 Drivers\STM32L4xx_HAL_Driver\Src\stm32l4xx_hal_timebase_tim_template.o
                0x08000484                TIM6_DAC_IRQHandler
 .text.LL_I2C_Enable
                0x08000498       0x20 Drivers\STM32L4xx_HAL_Driver\Src\stm32l4xx_ll_i2c.o
 .text.LL_I2C_Disable
                0x080004b8       0x20 Drivers\STM32L4xx_HAL_Driver\Src\stm32l4xx_ll_i2c.o
 .text.LL_I2C_ConfigFilters
                0x080004d8       0x2e Drivers\STM32L4xx_HAL_Driver\Src\stm32l4xx_ll_i2c.o
 .text.LL_I2C_SetOwnAddress1
                0x08000506       0x30 Drivers\STM32L4xx_HAL_Driver\Src\stm32l4xx_ll_i2c.o
 .text.LL_I2C_EnableOwnAddress1
                0x08000536       0x20 Drivers\STM32L4xx_HAL_Driver\Src\stm32l4xx_ll_i2c.o
 .text.LL_I2C_DisableOwnAddress1
                0x08000556       0x20 Drivers\STM32L4xx_HAL_Driver\Src\stm32l4xx_ll_i2c.o
 .text.LL_I2C_SetTiming
                0x08000576       0x1c Drivers\STM32L4xx_HAL_Driver\Src\stm32l4xx_ll_i2c.o
 .text.LL_I2C_SetMode
                0x08000592       0x26 Drivers\STM32L4xx_HAL_Driver\Src\stm32l4xx_ll_i2c.o
 .text.LL_I2C_AcknowledgeNextData
                0x080005b8       0x26 Drivers\STM32L4xx_HAL_Driver\Src\stm32l4xx_ll_i2c.o
 .text.LL_I2C_Init
                0x080005de       0x78 Drivers\STM32L4xx_HAL_Driver\Src\stm32l4xx_ll_i2c.o
                0x080005de                LL_I2C_Init
 *fill*         0x08000656        0x2 
 .text.LL_RCC_HSI_IsReady
                0x08000658       0x28 Drivers\STM32L4xx_HAL_Driver\Src\stm32l4xx_ll_rcc.o
 .text.LL_RCC_LSE_IsReady
                0x08000680       0x28 Drivers\STM32L4xx_HAL_Driver\Src\stm32l4xx_ll_rcc.o
 .text.LL_RCC_MSI_IsEnabledRangeSelect
                0x080006a8       0x24 Drivers\STM32L4xx_HAL_Driver\Src\stm32l4xx_ll_rcc.o
 .text.LL_RCC_MSI_GetRange
                0x080006cc       0x1c Drivers\STM32L4xx_HAL_Driver\Src\stm32l4xx_ll_rcc.o
 .text.LL_RCC_MSI_GetRangeAfterStandby
                0x080006e8       0x1c Drivers\STM32L4xx_HAL_Driver\Src\stm32l4xx_ll_rcc.o
 .text.LL_RCC_GetSysClkSource
                0x08000704       0x1c Drivers\STM32L4xx_HAL_Driver\Src\stm32l4xx_ll_rcc.o
 .text.LL_RCC_GetAHBPrescaler
                0x08000720       0x1c Drivers\STM32L4xx_HAL_Driver\Src\stm32l4xx_ll_rcc.o
 .text.LL_RCC_GetAPB1Prescaler
                0x0800073c       0x1c Drivers\STM32L4xx_HAL_Driver\Src\stm32l4xx_ll_rcc.o
 .text.LL_RCC_GetAPB2Prescaler
                0x08000758       0x1c Drivers\STM32L4xx_HAL_Driver\Src\stm32l4xx_ll_rcc.o
 .text.LL_RCC_GetUSARTClockSource
                0x08000774       0x28 Drivers\STM32L4xx_HAL_Driver\Src\stm32l4xx_ll_rcc.o
 .text.LL_RCC_PLL_GetN
                0x0800079c       0x1c Drivers\STM32L4xx_HAL_Driver\Src\stm32l4xx_ll_rcc.o
 .text.LL_RCC_PLL_GetR
                0x080007b8       0x1c Drivers\STM32L4xx_HAL_Driver\Src\stm32l4xx_ll_rcc.o
 .text.LL_RCC_PLL_GetMainSource
                0x080007d4       0x1c Drivers\STM32L4xx_HAL_Driver\Src\stm32l4xx_ll_rcc.o
 .text.LL_RCC_PLL_GetDivider
                0x080007f0       0x1c Drivers\STM32L4xx_HAL_Driver\Src\stm32l4xx_ll_rcc.o
 .text.LL_RCC_GetUSARTClockFreq
                0x0800080c      0x174 Drivers\STM32L4xx_HAL_Driver\Src\stm32l4xx_ll_rcc.o
                0x0800080c                LL_RCC_GetUSARTClockFreq
 .text.RCC_GetSystemClockFreq
                0x08000980      0x124 Drivers\STM32L4xx_HAL_Driver\Src\stm32l4xx_ll_rcc.o
                0x08000980                RCC_GetSystemClockFreq
 .text.RCC_GetHCLKClockFreq
                0x08000aa4       0x2c Drivers\STM32L4xx_HAL_Driver\Src\stm32l4xx_ll_rcc.o
                0x08000aa4                RCC_GetHCLKClockFreq
 .text.RCC_GetPCLK1ClockFreq
                0x08000ad0       0x28 Drivers\STM32L4xx_HAL_Driver\Src\stm32l4xx_ll_rcc.o
                0x08000ad0                RCC_GetPCLK1ClockFreq
 .text.RCC_GetPCLK2ClockFreq
                0x08000af8       0x28 Drivers\STM32L4xx_HAL_Driver\Src\stm32l4xx_ll_rcc.o
                0x08000af8                RCC_GetPCLK2ClockFreq
 .text.RCC_PLL_GetFreqDomain_SYS
                0x08000b20      0x114 Drivers\STM32L4xx_HAL_Driver\Src\stm32l4xx_ll_rcc.o
                0x08000b20                RCC_PLL_GetFreqDomain_SYS
 .text.LL_SPI_IsEnabled
                0x08000c34       0x26 Drivers\STM32L4xx_HAL_Driver\Src\stm32l4xx_ll_spi.o
 .text.LL_SPI_SetCRCPolynomial
                0x08000c5a       0x20 Drivers\STM32L4xx_HAL_Driver\Src\stm32l4xx_ll_spi.o
 .text.LL_SPI_Init
                0x08000c7a       0x9c Drivers\STM32L4xx_HAL_Driver\Src\stm32l4xx_ll_spi.o
                0x08000c7a                LL_SPI_Init
 .text.LL_USART_IsEnabled
                0x08000d16       0x26 Drivers\STM32L4xx_HAL_Driver\Src\stm32l4xx_ll_usart.o
 .text.LL_USART_SetStopBitsLength
                0x08000d3c       0x26 Drivers\STM32L4xx_HAL_Driver\Src\stm32l4xx_ll_usart.o
 .text.LL_USART_SetHWFlowCtrl
                0x08000d62       0x26 Drivers\STM32L4xx_HAL_Driver\Src\stm32l4xx_ll_usart.o
 .text.LL_USART_SetBaudRate
                0x08000d88       0x64 Drivers\STM32L4xx_HAL_Driver\Src\stm32l4xx_ll_usart.o
 .text.LL_USART_Init
                0x08000dec       0xcc Drivers\STM32L4xx_HAL_Driver\Src\stm32l4xx_ll_usart.o
                0x08000dec                LL_USART_Init
 .text.NVIC_GetPriorityGrouping
                0x08000eb8       0x1c src\Periph_Init.o
 .text.NVIC_SetPriority
                0x08000ed4       0x54 src\Periph_Init.o
 .text.NVIC_EncodePriority
                0x08000f28       0x62 src\Periph_Init.o
 *fill*         0x08000f8a        0x2 
 .text.SysTick_Config
                0x08000f8c       0x44 src\Periph_Init.o
 .text.LL_APB1_GRP1_EnableClock
                0x08000fd0       0x30 src\Periph_Init.o
 .text.LL_APB2_GRP1_EnableClock
                0x08001000       0x30 src\Periph_Init.o
 .text.LL_SYSTICK_SetClkSource
                0x08001030       0x38 src\Periph_Init.o
 .text.LL_SYSTICK_DisableIT
                0x08001068       0x20 src\Periph_Init.o
 .text.LL_RCC_HSE_EnableBypass
                0x08001088       0x20 src\Periph_Init.o
 .text.LL_RCC_HSE_Enable
                0x080010a8       0x20 src\Periph_Init.o
 .text.LL_RCC_HSE_IsReady
                0x080010c8       0x28 src\Periph_Init.o
 .text.LL_RCC_SetSysClkSource
                0x080010f0       0x28 src\Periph_Init.o
 .text.LL_RCC_GetSysClkSource
                0x08001118       0x1c src\Periph_Init.o
 .text.LL_RCC_SetAHBPrescaler
                0x08001134       0x28 src\Periph_Init.o
 .text.LL_RCC_SetAPB1Prescaler
                0x0800115c       0x28 src\Periph_Init.o
 .text.LL_RCC_SetAPB2Prescaler
                0x08001184       0x28 src\Periph_Init.o
 .text.LL_RCC_ConfigMCO
                0x080011ac       0x30 src\Periph_Init.o
 .text.LL_RCC_SetI2CClockSource
                0x080011dc       0x4c src\Periph_Init.o
 .text.LL_RCC_PLL_Enable
                0x08001228       0x20 src\Periph_Init.o
 .text.LL_RCC_PLL_IsReady
                0x08001248       0x28 src\Periph_Init.o
 .text.LL_RCC_PLL_ConfigDomain_SYS
                0x08001270       0x40 src\Periph_Init.o
 .text.LL_RCC_PLL_EnableDomain_SYS
                0x080012b0       0x20 src\Periph_Init.o
 .text.LL_SPI_Enable
                0x080012d0       0x20 src\Periph_Init.o
 .text.LL_SPI_SetRxFIFOThreshold
                0x080012f0       0x26 src\Periph_Init.o
 .text.LL_I2C_Enable
                0x08001316       0x20 src\Periph_Init.o
 .text.LL_I2C_Disable
                0x08001336       0x20 src\Periph_Init.o
 .text.LL_USART_Enable
                0x08001356       0x20 src\Periph_Init.o
 .text.LL_USART_DisableSCLKOutput
                0x08001376       0x20 src\Periph_Init.o
 *fill*         0x08001396        0x2 
 .text.SystemClock_Config
                0x08001398       0xc8 src\Periph_Init.o
                0x08001398                SystemClock_Config
 .text.SPI2_Init
                0x08001460       0x64 src\Periph_Init.o
                0x08001460                SPI2_Init
 .text.USART2_Init
                0x080014c4       0x50 src\Periph_Init.o
                0x080014c4                USART2_Init
 .text.I2C2_Init
                0x08001514       0x54 src\Periph_Init.o
                0x08001514                I2C2_Init
 .text.main     0x08001568       0x16 src\main.o
                0x08001568                main
 *fill*         0x0800157e        0x2 
 .text.SysTick_Handler
                0x08001580       0x24 src\stm32l4xx_it.o
                0x08001580                SysTick_Handler
 .text.SystemInit
                0x080015a4       0x6c src\system_stm32l4xx.o
                0x080015a4                SystemInit
 .text.SystemCoreClockUpdate
                0x08001610      0x174 src\system_stm32l4xx.o
                0x08001610                SystemCoreClockUpdate
 .text.Reset_Handler
                0x08001784       0x50 startup\startup_stm32l433xx.o
                0x08001784                Reset_Handler
 .text.Default_Handler
                0x080017d4        0x2 startup\startup_stm32l433xx.o
                0x080017d4                RTC_Alarm_IRQHandler
                0x080017d4                EXTI2_IRQHandler
                0x080017d4                DebugMon_Handler
                0x080017d4                TIM1_CC_IRQHandler
                0x080017d4                TSC_IRQHandler
                0x080017d4                HardFault_Handler
                0x080017d4                TAMP_STAMP_IRQHandler
                0x080017d4                PendSV_Handler
                0x080017d4                NMI_Handler
                0x080017d4                EXTI3_IRQHandler
                0x080017d4                LPTIM2_IRQHandler
                0x080017d4                I2C3_ER_IRQHandler
                0x080017d4                EXTI0_IRQHandler
                0x080017d4                I2C2_EV_IRQHandler
                0x080017d4                CAN1_RX0_IRQHandler
                0x080017d4                FPU_IRQHandler
                0x080017d4                TIM1_UP_TIM16_IRQHandler
                0x080017d4                UsageFault_Handler
                0x080017d4                SPI1_IRQHandler
                0x080017d4                DMA2_Channel2_IRQHandler
                0x080017d4                DMA1_Channel4_IRQHandler
                0x080017d4                ADC1_IRQHandler
                0x080017d4                USART3_IRQHandler
                0x080017d4                DMA1_Channel7_IRQHandler
                0x080017d4                CAN1_RX1_IRQHandler
                0x080017d4                LCD_IRQHandler
                0x080017d4                DMA2_Channel1_IRQHandler
                0x080017d4                QUADSPI_IRQHandler
                0x080017d4                I2C1_EV_IRQHandler
                0x080017d4                DMA1_Channel6_IRQHandler
                0x080017d4                DMA2_Channel4_IRQHandler
                0x080017d4                RCC_IRQHandler
                0x080017d4                TIM1_TRG_COM_IRQHandler
                0x080017d4                DMA1_Channel1_IRQHandler
                0x080017d4                Default_Handler
                0x080017d4                DMA2_Channel7_IRQHandler
                0x080017d4                EXTI15_10_IRQHandler
                0x080017d4                TIM7_IRQHandler
                0x080017d4                SDMMC1_IRQHandler
                0x080017d4                I2C3_EV_IRQHandler
                0x080017d4                USB_IRQHandler
                0x080017d4                EXTI9_5_IRQHandler
                0x080017d4                RTC_WKUP_IRQHandler
                0x080017d4                PVD_PVM_IRQHandler
                0x080017d4                SPI2_IRQHandler
                0x080017d4                MemManage_Handler
                0x080017d4                CAN1_TX_IRQHandler
                0x080017d4                SVC_Handler
                0x080017d4                DMA2_Channel5_IRQHandler
                0x080017d4                CRS_IRQHandler
                0x080017d4                DMA1_Channel5_IRQHandler
                0x080017d4                EXTI4_IRQHandler
                0x080017d4                RNG_IRQHandler
                0x080017d4                DMA1_Channel3_IRQHandler
                0x080017d4                COMP_IRQHandler
                0x080017d4                WWDG_IRQHandler
                0x080017d4                LPUART1_IRQHandler
                0x080017d4                DMA2_Channel6_IRQHandler
                0x080017d4                TIM2_IRQHandler
                0x080017d4                EXTI1_IRQHandler
                0x080017d4                USART2_IRQHandler
                0x080017d4                I2C2_ER_IRQHandler
                0x080017d4                DMA1_Channel2_IRQHandler
                0x080017d4                CAN1_SCE_IRQHandler
                0x080017d4                FLASH_IRQHandler
                0x080017d4                BusFault_Handler
                0x080017d4                USART1_IRQHandler
                0x080017d4                SPI3_IRQHandler
                0x080017d4                I2C1_ER_IRQHandler
                0x080017d4                SWPMI1_IRQHandler
                0x080017d4                LPTIM1_IRQHandler
                0x080017d4                SAI1_IRQHandler
                0x080017d4                DMA2_Channel3_IRQHandler
                0x080017d4                TIM1_BRK_TIM15_IRQHandler
 *fill*         0x080017d6        0x2 
 .text.__libc_init_array
                0x080017d8       0x48 d:/program files (x86)/truestudio for stm32 9.0.0/armtools/bin/../lib/gcc/arm-atollic-eabi/6.3.1/../../../../arm-atollic-eabi/lib/armv7e-m/fpu\libc.a(lib_a-init.o)
                0x080017d8                __libc_init_array
 *(.glue_7)
 .glue_7        0x08001820        0x0 linker stubs
 *(.glue_7t)
 .glue_7t       0x08001820        0x0 linker stubs
 *(.eh_frame)
 .eh_frame      0x08001820        0x0 d:/program files (x86)/truestudio for stm32 9.0.0/armtools/bin/../lib/gcc/arm-atollic-eabi/6.3.1/armv7e-m/fpu/crtbegin.o
 *(.init)
 .init          0x08001820        0x4 d:/program files (x86)/truestudio for stm32 9.0.0/armtools/bin/../lib/gcc/arm-atollic-eabi/6.3.1/armv7e-m/fpu/crti.o
                0x08001820                _init
 .init          0x08001824        0x8 d:/program files (x86)/truestudio for stm32 9.0.0/armtools/bin/../lib/gcc/arm-atollic-eabi/6.3.1/armv7e-m/fpu/crtn.o
 *(.fini)
 .fini          0x0800182c        0x4 d:/program files (x86)/truestudio for stm32 9.0.0/armtools/bin/../lib/gcc/arm-atollic-eabi/6.3.1/armv7e-m/fpu/crti.o
                0x0800182c                _fini
 .fini          0x08001830        0x8 d:/program files (x86)/truestudio for stm32 9.0.0/armtools/bin/../lib/gcc/arm-atollic-eabi/6.3.1/armv7e-m/fpu/crtn.o
                0x08001838                . = ALIGN (0x4)
                0x08001838                _etext = .

.vfp11_veneer   0x08001838        0x0
 .vfp11_veneer  0x08001838        0x0 linker stubs

.v4_bx          0x08001838        0x0
 .v4_bx         0x08001838        0x0 linker stubs

.iplt           0x08001838        0x0
 .iplt          0x08001838        0x0 d:/program files (x86)/truestudio for stm32 9.0.0/armtools/bin/../lib/gcc/arm-atollic-eabi/6.3.1/armv7e-m/fpu/crtbegin.o

.rodata         0x08001838       0x48
                0x08001838                . = ALIGN (0x4)
 *(.rodata)
 *(.rodata*)
 .rodata.AHBPrescTable
                0x08001838       0x10 src\system_stm32l4xx.o
                0x08001838                AHBPrescTable
 .rodata.APBPrescTable
                0x08001848        0x8 src\system_stm32l4xx.o
                0x08001848                APBPrescTable
 .rodata.MSIRangeTable
                0x08001850       0x30 src\system_stm32l4xx.o
                0x08001850                MSIRangeTable
                0x08001880                . = ALIGN (0x4)

.rel.dyn        0x08001880        0x0
 .rel.iplt      0x08001880        0x0 d:/program files (x86)/truestudio for stm32 9.0.0/armtools/bin/../lib/gcc/arm-atollic-eabi/6.3.1/armv7e-m/fpu/crtbegin.o

.ARM.extab
 *(.ARM.extab* .gnu.linkonce.armextab.*)

.ARM            0x08001880        0x0
                0x08001880                __exidx_start = .
 *(.ARM.exidx*)
                0x08001880                __exidx_end = .

.preinit_array  0x08001880        0x0
                0x08001880                PROVIDE (__preinit_array_start, .)
 *(.preinit_array*)
                0x08001880                PROVIDE (__preinit_array_end, .)

.init_array     0x08001880        0x4
                0x08001880                PROVIDE (__init_array_start, .)
 *(SORT(.init_array.*))
 *(.init_array*)
 .init_array    0x08001880        0x4 d:/program files (x86)/truestudio for stm32 9.0.0/armtools/bin/../lib/gcc/arm-atollic-eabi/6.3.1/armv7e-m/fpu/crtbegin.o
                0x08001884                PROVIDE (__init_array_end, .)

.fini_array     0x08001884        0x4
                [!provide]                PROVIDE (__fini_array_start, .)
 *(SORT(.fini_array.*))
 *(.fini_array*)
 .fini_array    0x08001884        0x4 d:/program files (x86)/truestudio for stm32 9.0.0/armtools/bin/../lib/gcc/arm-atollic-eabi/6.3.1/armv7e-m/fpu/crtbegin.o
                [!provide]                PROVIDE (__fini_array_end, .)
                0x08001888                _sidata = LOADADDR (.data)

.data           0x20000000        0x4 load address 0x08001888
                0x20000000                . = ALIGN (0x4)
                0x20000000                _sdata = .
 *(.data)
 *(.data*)
 .data.SystemCoreClock
                0x20000000        0x4 src\system_stm32l4xx.o
                0x20000000                SystemCoreClock
                0x20000004                . = ALIGN (0x4)
                0x20000004                _edata = .
                0x0800188c                _siram2 = LOADADDR (.ram2)

.igot.plt       0x20000004        0x0 load address 0x0800188c
 .igot.plt      0x20000004        0x0 d:/program files (x86)/truestudio for stm32 9.0.0/armtools/bin/../lib/gcc/arm-atollic-eabi/6.3.1/armv7e-m/fpu/crtbegin.o

.ram2           0x10000000        0x0 load address 0x0800188c
                0x10000000                . = ALIGN (0x4)
                0x10000000                _sram2 = .
 *(.ram2)
 *(.ram2*)
                0x10000000                . = ALIGN (0x4)
                0x10000000                _eram2 = .
                0x10000000                . = ALIGN (0x4)

.bss            0x20000004       0x64
                0x20000004                _sbss = .
                0x20000004                __bss_start__ = _sbss
 *(.bss)
 .bss           0x20000004       0x1c d:/program files (x86)/truestudio for stm32 9.0.0/armtools/bin/../lib/gcc/arm-atollic-eabi/6.3.1/armv7e-m/fpu/crtbegin.o
 *(.bss*)
 *(COMMON)
 COMMON         0x20000020        0x4 Drivers\STM32L4xx_HAL_Driver\Src\stm32l4xx_hal.o
                0x20000020                uwTick
 COMMON         0x20000024       0x40 Drivers\STM32L4xx_HAL_Driver\Src\stm32l4xx_hal_timebase_tim_template.o
                0x20000024                TimHandle
 COMMON         0x20000064        0x4 src\stm32l4xx_it.o
                0x20000064                TimmingDelay
                0x20000068                . = ALIGN (0x4)
                0x20000068                _ebss = .
                0x20000068                __bss_end__ = _ebss

._user_heap_stack
                0x20000068      0x200
                0x20000068                . = ALIGN (0x4)
                0x20000068                PROVIDE (end, .)
                [!provide]                PROVIDE (_end, .)
                0x20000068                . = (. + _Min_Heap_Size)
                0x20000268                . = (. + _Min_Stack_Size)
 *fill*         0x20000068      0x200 
                0x20000268                . = ALIGN (0x4)

.memory_b1_text
 *(.mb1text)
 *(.mb1text*)
 *(.mb1rodata)
 *(.mb1rodata*)

/DISCARD/
 libc.a(*)
 libm.a(*)
 libgcc.a(*)

.ARM.attributes
                0x00000000       0x30
 *(.ARM.attributes)
 .ARM.attributes
                0x00000000       0x22 d:/program files (x86)/truestudio for stm32 9.0.0/armtools/bin/../lib/gcc/arm-atollic-eabi/6.3.1/armv7e-m/fpu/crti.o
 .ARM.attributes
                0x00000022       0x34 d:/program files (x86)/truestudio for stm32 9.0.0/armtools/bin/../lib/gcc/arm-atollic-eabi/6.3.1/armv7e-m/fpu/crtbegin.o
 .ARM.attributes
                0x00000056       0x39 Drivers\STM32L4xx_HAL_Driver\Src\stm32l4xx_hal.o
 .ARM.attributes
                0x0000008f       0x39 Drivers\STM32L4xx_HAL_Driver\Src\stm32l4xx_hal_tim.o
 .ARM.attributes
                0x000000c8       0x39 Drivers\STM32L4xx_HAL_Driver\Src\stm32l4xx_hal_tim_ex.o
 .ARM.attributes
                0x00000101       0x39 Drivers\STM32L4xx_HAL_Driver\Src\stm32l4xx_hal_timebase_tim_template.o
 .ARM.attributes
                0x0000013a       0x39 Drivers\STM32L4xx_HAL_Driver\Src\stm32l4xx_ll_i2c.o
 .ARM.attributes
                0x00000173       0x39 Drivers\STM32L4xx_HAL_Driver\Src\stm32l4xx_ll_rcc.o
 .ARM.attributes
                0x000001ac       0x39 Drivers\STM32L4xx_HAL_Driver\Src\stm32l4xx_ll_spi.o
 .ARM.attributes
                0x000001e5       0x39 Drivers\STM32L4xx_HAL_Driver\Src\stm32l4xx_ll_usart.o
 .ARM.attributes
                0x0000021e       0x39 src\Periph_Init.o
 .ARM.attributes
                0x00000257       0x39 src\main.o
 .ARM.attributes
                0x00000290       0x39 src\stm32l4xx_it.o
 .ARM.attributes
                0x000002c9       0x39 src\system_stm32l4xx.o
 .ARM.attributes
                0x00000302       0x21 startup\startup_stm32l433xx.o
 .ARM.attributes
                0x00000323       0x34 d:/program files (x86)/truestudio for stm32 9.0.0/armtools/bin/../lib/gcc/arm-atollic-eabi/6.3.1/../../../../arm-atollic-eabi/lib/armv7e-m/fpu\libc.a(lib_a-init.o)
 .ARM.attributes
                0x00000357       0x22 d:/program files (x86)/truestudio for stm32 9.0.0/armtools/bin/../lib/gcc/arm-atollic-eabi/6.3.1/armv7e-m/fpu/crtn.o
OUTPUT(Storm_Buster.elf elf32-littlearm)

.debug_info     0x00000000     0xeb21
 .debug_info    0x00000000     0x121d Drivers\STM32L4xx_HAL_Driver\Src\stm32l4xx_hal.o
 .debug_info    0x0000121d     0x2b32 Drivers\STM32L4xx_HAL_Driver\Src\stm32l4xx_hal_tim.o
 .debug_info    0x00003d4f     0x19e1 Drivers\STM32L4xx_HAL_Driver\Src\stm32l4xx_hal_tim_ex.o
 .debug_info    0x00005730     0x1397 Drivers\STM32L4xx_HAL_Driver\Src\stm32l4xx_hal_timebase_tim_template.o
 .debug_info    0x00006ac7      0xf56 Drivers\STM32L4xx_HAL_Driver\Src\stm32l4xx_ll_i2c.o
 .debug_info    0x00007a1d     0x14ed Drivers\STM32L4xx_HAL_Driver\Src\stm32l4xx_ll_rcc.o
 .debug_info    0x00008f0a      0xe70 Drivers\STM32L4xx_HAL_Driver\Src\stm32l4xx_ll_spi.o
 .debug_info    0x00009d7a     0x1031 Drivers\STM32L4xx_HAL_Driver\Src\stm32l4xx_ll_usart.o
 .debug_info    0x0000adab     0x1be6 src\Periph_Init.o
 .debug_info    0x0000c991      0x982 src\main.o
 .debug_info    0x0000d313      0x994 src\stm32l4xx_it.o
 .debug_info    0x0000dca7      0xdf5 src\system_stm32l4xx.o
 .debug_info    0x0000ea9c       0x85 startup\startup_stm32l433xx.o

.debug_abbrev   0x00000000     0x1b07
 .debug_abbrev  0x00000000      0x27a Drivers\STM32L4xx_HAL_Driver\Src\stm32l4xx_hal.o
 .debug_abbrev  0x0000027a      0x2ab Drivers\STM32L4xx_HAL_Driver\Src\stm32l4xx_hal_tim.o
 .debug_abbrev  0x00000525      0x288 Drivers\STM32L4xx_HAL_Driver\Src\stm32l4xx_hal_tim_ex.o
 .debug_abbrev  0x000007ad      0x239 Drivers\STM32L4xx_HAL_Driver\Src\stm32l4xx_hal_timebase_tim_template.o
 .debug_abbrev  0x000009e6      0x216 Drivers\STM32L4xx_HAL_Driver\Src\stm32l4xx_ll_i2c.o
 .debug_abbrev  0x00000bfc      0x291 Drivers\STM32L4xx_HAL_Driver\Src\stm32l4xx_ll_rcc.o
 .debug_abbrev  0x00000e8d      0x218 Drivers\STM32L4xx_HAL_Driver\Src\stm32l4xx_ll_spi.o
 .debug_abbrev  0x000010a5      0x243 Drivers\STM32L4xx_HAL_Driver\Src\stm32l4xx_ll_usart.o
 .debug_abbrev  0x000012e8      0x31f src\Periph_Init.o
 .debug_abbrev  0x00001607      0x17a src\main.o
 .debug_abbrev  0x00001781      0x189 src\stm32l4xx_it.o
 .debug_abbrev  0x0000190a      0x1eb src\system_stm32l4xx.o
 .debug_abbrev  0x00001af5       0x12 startup\startup_stm32l433xx.o

.debug_aranges  0x00000000      0xb60
 .debug_aranges
                0x00000000      0x118 Drivers\STM32L4xx_HAL_Driver\Src\stm32l4xx_hal.o
 .debug_aranges
                0x00000118      0x378 Drivers\STM32L4xx_HAL_Driver\Src\stm32l4xx_hal_tim.o
 .debug_aranges
                0x00000490      0x150 Drivers\STM32L4xx_HAL_Driver\Src\stm32l4xx_hal_tim_ex.o
 .debug_aranges
                0x000005e0       0x40 Drivers\STM32L4xx_HAL_Driver\Src\stm32l4xx_hal_timebase_tim_template.o
 .debug_aranges
                0x00000620       0x88 Drivers\STM32L4xx_HAL_Driver\Src\stm32l4xx_ll_i2c.o
 .debug_aranges
                0x000006a8      0x200 Drivers\STM32L4xx_HAL_Driver\Src\stm32l4xx_ll_rcc.o
 .debug_aranges
                0x000008a8       0x60 Drivers\STM32L4xx_HAL_Driver\Src\stm32l4xx_ll_spi.o
 .debug_aranges
                0x00000908       0x88 Drivers\STM32L4xx_HAL_Driver\Src\stm32l4xx_ll_usart.o
 .debug_aranges
                0x00000990      0x140 src\Periph_Init.o
 .debug_aranges
                0x00000ad0       0x20 src\main.o
 .debug_aranges
                0x00000af0       0x20 src\stm32l4xx_it.o
 .debug_aranges
                0x00000b10       0x28 src\system_stm32l4xx.o
 .debug_aranges
                0x00000b38       0x28 startup\startup_stm32l433xx.o

.debug_ranges   0x00000000      0xa98
 .debug_ranges  0x00000000      0x108 Drivers\STM32L4xx_HAL_Driver\Src\stm32l4xx_hal.o
 .debug_ranges  0x00000108      0x368 Drivers\STM32L4xx_HAL_Driver\Src\stm32l4xx_hal_tim.o
 .debug_ranges  0x00000470      0x140 Drivers\STM32L4xx_HAL_Driver\Src\stm32l4xx_hal_tim_ex.o
 .debug_ranges  0x000005b0       0x30 Drivers\STM32L4xx_HAL_Driver\Src\stm32l4xx_hal_timebase_tim_template.o
 .debug_ranges  0x000005e0       0x78 Drivers\STM32L4xx_HAL_Driver\Src\stm32l4xx_ll_i2c.o
 .debug_ranges  0x00000658      0x1f0 Drivers\STM32L4xx_HAL_Driver\Src\stm32l4xx_ll_rcc.o
 .debug_ranges  0x00000848       0x50 Drivers\STM32L4xx_HAL_Driver\Src\stm32l4xx_ll_spi.o
 .debug_ranges  0x00000898       0x78 Drivers\STM32L4xx_HAL_Driver\Src\stm32l4xx_ll_usart.o
 .debug_ranges  0x00000910      0x130 src\Periph_Init.o
 .debug_ranges  0x00000a40       0x10 src\main.o
 .debug_ranges  0x00000a50       0x10 src\stm32l4xx_it.o
 .debug_ranges  0x00000a60       0x18 src\system_stm32l4xx.o
 .debug_ranges  0x00000a78       0x20 startup\startup_stm32l433xx.o

.debug_line     0x00000000     0x4a98
 .debug_line    0x00000000      0x4e1 Drivers\STM32L4xx_HAL_Driver\Src\stm32l4xx_hal.o
 .debug_line    0x000004e1     0x1497 Drivers\STM32L4xx_HAL_Driver\Src\stm32l4xx_hal_tim.o
 .debug_line    0x00001978      0x903 Drivers\STM32L4xx_HAL_Driver\Src\stm32l4xx_hal_tim_ex.o
 .debug_line    0x0000227b      0x33a Drivers\STM32L4xx_HAL_Driver\Src\stm32l4xx_hal_timebase_tim_template.o
 .debug_line    0x000025b5      0x3ba Drivers\STM32L4xx_HAL_Driver\Src\stm32l4xx_ll_i2c.o
 .debug_line    0x0000296f      0xbf3 Drivers\STM32L4xx_HAL_Driver\Src\stm32l4xx_ll_rcc.o
 .debug_line    0x00003562      0x369 Drivers\STM32L4xx_HAL_Driver\Src\stm32l4xx_ll_spi.o
 .debug_line    0x000038cb      0x3ed Drivers\STM32L4xx_HAL_Driver\Src\stm32l4xx_ll_usart.o
 .debug_line    0x00003cb8      0x6c8 src\Periph_Init.o
 .debug_line    0x00004380      0x212 src\main.o
 .debug_line    0x00004592      0x216 src\stm32l4xx_it.o
 .debug_line    0x000047a8      0x271 src\system_stm32l4xx.o
 .debug_line    0x00004a19       0x7f startup\startup_stm32l433xx.o

.debug_str      0x00000000     0x38fc
 .debug_str     0x00000000      0xf20 Drivers\STM32L4xx_HAL_Driver\Src\stm32l4xx_hal.o
                                0xfc8 (size before relaxing)
 .debug_str     0x00000f20     0x10f9 Drivers\STM32L4xx_HAL_Driver\Src\stm32l4xx_hal_tim.o
                               0x1806 (size before relaxing)
 .debug_str     0x00002019      0x659 Drivers\STM32L4xx_HAL_Driver\Src\stm32l4xx_hal_tim_ex.o
                               0x11e2 (size before relaxing)
 .debug_str     0x00002672       0xfe Drivers\STM32L4xx_HAL_Driver\Src\stm32l4xx_hal_timebase_tim_template.o
                               0x1128 (size before relaxing)
 .debug_str     0x00002770      0x211 Drivers\STM32L4xx_HAL_Driver\Src\stm32l4xx_ll_i2c.o
                                0x9ad (size before relaxing)
 .debug_str     0x00002981      0x796 Drivers\STM32L4xx_HAL_Driver\Src\stm32l4xx_ll_rcc.o
                                0xf4e (size before relaxing)
 .debug_str     0x00003117      0x14c Drivers\STM32L4xx_HAL_Driver\Src\stm32l4xx_ll_spi.o
                                0x95a (size before relaxing)
 .debug_str     0x00003263      0x1ee Drivers\STM32L4xx_HAL_Driver\Src\stm32l4xx_ll_usart.o
                                0xa57 (size before relaxing)
 .debug_str     0x00003451      0x410 src\Periph_Init.o
                               0x1264 (size before relaxing)
 .debug_str     0x00003861       0x13 src\main.o
                                0x64a (size before relaxing)
 .debug_str     0x00003874       0x33 src\stm32l4xx_it.o
                                0x66a (size before relaxing)
 .debug_str     0x000038a7       0x55 src\system_stm32l4xx.o
                                0x83c (size before relaxing)

.comment        0x00000000       0x7c
 .comment       0x00000000       0x7c Drivers\STM32L4xx_HAL_Driver\Src\stm32l4xx_hal.o
                                 0x7d (size before relaxing)
 .comment       0x0000007c       0x7d Drivers\STM32L4xx_HAL_Driver\Src\stm32l4xx_hal_tim.o
 .comment       0x0000007c       0x7d Drivers\STM32L4xx_HAL_Driver\Src\stm32l4xx_hal_tim_ex.o
 .comment       0x0000007c       0x7d Drivers\STM32L4xx_HAL_Driver\Src\stm32l4xx_hal_timebase_tim_template.o
 .comment       0x0000007c       0x7d Drivers\STM32L4xx_HAL_Driver\Src\stm32l4xx_ll_i2c.o
 .comment       0x0000007c       0x7d Drivers\STM32L4xx_HAL_Driver\Src\stm32l4xx_ll_rcc.o
 .comment       0x0000007c       0x7d Drivers\STM32L4xx_HAL_Driver\Src\stm32l4xx_ll_spi.o
 .comment       0x0000007c       0x7d Drivers\STM32L4xx_HAL_Driver\Src\stm32l4xx_ll_usart.o
 .comment       0x0000007c       0x7d src\Periph_Init.o
 .comment       0x0000007c       0x7d src\main.o
 .comment       0x0000007c       0x7d src\stm32l4xx_it.o
 .comment       0x0000007c       0x7d src\system_stm32l4xx.o

.debug_frame    0x00000000     0x2f60
 .debug_frame   0x00000000      0x42c Drivers\STM32L4xx_HAL_Driver\Src\stm32l4xx_hal.o
 .debug_frame   0x0000042c     0x100c Drivers\STM32L4xx_HAL_Driver\Src\stm32l4xx_hal_tim.o
 .debug_frame   0x00001438      0x5c4 Drivers\STM32L4xx_HAL_Driver\Src\stm32l4xx_hal_tim_ex.o
 .debug_frame   0x000019fc       0xb4 Drivers\STM32L4xx_HAL_Driver\Src\stm32l4xx_hal_timebase_tim_template.o
 .debug_frame   0x00001ab0      0x238 Drivers\STM32L4xx_HAL_Driver\Src\stm32l4xx_ll_i2c.o
 .debug_frame   0x00001ce8      0x888 Drivers\STM32L4xx_HAL_Driver\Src\stm32l4xx_ll_rcc.o
 .debug_frame   0x00002570      0x170 Drivers\STM32L4xx_HAL_Driver\Src\stm32l4xx_ll_spi.o
 .debug_frame   0x000026e0      0x238 Drivers\STM32L4xx_HAL_Driver\Src\stm32l4xx_ll_usart.o
 .debug_frame   0x00002918      0x568 src\Periph_Init.o
 .debug_frame   0x00002e80       0x2c src\main.o
 .debug_frame   0x00002eac       0x30 src\stm32l4xx_it.o
 .debug_frame   0x00002edc       0x58 src\system_stm32l4xx.o
 .debug_frame   0x00002f34       0x2c d:/program files (x86)/truestudio for stm32 9.0.0/armtools/bin/../lib/gcc/arm-atollic-eabi/6.3.1/../../../../arm-atollic-eabi/lib/armv7e-m/fpu\libc.a(lib_a-init.o)

Cross Reference Table

Symbol                                            File
ADC1_IRQHandler                                   startup\startup_stm32l433xx.o
ADC_ConversionStop                                Drivers\STM32L4xx_HAL_Driver\Src\stm32l4xx_hal_adc.o
                                                  Drivers\STM32L4xx_HAL_Driver\Src\stm32l4xx_hal_adc_ex.o
ADC_DMAConvCplt                                   Drivers\STM32L4xx_HAL_Driver\Src\stm32l4xx_hal_adc.o
ADC_DMAError                                      Drivers\STM32L4xx_HAL_Driver\Src\stm32l4xx_hal_adc.o
ADC_DMAHalfConvCplt                               Drivers\STM32L4xx_HAL_Driver\Src\stm32l4xx_hal_adc.o
ADC_Disable                                       Drivers\STM32L4xx_HAL_Driver\Src\stm32l4xx_hal_adc.o
                                                  Drivers\STM32L4xx_HAL_Driver\Src\stm32l4xx_hal_adc_ex.o
ADC_Enable                                        Drivers\STM32L4xx_HAL_Driver\Src\stm32l4xx_hal_adc.o
                                                  Drivers\STM32L4xx_HAL_Driver\Src\stm32l4xx_hal_adc_ex.o
AHBPrescTable                                     src\system_stm32l4xx.o
                                                  Drivers\STM32L4xx_HAL_Driver\Src\stm32l4xx_ll_utils.o
                                                  Drivers\STM32L4xx_HAL_Driver\Src\stm32l4xx_ll_rcc.o
                                                  Drivers\STM32L4xx_HAL_Driver\Src\stm32l4xx_hal_rcc.o
APBPrescTable                                     src\system_stm32l4xx.o
                                                  Drivers\STM32L4xx_HAL_Driver\Src\stm32l4xx_ll_rcc.o
                                                  Drivers\STM32L4xx_HAL_Driver\Src\stm32l4xx_hal_rcc.o
BusFault_Handler                                  startup\startup_stm32l433xx.o
CAN1_RX0_IRQHandler                               startup\startup_stm32l433xx.o
CAN1_RX1_IRQHandler                               startup\startup_stm32l433xx.o
CAN1_SCE_IRQHandler                               startup\startup_stm32l433xx.o
CAN1_TX_IRQHandler                                startup\startup_stm32l433xx.o
COMP_IRQHandler                                   startup\startup_stm32l433xx.o
CRS_IRQHandler                                    startup\startup_stm32l433xx.o
DAC_DMAConvCpltCh2                                Drivers\STM32L4xx_HAL_Driver\Src\stm32l4xx_hal_dac_ex.o
                                                  Drivers\STM32L4xx_HAL_Driver\Src\stm32l4xx_hal_dac.o
DAC_DMAErrorCh2                                   Drivers\STM32L4xx_HAL_Driver\Src\stm32l4xx_hal_dac_ex.o
                                                  Drivers\STM32L4xx_HAL_Driver\Src\stm32l4xx_hal_dac.o
DAC_DMAHalfConvCpltCh2                            Drivers\STM32L4xx_HAL_Driver\Src\stm32l4xx_hal_dac_ex.o
                                                  Drivers\STM32L4xx_HAL_Driver\Src\stm32l4xx_hal_dac.o
DMA1_Channel1_IRQHandler                          startup\startup_stm32l433xx.o
DMA1_Channel2_IRQHandler                          startup\startup_stm32l433xx.o
DMA1_Channel3_IRQHandler                          startup\startup_stm32l433xx.o
DMA1_Channel4_IRQHandler                          startup\startup_stm32l433xx.o
DMA1_Channel5_IRQHandler                          startup\startup_stm32l433xx.o
DMA1_Channel6_IRQHandler                          startup\startup_stm32l433xx.o
DMA1_Channel7_IRQHandler                          startup\startup_stm32l433xx.o
DMA2_Channel1_IRQHandler                          startup\startup_stm32l433xx.o
DMA2_Channel2_IRQHandler                          startup\startup_stm32l433xx.o
DMA2_Channel3_IRQHandler                          startup\startup_stm32l433xx.o
DMA2_Channel4_IRQHandler                          startup\startup_stm32l433xx.o
DMA2_Channel5_IRQHandler                          startup\startup_stm32l433xx.o
DMA2_Channel6_IRQHandler                          startup\startup_stm32l433xx.o
DMA2_Channel7_IRQHandler                          startup\startup_stm32l433xx.o
DebugMon_Handler                                  startup\startup_stm32l433xx.o
Default_Handler                                   startup\startup_stm32l433xx.o
EXTI0_IRQHandler                                  startup\startup_stm32l433xx.o
EXTI15_10_IRQHandler                              startup\startup_stm32l433xx.o
EXTI1_IRQHandler                                  startup\startup_stm32l433xx.o
EXTI2_IRQHandler                                  startup\startup_stm32l433xx.o
EXTI3_IRQHandler                                  startup\startup_stm32l433xx.o
EXTI4_IRQHandler                                  startup\startup_stm32l433xx.o
EXTI9_5_IRQHandler                                startup\startup_stm32l433xx.o
FLASH_FlushCaches                                 Drivers\STM32L4xx_HAL_Driver\Src\stm32l4xx_hal_flash_ex.o
                                                  Drivers\STM32L4xx_HAL_Driver\Src\stm32l4xx_hal_flash.o
FLASH_IRQHandler                                  startup\startup_stm32l433xx.o
FLASH_PageErase                                   Drivers\STM32L4xx_HAL_Driver\Src\stm32l4xx_hal_flash_ex.o
                                                  Drivers\STM32L4xx_HAL_Driver\Src\stm32l4xx_hal_flash.o
FLASH_WaitForLastOperation                        Drivers\STM32L4xx_HAL_Driver\Src\stm32l4xx_hal_flash.o
                                                  Drivers\STM32L4xx_HAL_Driver\Src\stm32l4xx_hal_flash_ex.o
FPU_IRQHandler                                    startup\startup_stm32l433xx.o
FifoStatus_Reg                                    src\TomLib_NRF24L01.o
GPIO_Init                                         src\Periph_Init.o
HAL_ADCEx_Calibration_GetValue                    Drivers\STM32L4xx_HAL_Driver\Src\stm32l4xx_hal_adc_ex.o
HAL_ADCEx_Calibration_SetValue                    Drivers\STM32L4xx_HAL_Driver\Src\stm32l4xx_hal_adc_ex.o
HAL_ADCEx_Calibration_Start                       Drivers\STM32L4xx_HAL_Driver\Src\stm32l4xx_hal_adc_ex.o
HAL_ADCEx_DisableInjectedQueue                    Drivers\STM32L4xx_HAL_Driver\Src\stm32l4xx_hal_adc_ex.o
HAL_ADCEx_DisableVoltageRegulator                 Drivers\STM32L4xx_HAL_Driver\Src\stm32l4xx_hal_adc_ex.o
HAL_ADCEx_EnableInjectedQueue                     Drivers\STM32L4xx_HAL_Driver\Src\stm32l4xx_hal_adc_ex.o
HAL_ADCEx_EndOfSamplingCallback                   Drivers\STM32L4xx_HAL_Driver\Src\stm32l4xx_hal_adc_ex.o
                                                  Drivers\STM32L4xx_HAL_Driver\Src\stm32l4xx_hal_adc.o
HAL_ADCEx_EnterADCDeepPowerDownMode               Drivers\STM32L4xx_HAL_Driver\Src\stm32l4xx_hal_adc_ex.o
HAL_ADCEx_InjectedConfigChannel                   Drivers\STM32L4xx_HAL_Driver\Src\stm32l4xx_hal_adc_ex.o
HAL_ADCEx_InjectedConvCpltCallback                Drivers\STM32L4xx_HAL_Driver\Src\stm32l4xx_hal_adc_ex.o
                                                  Drivers\STM32L4xx_HAL_Driver\Src\stm32l4xx_hal_adc.o
HAL_ADCEx_InjectedGetValue                        Drivers\STM32L4xx_HAL_Driver\Src\stm32l4xx_hal_adc_ex.o
HAL_ADCEx_InjectedPollForConversion               Drivers\STM32L4xx_HAL_Driver\Src\stm32l4xx_hal_adc_ex.o
HAL_ADCEx_InjectedQueueOverflowCallback           Drivers\STM32L4xx_HAL_Driver\Src\stm32l4xx_hal_adc_ex.o
                                                  Drivers\STM32L4xx_HAL_Driver\Src\stm32l4xx_hal_adc.o
HAL_ADCEx_InjectedStart                           Drivers\STM32L4xx_HAL_Driver\Src\stm32l4xx_hal_adc_ex.o
HAL_ADCEx_InjectedStart_IT                        Drivers\STM32L4xx_HAL_Driver\Src\stm32l4xx_hal_adc_ex.o
HAL_ADCEx_InjectedStop                            Drivers\STM32L4xx_HAL_Driver\Src\stm32l4xx_hal_adc_ex.o
HAL_ADCEx_InjectedStop_IT                         Drivers\STM32L4xx_HAL_Driver\Src\stm32l4xx_hal_adc_ex.o
HAL_ADCEx_LevelOutOfWindow2Callback               Drivers\STM32L4xx_HAL_Driver\Src\stm32l4xx_hal_adc_ex.o
                                                  Drivers\STM32L4xx_HAL_Driver\Src\stm32l4xx_hal_adc.o
HAL_ADCEx_LevelOutOfWindow3Callback               Drivers\STM32L4xx_HAL_Driver\Src\stm32l4xx_hal_adc_ex.o
                                                  Drivers\STM32L4xx_HAL_Driver\Src\stm32l4xx_hal_adc.o
HAL_ADCEx_RegularStop                             Drivers\STM32L4xx_HAL_Driver\Src\stm32l4xx_hal_adc_ex.o
HAL_ADCEx_RegularStop_DMA                         Drivers\STM32L4xx_HAL_Driver\Src\stm32l4xx_hal_adc_ex.o
HAL_ADCEx_RegularStop_IT                          Drivers\STM32L4xx_HAL_Driver\Src\stm32l4xx_hal_adc_ex.o
HAL_ADC_AnalogWDGConfig                           Drivers\STM32L4xx_HAL_Driver\Src\stm32l4xx_hal_adc.o
HAL_ADC_ConfigChannel                             Drivers\STM32L4xx_HAL_Driver\Src\stm32l4xx_hal_adc.o
HAL_ADC_ConvCpltCallback                          Drivers\STM32L4xx_HAL_Driver\Src\stm32l4xx_hal_adc.o
HAL_ADC_ConvHalfCpltCallback                      Drivers\STM32L4xx_HAL_Driver\Src\stm32l4xx_hal_adc.o
HAL_ADC_DeInit                                    Drivers\STM32L4xx_HAL_Driver\Src\stm32l4xx_hal_adc.o
HAL_ADC_ErrorCallback                             Drivers\STM32L4xx_HAL_Driver\Src\stm32l4xx_hal_adc.o
HAL_ADC_GetError                                  Drivers\STM32L4xx_HAL_Driver\Src\stm32l4xx_hal_adc.o
HAL_ADC_GetState                                  Drivers\STM32L4xx_HAL_Driver\Src\stm32l4xx_hal_adc.o
HAL_ADC_GetValue                                  Drivers\STM32L4xx_HAL_Driver\Src\stm32l4xx_hal_adc.o
HAL_ADC_IRQHandler                                Drivers\STM32L4xx_HAL_Driver\Src\stm32l4xx_hal_adc.o
HAL_ADC_Init                                      Drivers\STM32L4xx_HAL_Driver\Src\stm32l4xx_hal_adc.o
HAL_ADC_LevelOutOfWindowCallback                  Drivers\STM32L4xx_HAL_Driver\Src\stm32l4xx_hal_adc.o
HAL_ADC_MspDeInit                                 Drivers\STM32L4xx_HAL_Driver\Src\stm32l4xx_hal_adc.o
HAL_ADC_MspInit                                   Drivers\STM32L4xx_HAL_Driver\Src\stm32l4xx_hal_adc.o
HAL_ADC_PollForConversion                         Drivers\STM32L4xx_HAL_Driver\Src\stm32l4xx_hal_adc.o
HAL_ADC_PollForEvent                              Drivers\STM32L4xx_HAL_Driver\Src\stm32l4xx_hal_adc.o
HAL_ADC_Start                                     Drivers\STM32L4xx_HAL_Driver\Src\stm32l4xx_hal_adc.o
HAL_ADC_Start_DMA                                 Drivers\STM32L4xx_HAL_Driver\Src\stm32l4xx_hal_adc.o
HAL_ADC_Start_IT                                  Drivers\STM32L4xx_HAL_Driver\Src\stm32l4xx_hal_adc.o
HAL_ADC_Stop                                      Drivers\STM32L4xx_HAL_Driver\Src\stm32l4xx_hal_adc.o
HAL_ADC_Stop_DMA                                  Drivers\STM32L4xx_HAL_Driver\Src\stm32l4xx_hal_adc.o
HAL_ADC_Stop_IT                                   Drivers\STM32L4xx_HAL_Driver\Src\stm32l4xx_hal_adc.o
HAL_CAN_ConfigFilter                              Drivers\STM32L4xx_HAL_Driver\Src\stm32l4xx_hal_can.o
HAL_CAN_DeInit                                    Drivers\STM32L4xx_HAL_Driver\Src\stm32l4xx_hal_can.o
HAL_CAN_ErrorCallback                             Drivers\STM32L4xx_HAL_Driver\Src\stm32l4xx_hal_can.o
HAL_CAN_GetError                                  Drivers\STM32L4xx_HAL_Driver\Src\stm32l4xx_hal_can.o
HAL_CAN_GetState                                  Drivers\STM32L4xx_HAL_Driver\Src\stm32l4xx_hal_can.o
HAL_CAN_IRQHandler                                Drivers\STM32L4xx_HAL_Driver\Src\stm32l4xx_hal_can.o
HAL_CAN_Init                                      Drivers\STM32L4xx_HAL_Driver\Src\stm32l4xx_hal_can.o
HAL_CAN_MspDeInit                                 Drivers\STM32L4xx_HAL_Driver\Src\stm32l4xx_hal_can.o
HAL_CAN_MspInit                                   Drivers\STM32L4xx_HAL_Driver\Src\stm32l4xx_hal_can.o
HAL_CAN_Receive                                   Drivers\STM32L4xx_HAL_Driver\Src\stm32l4xx_hal_can.o
HAL_CAN_Receive_IT                                Drivers\STM32L4xx_HAL_Driver\Src\stm32l4xx_hal_can.o
HAL_CAN_RxCpltCallback                            Drivers\STM32L4xx_HAL_Driver\Src\stm32l4xx_hal_can.o
HAL_CAN_Sleep                                     Drivers\STM32L4xx_HAL_Driver\Src\stm32l4xx_hal_can.o
HAL_CAN_Transmit                                  Drivers\STM32L4xx_HAL_Driver\Src\stm32l4xx_hal_can.o
HAL_CAN_Transmit_IT                               Drivers\STM32L4xx_HAL_Driver\Src\stm32l4xx_hal_can.o
HAL_CAN_TxCpltCallback                            Drivers\STM32L4xx_HAL_Driver\Src\stm32l4xx_hal_can.o
HAL_CAN_WakeUp                                    Drivers\STM32L4xx_HAL_Driver\Src\stm32l4xx_hal_can.o
HAL_COMP_DeInit                                   Drivers\STM32L4xx_HAL_Driver\Src\stm32l4xx_hal_comp.o
HAL_COMP_GetOutputLevel                           Drivers\STM32L4xx_HAL_Driver\Src\stm32l4xx_hal_comp.o
HAL_COMP_GetState                                 Drivers\STM32L4xx_HAL_Driver\Src\stm32l4xx_hal_comp.o
HAL_COMP_IRQHandler                               Drivers\STM32L4xx_HAL_Driver\Src\stm32l4xx_hal_comp.o
HAL_COMP_Init                                     Drivers\STM32L4xx_HAL_Driver\Src\stm32l4xx_hal_comp.o
HAL_COMP_Lock                                     Drivers\STM32L4xx_HAL_Driver\Src\stm32l4xx_hal_comp.o
HAL_COMP_MspDeInit                                Drivers\STM32L4xx_HAL_Driver\Src\stm32l4xx_hal_comp.o
HAL_COMP_MspInit                                  Drivers\STM32L4xx_HAL_Driver\Src\stm32l4xx_hal_comp.o
HAL_COMP_Start                                    Drivers\STM32L4xx_HAL_Driver\Src\stm32l4xx_hal_comp.o
HAL_COMP_Stop                                     Drivers\STM32L4xx_HAL_Driver\Src\stm32l4xx_hal_comp.o
HAL_COMP_TriggerCallback                          Drivers\STM32L4xx_HAL_Driver\Src\stm32l4xx_hal_comp.o
HAL_CRCEx_Input_Data_Reverse                      Drivers\STM32L4xx_HAL_Driver\Src\stm32l4xx_hal_crc_ex.o
HAL_CRCEx_Output_Data_Reverse                     Drivers\STM32L4xx_HAL_Driver\Src\stm32l4xx_hal_crc_ex.o
HAL_CRCEx_Polynomial_Set                          Drivers\STM32L4xx_HAL_Driver\Src\stm32l4xx_hal_crc_ex.o
                                                  Drivers\STM32L4xx_HAL_Driver\Src\stm32l4xx_hal_crc.o
HAL_CRC_Accumulate                                Drivers\STM32L4xx_HAL_Driver\Src\stm32l4xx_hal_crc.o
HAL_CRC_Calculate                                 Drivers\STM32L4xx_HAL_Driver\Src\stm32l4xx_hal_crc.o
HAL_CRC_DeInit                                    Drivers\STM32L4xx_HAL_Driver\Src\stm32l4xx_hal_crc.o
HAL_CRC_GetState                                  Drivers\STM32L4xx_HAL_Driver\Src\stm32l4xx_hal_crc.o
HAL_CRC_Init                                      Drivers\STM32L4xx_HAL_Driver\Src\stm32l4xx_hal_crc.o
HAL_CRC_MspDeInit                                 Drivers\STM32L4xx_HAL_Driver\Src\stm32l4xx_hal_crc.o
HAL_CRC_MspInit                                   Drivers\STM32L4xx_HAL_Driver\Src\stm32l4xx_hal_crc.o
HAL_DACEx_ConvCpltCallbackCh2                     Drivers\STM32L4xx_HAL_Driver\Src\stm32l4xx_hal_dac_ex.o
HAL_DACEx_ConvHalfCpltCallbackCh2                 Drivers\STM32L4xx_HAL_Driver\Src\stm32l4xx_hal_dac_ex.o
HAL_DACEx_DMAUnderrunCallbackCh2                  Drivers\STM32L4xx_HAL_Driver\Src\stm32l4xx_hal_dac_ex.o
                                                  Drivers\STM32L4xx_HAL_Driver\Src\stm32l4xx_hal_dac.o
HAL_DACEx_DualGetValue                            Drivers\STM32L4xx_HAL_Driver\Src\stm32l4xx_hal_dac_ex.o
HAL_DACEx_DualSetValue                            Drivers\STM32L4xx_HAL_Driver\Src\stm32l4xx_hal_dac_ex.o
HAL_DACEx_ErrorCallbackCh2                        Drivers\STM32L4xx_HAL_Driver\Src\stm32l4xx_hal_dac_ex.o
HAL_DACEx_GetTrimOffset                           Drivers\STM32L4xx_HAL_Driver\Src\stm32l4xx_hal_dac_ex.o
HAL_DACEx_NoiseWaveGenerate                       Drivers\STM32L4xx_HAL_Driver\Src\stm32l4xx_hal_dac_ex.o
HAL_DACEx_SelfCalibrate                           Drivers\STM32L4xx_HAL_Driver\Src\stm32l4xx_hal_dac_ex.o
HAL_DACEx_SetUserTrimming                         Drivers\STM32L4xx_HAL_Driver\Src\stm32l4xx_hal_dac_ex.o
HAL_DACEx_TriangleWaveGenerate                    Drivers\STM32L4xx_HAL_Driver\Src\stm32l4xx_hal_dac_ex.o
HAL_DAC_ConfigChannel                             Drivers\STM32L4xx_HAL_Driver\Src\stm32l4xx_hal_dac.o
HAL_DAC_ConvCpltCallbackCh1                       Drivers\STM32L4xx_HAL_Driver\Src\stm32l4xx_hal_dac.o
HAL_DAC_ConvHalfCpltCallbackCh1                   Drivers\STM32L4xx_HAL_Driver\Src\stm32l4xx_hal_dac.o
HAL_DAC_DMAUnderrunCallbackCh1                    Drivers\STM32L4xx_HAL_Driver\Src\stm32l4xx_hal_dac.o
HAL_DAC_DeInit                                    Drivers\STM32L4xx_HAL_Driver\Src\stm32l4xx_hal_dac.o
HAL_DAC_ErrorCallbackCh1                          Drivers\STM32L4xx_HAL_Driver\Src\stm32l4xx_hal_dac.o
HAL_DAC_GetError                                  Drivers\STM32L4xx_HAL_Driver\Src\stm32l4xx_hal_dac.o
HAL_DAC_GetState                                  Drivers\STM32L4xx_HAL_Driver\Src\stm32l4xx_hal_dac.o
HAL_DAC_GetValue                                  Drivers\STM32L4xx_HAL_Driver\Src\stm32l4xx_hal_dac.o
HAL_DAC_IRQHandler                                Drivers\STM32L4xx_HAL_Driver\Src\stm32l4xx_hal_dac.o
HAL_DAC_Init                                      Drivers\STM32L4xx_HAL_Driver\Src\stm32l4xx_hal_dac.o
HAL_DAC_MspDeInit                                 Drivers\STM32L4xx_HAL_Driver\Src\stm32l4xx_hal_dac.o
HAL_DAC_MspInit                                   Drivers\STM32L4xx_HAL_Driver\Src\stm32l4xx_hal_dac.o
HAL_DAC_SetValue                                  Drivers\STM32L4xx_HAL_Driver\Src\stm32l4xx_hal_dac.o
HAL_DAC_Start                                     Drivers\STM32L4xx_HAL_Driver\Src\stm32l4xx_hal_dac.o
HAL_DAC_Start_DMA                                 Drivers\STM32L4xx_HAL_Driver\Src\stm32l4xx_hal_dac.o
HAL_DAC_Stop                                      Drivers\STM32L4xx_HAL_Driver\Src\stm32l4xx_hal_dac.o
HAL_DAC_Stop_DMA                                  Drivers\STM32L4xx_HAL_Driver\Src\stm32l4xx_hal_dac.o
HAL_DBGMCU_DisableDBGSleepMode                    Drivers\STM32L4xx_HAL_Driver\Src\stm32l4xx_hal.o
HAL_DBGMCU_DisableDBGStandbyMode                  Drivers\STM32L4xx_HAL_Driver\Src\stm32l4xx_hal.o
HAL_DBGMCU_DisableDBGStopMode                     Drivers\STM32L4xx_HAL_Driver\Src\stm32l4xx_hal.o
HAL_DBGMCU_EnableDBGSleepMode                     Drivers\STM32L4xx_HAL_Driver\Src\stm32l4xx_hal.o
HAL_DBGMCU_EnableDBGStandbyMode                   Drivers\STM32L4xx_HAL_Driver\Src\stm32l4xx_hal.o
HAL_DBGMCU_EnableDBGStopMode                      Drivers\STM32L4xx_HAL_Driver\Src\stm32l4xx_hal.o
HAL_DMA_Abort                                     Drivers\STM32L4xx_HAL_Driver\Src\stm32l4xx_hal_dma.o
                                                  Drivers\STM32L4xx_HAL_Driver\Src\stm32l4xx_hal_usart.o
                                                  Drivers\STM32L4xx_HAL_Driver\Src\stm32l4xx_hal_uart.o
                                                  Drivers\STM32L4xx_HAL_Driver\Src\stm32l4xx_hal_tim.o
                                                  Drivers\STM32L4xx_HAL_Driver\Src\stm32l4xx_hal_swpmi.o
                                                  Drivers\STM32L4xx_HAL_Driver\Src\stm32l4xx_hal_spi.o
                                                  Drivers\STM32L4xx_HAL_Driver\Src\stm32l4xx_hal_smartcard.o
                                                  Drivers\STM32L4xx_HAL_Driver\Src\stm32l4xx_hal_sai.o
                                                  Drivers\STM32L4xx_HAL_Driver\Src\stm32l4xx_hal_qspi.o
                                                  Drivers\STM32L4xx_HAL_Driver\Src\stm32l4xx_hal_irda.o
                                                  Drivers\STM32L4xx_HAL_Driver\Src\stm32l4xx_hal_dac.o
                                                  Drivers\STM32L4xx_HAL_Driver\Src\stm32l4xx_hal_adc_ex.o
                                                  Drivers\STM32L4xx_HAL_Driver\Src\stm32l4xx_hal_adc.o
HAL_DMA_Abort_IT                                  Drivers\STM32L4xx_HAL_Driver\Src\stm32l4xx_hal_dma.o
                                                  Drivers\STM32L4xx_HAL_Driver\Src\stm32l4xx_hal_usart.o
                                                  Drivers\STM32L4xx_HAL_Driver\Src\stm32l4xx_hal_uart.o
                                                  Drivers\STM32L4xx_HAL_Driver\Src\stm32l4xx_hal_swpmi.o
                                                  Drivers\STM32L4xx_HAL_Driver\Src\stm32l4xx_hal_spi.o
                                                  Drivers\STM32L4xx_HAL_Driver\Src\stm32l4xx_hal_smartcard.o
                                                  Drivers\STM32L4xx_HAL_Driver\Src\stm32l4xx_hal_sai.o
                                                  Drivers\STM32L4xx_HAL_Driver\Src\stm32l4xx_hal_qspi.o
                                                  Drivers\STM32L4xx_HAL_Driver\Src\stm32l4xx_hal_irda.o
                                                  Drivers\STM32L4xx_HAL_Driver\Src\stm32l4xx_hal_i2c.o
HAL_DMA_DeInit                                    Drivers\STM32L4xx_HAL_Driver\Src\stm32l4xx_hal_dma.o
HAL_DMA_GetError                                  Drivers\STM32L4xx_HAL_Driver\Src\stm32l4xx_hal_dma.o
HAL_DMA_GetState                                  Drivers\STM32L4xx_HAL_Driver\Src\stm32l4xx_hal_dma.o
HAL_DMA_IRQHandler                                Drivers\STM32L4xx_HAL_Driver\Src\stm32l4xx_hal_dma.o
HAL_DMA_Init                                      Drivers\STM32L4xx_HAL_Driver\Src\stm32l4xx_hal_dma.o
HAL_DMA_PollForTransfer                           Drivers\STM32L4xx_HAL_Driver\Src\stm32l4xx_hal_dma.o
HAL_DMA_RegisterCallback                          Drivers\STM32L4xx_HAL_Driver\Src\stm32l4xx_hal_dma.o
HAL_DMA_Start                                     Drivers\STM32L4xx_HAL_Driver\Src\stm32l4xx_hal_dma.o
HAL_DMA_Start_IT                                  Drivers\STM32L4xx_HAL_Driver\Src\stm32l4xx_hal_dma.o
                                                  Drivers\STM32L4xx_HAL_Driver\Src\stm32l4xx_hal_usart.o
                                                  Drivers\STM32L4xx_HAL_Driver\Src\stm32l4xx_hal_uart.o
                                                  Drivers\STM32L4xx_HAL_Driver\Src\stm32l4xx_hal_tim_ex.o
                                                  Drivers\STM32L4xx_HAL_Driver\Src\stm32l4xx_hal_tim.o
                                                  Drivers\STM32L4xx_HAL_Driver\Src\stm32l4xx_hal_swpmi.o
                                                  Drivers\STM32L4xx_HAL_Driver\Src\stm32l4xx_hal_spi.o
                                                  Drivers\STM32L4xx_HAL_Driver\Src\stm32l4xx_hal_smartcard.o
                                                  Drivers\STM32L4xx_HAL_Driver\Src\stm32l4xx_hal_sai.o
                                                  Drivers\STM32L4xx_HAL_Driver\Src\stm32l4xx_hal_qspi.o
                                                  Drivers\STM32L4xx_HAL_Driver\Src\stm32l4xx_hal_irda.o
                                                  Drivers\STM32L4xx_HAL_Driver\Src\stm32l4xx_hal_i2c.o
                                                  Drivers\STM32L4xx_HAL_Driver\Src\stm32l4xx_hal_dac.o
                                                  Drivers\STM32L4xx_HAL_Driver\Src\stm32l4xx_hal_adc.o
HAL_DMA_UnRegisterCallback                        Drivers\STM32L4xx_HAL_Driver\Src\stm32l4xx_hal_dma.o
HAL_DeInit                                        Drivers\STM32L4xx_HAL_Driver\Src\stm32l4xx_hal.o
HAL_Delay                                         Drivers\STM32L4xx_HAL_Driver\Src\stm32l4xx_hal.o
                                                  Drivers\STM32L4xx_HAL_Driver\Src\stm32l4xx_hal_pcd_ex.o
                                                  Drivers\STM32L4xx_HAL_Driver\Src\stm32l4xx_hal_opamp.o
                                                  Drivers\STM32L4xx_HAL_Driver\Src\stm32l4xx_hal_dac_ex.o
                                                  Drivers\STM32L4xx_HAL_Driver\Src\stm32l4xx_hal_dac.o
HAL_FIREWALL_Config                               Drivers\STM32L4xx_HAL_Driver\Src\stm32l4xx_hal_firewall.o
HAL_FIREWALL_DisablePreArmFlag                    Drivers\STM32L4xx_HAL_Driver\Src\stm32l4xx_hal_firewall.o
HAL_FIREWALL_EnableFirewall                       Drivers\STM32L4xx_HAL_Driver\Src\stm32l4xx_hal_firewall.o
HAL_FIREWALL_EnablePreArmFlag                     Drivers\STM32L4xx_HAL_Driver\Src\stm32l4xx_hal_firewall.o
HAL_FIREWALL_GetConfig                            Drivers\STM32L4xx_HAL_Driver\Src\stm32l4xx_hal_firewall.o
HAL_FLASHEx_DisableRunPowerDown                   Drivers\STM32L4xx_HAL_Driver\Src\stm32l4xx_hal_flash_ramfunc.o
HAL_FLASHEx_EnableRunPowerDown                    Drivers\STM32L4xx_HAL_Driver\Src\stm32l4xx_hal_flash_ramfunc.o
HAL_FLASHEx_Erase                                 Drivers\STM32L4xx_HAL_Driver\Src\stm32l4xx_hal_flash_ex.o
HAL_FLASHEx_Erase_IT                              Drivers\STM32L4xx_HAL_Driver\Src\stm32l4xx_hal_flash_ex.o
HAL_FLASHEx_OBGetConfig                           Drivers\STM32L4xx_HAL_Driver\Src\stm32l4xx_hal_flash_ex.o
HAL_FLASHEx_OBProgram                             Drivers\STM32L4xx_HAL_Driver\Src\stm32l4xx_hal_flash_ex.o
HAL_FLASH_EndOfOperationCallback                  Drivers\STM32L4xx_HAL_Driver\Src\stm32l4xx_hal_flash.o
HAL_FLASH_GetError                                Drivers\STM32L4xx_HAL_Driver\Src\stm32l4xx_hal_flash.o
HAL_FLASH_IRQHandler                              Drivers\STM32L4xx_HAL_Driver\Src\stm32l4xx_hal_flash.o
HAL_FLASH_Lock                                    Drivers\STM32L4xx_HAL_Driver\Src\stm32l4xx_hal_flash.o
HAL_FLASH_OB_Launch                               Drivers\STM32L4xx_HAL_Driver\Src\stm32l4xx_hal_flash.o
HAL_FLASH_OB_Lock                                 Drivers\STM32L4xx_HAL_Driver\Src\stm32l4xx_hal_flash.o
HAL_FLASH_OB_Unlock                               Drivers\STM32L4xx_HAL_Driver\Src\stm32l4xx_hal_flash.o
HAL_FLASH_OperationErrorCallback                  Drivers\STM32L4xx_HAL_Driver\Src\stm32l4xx_hal_flash.o
HAL_FLASH_Program                                 Drivers\STM32L4xx_HAL_Driver\Src\stm32l4xx_hal_flash.o
HAL_FLASH_Program_IT                              Drivers\STM32L4xx_HAL_Driver\Src\stm32l4xx_hal_flash.o
HAL_FLASH_Unlock                                  Drivers\STM32L4xx_HAL_Driver\Src\stm32l4xx_hal_flash.o
HAL_GPIO_DeInit                                   Drivers\STM32L4xx_HAL_Driver\Src\stm32l4xx_hal_gpio.o
HAL_GPIO_EXTI_Callback                            Drivers\STM32L4xx_HAL_Driver\Src\stm32l4xx_hal_gpio.o
HAL_GPIO_EXTI_IRQHandler                          Drivers\STM32L4xx_HAL_Driver\Src\stm32l4xx_hal_gpio.o
HAL_GPIO_Init                                     Drivers\STM32L4xx_HAL_Driver\Src\stm32l4xx_hal_gpio.o
                                                  Drivers\STM32L4xx_HAL_Driver\Src\stm32l4xx_hal_rcc_ex.o
                                                  Drivers\STM32L4xx_HAL_Driver\Src\stm32l4xx_hal_rcc.o
HAL_GPIO_LockPin                                  Drivers\STM32L4xx_HAL_Driver\Src\stm32l4xx_hal_gpio.o
HAL_GPIO_ReadPin                                  Drivers\STM32L4xx_HAL_Driver\Src\stm32l4xx_hal_gpio.o
HAL_GPIO_TogglePin                                Drivers\STM32L4xx_HAL_Driver\Src\stm32l4xx_hal_gpio.o
HAL_GPIO_WritePin                                 Drivers\STM32L4xx_HAL_Driver\Src\stm32l4xx_hal_gpio.o
HAL_GetDEVID                                      Drivers\STM32L4xx_HAL_Driver\Src\stm32l4xx_hal.o
HAL_GetHalVersion                                 Drivers\STM32L4xx_HAL_Driver\Src\stm32l4xx_hal.o
HAL_GetREVID                                      Drivers\STM32L4xx_HAL_Driver\Src\stm32l4xx_hal.o
HAL_GetTick                                       Drivers\STM32L4xx_HAL_Driver\Src\stm32l4xx_hal.o
                                                  Drivers\STM32L4xx_HAL_Driver\Src\stm32l4xx_hal_usart.o
                                                  Drivers\STM32L4xx_HAL_Driver\Src\stm32l4xx_hal_uart_ex.o
                                                  Drivers\STM32L4xx_HAL_Driver\Src\stm32l4xx_hal_uart.o
                                                  Drivers\STM32L4xx_HAL_Driver\Src\stm32l4xx_hal_swpmi.o
                                                  Drivers\STM32L4xx_HAL_Driver\Src\stm32l4xx_hal_spi.o
                                                  Drivers\STM32L4xx_HAL_Driver\Src\stm32l4xx_hal_smbus.o
                                                  Drivers\STM32L4xx_HAL_Driver\Src\stm32l4xx_hal_smartcard.o
                                                  Drivers\STM32L4xx_HAL_Driver\Src\stm32l4xx_hal_sai.o
                                                  Drivers\STM32L4xx_HAL_Driver\Src\stm32l4xx_hal_rtc_ex.o
                                                  Drivers\STM32L4xx_HAL_Driver\Src\stm32l4xx_hal_rtc.o
                                                  Drivers\STM32L4xx_HAL_Driver\Src\stm32l4xx_hal_rng.o
                                                  Drivers\STM32L4xx_HAL_Driver\Src\stm32l4xx_hal_rcc_ex.o
                                                  Drivers\STM32L4xx_HAL_Driver\Src\stm32l4xx_hal_rcc.o
                                                  Drivers\STM32L4xx_HAL_Driver\Src\stm32l4xx_hal_qspi.o
                                                  Drivers\STM32L4xx_HAL_Driver\Src\stm32l4xx_hal_pcd_ex.o
                                                  Drivers\STM32L4xx_HAL_Driver\Src\stm32l4xx_hal_iwdg.o
                                                  Drivers\STM32L4xx_HAL_Driver\Src\stm32l4xx_hal_irda.o
                                                  Drivers\STM32L4xx_HAL_Driver\Src\stm32l4xx_hal_i2c.o
                                                  Drivers\STM32L4xx_HAL_Driver\Src\stm32l4xx_hal_flash.o
                                                  Drivers\STM32L4xx_HAL_Driver\Src\stm32l4xx_hal_dma.o
                                                  Drivers\STM32L4xx_HAL_Driver\Src\stm32l4xx_hal_dac.o
                                                  Drivers\STM32L4xx_HAL_Driver\Src\stm32l4xx_hal_can.o
                                                  Drivers\STM32L4xx_HAL_Driver\Src\stm32l4xx_hal_adc_ex.o
                                                  Drivers\STM32L4xx_HAL_Driver\Src\stm32l4xx_hal_adc.o
HAL_GetUIDw0                                      Drivers\STM32L4xx_HAL_Driver\Src\stm32l4xx_hal.o
HAL_GetUIDw1                                      Drivers\STM32L4xx_HAL_Driver\Src\stm32l4xx_hal.o
HAL_GetUIDw2                                      Drivers\STM32L4xx_HAL_Driver\Src\stm32l4xx_hal.o
HAL_HalfDuplex_EnableReceiver                     Drivers\STM32L4xx_HAL_Driver\Src\stm32l4xx_hal_uart.o
HAL_HalfDuplex_EnableTransmitter                  Drivers\STM32L4xx_HAL_Driver\Src\stm32l4xx_hal_uart.o
HAL_HalfDuplex_Init                               Drivers\STM32L4xx_HAL_Driver\Src\stm32l4xx_hal_uart.o
HAL_I2CEx_ConfigAnalogFilter                      Drivers\STM32L4xx_HAL_Driver\Src\stm32l4xx_hal_i2c_ex.o
HAL_I2CEx_ConfigDigitalFilter                     Drivers\STM32L4xx_HAL_Driver\Src\stm32l4xx_hal_i2c_ex.o
HAL_I2CEx_DisableFastModePlus                     Drivers\STM32L4xx_HAL_Driver\Src\stm32l4xx_hal_i2c_ex.o
HAL_I2CEx_DisableWakeUp                           Drivers\STM32L4xx_HAL_Driver\Src\stm32l4xx_hal_i2c_ex.o
HAL_I2CEx_EnableFastModePlus                      Drivers\STM32L4xx_HAL_Driver\Src\stm32l4xx_hal_i2c_ex.o
HAL_I2CEx_EnableWakeUp                            Drivers\STM32L4xx_HAL_Driver\Src\stm32l4xx_hal_i2c_ex.o
HAL_I2C_AbortCpltCallback                         Drivers\STM32L4xx_HAL_Driver\Src\stm32l4xx_hal_i2c.o
HAL_I2C_AddrCallback                              Drivers\STM32L4xx_HAL_Driver\Src\stm32l4xx_hal_i2c.o
HAL_I2C_DeInit                                    Drivers\STM32L4xx_HAL_Driver\Src\stm32l4xx_hal_i2c.o
HAL_I2C_DisableListen_IT                          Drivers\STM32L4xx_HAL_Driver\Src\stm32l4xx_hal_i2c.o
HAL_I2C_ER_IRQHandler                             Drivers\STM32L4xx_HAL_Driver\Src\stm32l4xx_hal_i2c.o
HAL_I2C_EV_IRQHandler                             Drivers\STM32L4xx_HAL_Driver\Src\stm32l4xx_hal_i2c.o
HAL_I2C_EnableListen_IT                           Drivers\STM32L4xx_HAL_Driver\Src\stm32l4xx_hal_i2c.o
HAL_I2C_ErrorCallback                             Drivers\STM32L4xx_HAL_Driver\Src\stm32l4xx_hal_i2c.o
HAL_I2C_GetError                                  Drivers\STM32L4xx_HAL_Driver\Src\stm32l4xx_hal_i2c.o
HAL_I2C_GetMode                                   Drivers\STM32L4xx_HAL_Driver\Src\stm32l4xx_hal_i2c.o
HAL_I2C_GetState                                  Drivers\STM32L4xx_HAL_Driver\Src\stm32l4xx_hal_i2c.o
HAL_I2C_Init                                      Drivers\STM32L4xx_HAL_Driver\Src\stm32l4xx_hal_i2c.o
HAL_I2C_IsDeviceReady                             Drivers\STM32L4xx_HAL_Driver\Src\stm32l4xx_hal_i2c.o
HAL_I2C_ListenCpltCallback                        Drivers\STM32L4xx_HAL_Driver\Src\stm32l4xx_hal_i2c.o
HAL_I2C_MasterRxCpltCallback                      Drivers\STM32L4xx_HAL_Driver\Src\stm32l4xx_hal_i2c.o
HAL_I2C_MasterTxCpltCallback                      Drivers\STM32L4xx_HAL_Driver\Src\stm32l4xx_hal_i2c.o
HAL_I2C_Master_Abort_IT                           Drivers\STM32L4xx_HAL_Driver\Src\stm32l4xx_hal_i2c.o
HAL_I2C_Master_Receive                            Drivers\STM32L4xx_HAL_Driver\Src\stm32l4xx_hal_i2c.o
HAL_I2C_Master_Receive_DMA                        Drivers\STM32L4xx_HAL_Driver\Src\stm32l4xx_hal_i2c.o
HAL_I2C_Master_Receive_IT                         Drivers\STM32L4xx_HAL_Driver\Src\stm32l4xx_hal_i2c.o
HAL_I2C_Master_Sequential_Receive_IT              Drivers\STM32L4xx_HAL_Driver\Src\stm32l4xx_hal_i2c.o
HAL_I2C_Master_Sequential_Transmit_IT             Drivers\STM32L4xx_HAL_Driver\Src\stm32l4xx_hal_i2c.o
HAL_I2C_Master_Transmit                           Drivers\STM32L4xx_HAL_Driver\Src\stm32l4xx_hal_i2c.o
HAL_I2C_Master_Transmit_DMA                       Drivers\STM32L4xx_HAL_Driver\Src\stm32l4xx_hal_i2c.o
HAL_I2C_Master_Transmit_IT                        Drivers\STM32L4xx_HAL_Driver\Src\stm32l4xx_hal_i2c.o
HAL_I2C_MemRxCpltCallback                         Drivers\STM32L4xx_HAL_Driver\Src\stm32l4xx_hal_i2c.o
HAL_I2C_MemTxCpltCallback                         Drivers\STM32L4xx_HAL_Driver\Src\stm32l4xx_hal_i2c.o
HAL_I2C_Mem_Read                                  Drivers\STM32L4xx_HAL_Driver\Src\stm32l4xx_hal_i2c.o
HAL_I2C_Mem_Read_DMA                              Drivers\STM32L4xx_HAL_Driver\Src\stm32l4xx_hal_i2c.o
HAL_I2C_Mem_Read_IT                               Drivers\STM32L4xx_HAL_Driver\Src\stm32l4xx_hal_i2c.o
HAL_I2C_Mem_Write                                 Drivers\STM32L4xx_HAL_Driver\Src\stm32l4xx_hal_i2c.o
HAL_I2C_Mem_Write_DMA                             Drivers\STM32L4xx_HAL_Driver\Src\stm32l4xx_hal_i2c.o
HAL_I2C_Mem_Write_IT                              Drivers\STM32L4xx_HAL_Driver\Src\stm32l4xx_hal_i2c.o
HAL_I2C_MspDeInit                                 Drivers\STM32L4xx_HAL_Driver\Src\stm32l4xx_hal_i2c.o
HAL_I2C_MspInit                                   Drivers\STM32L4xx_HAL_Driver\Src\stm32l4xx_hal_i2c.o
HAL_I2C_SlaveRxCpltCallback                       Drivers\STM32L4xx_HAL_Driver\Src\stm32l4xx_hal_i2c.o
HAL_I2C_SlaveTxCpltCallback                       Drivers\STM32L4xx_HAL_Driver\Src\stm32l4xx_hal_i2c.o
HAL_I2C_Slave_Receive                             Drivers\STM32L4xx_HAL_Driver\Src\stm32l4xx_hal_i2c.o
HAL_I2C_Slave_Receive_DMA                         Drivers\STM32L4xx_HAL_Driver\Src\stm32l4xx_hal_i2c.o
HAL_I2C_Slave_Receive_IT                          Drivers\STM32L4xx_HAL_Driver\Src\stm32l4xx_hal_i2c.o
HAL_I2C_Slave_Sequential_Receive_IT               Drivers\STM32L4xx_HAL_Driver\Src\stm32l4xx_hal_i2c.o
HAL_I2C_Slave_Sequential_Transmit_IT              Drivers\STM32L4xx_HAL_Driver\Src\stm32l4xx_hal_i2c.o
HAL_I2C_Slave_Transmit                            Drivers\STM32L4xx_HAL_Driver\Src\stm32l4xx_hal_i2c.o
HAL_I2C_Slave_Transmit_DMA                        Drivers\STM32L4xx_HAL_Driver\Src\stm32l4xx_hal_i2c.o
HAL_I2C_Slave_Transmit_IT                         Drivers\STM32L4xx_HAL_Driver\Src\stm32l4xx_hal_i2c.o
HAL_IRDA_Abort                                    Drivers\STM32L4xx_HAL_Driver\Src\stm32l4xx_hal_irda.o
HAL_IRDA_AbortCpltCallback                        Drivers\STM32L4xx_HAL_Driver\Src\stm32l4xx_hal_irda.o
HAL_IRDA_AbortReceive                             Drivers\STM32L4xx_HAL_Driver\Src\stm32l4xx_hal_irda.o
HAL_IRDA_AbortReceiveCpltCallback                 Drivers\STM32L4xx_HAL_Driver\Src\stm32l4xx_hal_irda.o
HAL_IRDA_AbortReceive_IT                          Drivers\STM32L4xx_HAL_Driver\Src\stm32l4xx_hal_irda.o
HAL_IRDA_AbortTransmit                            Drivers\STM32L4xx_HAL_Driver\Src\stm32l4xx_hal_irda.o
HAL_IRDA_AbortTransmitCpltCallback                Drivers\STM32L4xx_HAL_Driver\Src\stm32l4xx_hal_irda.o
HAL_IRDA_AbortTransmit_IT                         Drivers\STM32L4xx_HAL_Driver\Src\stm32l4xx_hal_irda.o
HAL_IRDA_Abort_IT                                 Drivers\STM32L4xx_HAL_Driver\Src\stm32l4xx_hal_irda.o
HAL_IRDA_DMAPause                                 Drivers\STM32L4xx_HAL_Driver\Src\stm32l4xx_hal_irda.o
HAL_IRDA_DMAResume                                Drivers\STM32L4xx_HAL_Driver\Src\stm32l4xx_hal_irda.o
HAL_IRDA_DMAStop                                  Drivers\STM32L4xx_HAL_Driver\Src\stm32l4xx_hal_irda.o
HAL_IRDA_DeInit                                   Drivers\STM32L4xx_HAL_Driver\Src\stm32l4xx_hal_irda.o
HAL_IRDA_ErrorCallback                            Drivers\STM32L4xx_HAL_Driver\Src\stm32l4xx_hal_irda.o
HAL_IRDA_GetError                                 Drivers\STM32L4xx_HAL_Driver\Src\stm32l4xx_hal_irda.o
HAL_IRDA_GetState                                 Drivers\STM32L4xx_HAL_Driver\Src\stm32l4xx_hal_irda.o
HAL_IRDA_IRQHandler                               Drivers\STM32L4xx_HAL_Driver\Src\stm32l4xx_hal_irda.o
HAL_IRDA_Init                                     Drivers\STM32L4xx_HAL_Driver\Src\stm32l4xx_hal_irda.o
HAL_IRDA_MspDeInit                                Drivers\STM32L4xx_HAL_Driver\Src\stm32l4xx_hal_irda.o
HAL_IRDA_MspInit                                  Drivers\STM32L4xx_HAL_Driver\Src\stm32l4xx_hal_irda.o
HAL_IRDA_Receive                                  Drivers\STM32L4xx_HAL_Driver\Src\stm32l4xx_hal_irda.o
HAL_IRDA_Receive_DMA                              Drivers\STM32L4xx_HAL_Driver\Src\stm32l4xx_hal_irda.o
HAL_IRDA_Receive_IT                               Drivers\STM32L4xx_HAL_Driver\Src\stm32l4xx_hal_irda.o
HAL_IRDA_RxCpltCallback                           Drivers\STM32L4xx_HAL_Driver\Src\stm32l4xx_hal_irda.o
HAL_IRDA_RxHalfCpltCallback                       Drivers\STM32L4xx_HAL_Driver\Src\stm32l4xx_hal_irda.o
HAL_IRDA_Transmit                                 Drivers\STM32L4xx_HAL_Driver\Src\stm32l4xx_hal_irda.o
HAL_IRDA_Transmit_DMA                             Drivers\STM32L4xx_HAL_Driver\Src\stm32l4xx_hal_irda.o
HAL_IRDA_Transmit_IT                              Drivers\STM32L4xx_HAL_Driver\Src\stm32l4xx_hal_irda.o
HAL_IRDA_TxCpltCallback                           Drivers\STM32L4xx_HAL_Driver\Src\stm32l4xx_hal_irda.o
HAL_IRDA_TxHalfCpltCallback                       Drivers\STM32L4xx_HAL_Driver\Src\stm32l4xx_hal_irda.o
HAL_IWDG_Init                                     Drivers\STM32L4xx_HAL_Driver\Src\stm32l4xx_hal_iwdg.o
HAL_IWDG_Refresh                                  Drivers\STM32L4xx_HAL_Driver\Src\stm32l4xx_hal_iwdg.o
HAL_IncTick                                       Drivers\STM32L4xx_HAL_Driver\Src\stm32l4xx_hal.o
                                                  Drivers\STM32L4xx_HAL_Driver\Src\stm32l4xx_hal_timebase_tim_template.o
HAL_Init                                          Drivers\STM32L4xx_HAL_Driver\Src\stm32l4xx_hal.o
HAL_InitTick                                      Drivers\STM32L4xx_HAL_Driver\Src\stm32l4xx_hal_timebase_tim_template.o
                                                  Drivers\STM32L4xx_HAL_Driver\Src\stm32l4xx_hal.o
                                                  Drivers\STM32L4xx_HAL_Driver\Src\stm32l4xx_hal_rcc.o
HAL_LIN_Init                                      Drivers\STM32L4xx_HAL_Driver\Src\stm32l4xx_hal_uart.o
HAL_LIN_SendBreak                                 Drivers\STM32L4xx_HAL_Driver\Src\stm32l4xx_hal_uart.o
HAL_LPTIM_AutoReloadMatchCallback                 Drivers\STM32L4xx_HAL_Driver\Src\stm32l4xx_hal_lptim.o
HAL_LPTIM_AutoReloadWriteCallback                 Drivers\STM32L4xx_HAL_Driver\Src\stm32l4xx_hal_lptim.o
HAL_LPTIM_CompareMatchCallback                    Drivers\STM32L4xx_HAL_Driver\Src\stm32l4xx_hal_lptim.o
HAL_LPTIM_CompareWriteCallback                    Drivers\STM32L4xx_HAL_Driver\Src\stm32l4xx_hal_lptim.o
HAL_LPTIM_Counter_Start                           Drivers\STM32L4xx_HAL_Driver\Src\stm32l4xx_hal_lptim.o
HAL_LPTIM_Counter_Start_IT                        Drivers\STM32L4xx_HAL_Driver\Src\stm32l4xx_hal_lptim.o
HAL_LPTIM_Counter_Stop                            Drivers\STM32L4xx_HAL_Driver\Src\stm32l4xx_hal_lptim.o
HAL_LPTIM_Counter_Stop_IT                         Drivers\STM32L4xx_HAL_Driver\Src\stm32l4xx_hal_lptim.o
HAL_LPTIM_DeInit                                  Drivers\STM32L4xx_HAL_Driver\Src\stm32l4xx_hal_lptim.o
HAL_LPTIM_DirectionDownCallback                   Drivers\STM32L4xx_HAL_Driver\Src\stm32l4xx_hal_lptim.o
HAL_LPTIM_DirectionUpCallback                     Drivers\STM32L4xx_HAL_Driver\Src\stm32l4xx_hal_lptim.o
HAL_LPTIM_Encoder_Start                           Drivers\STM32L4xx_HAL_Driver\Src\stm32l4xx_hal_lptim.o
HAL_LPTIM_Encoder_Start_IT                        Drivers\STM32L4xx_HAL_Driver\Src\stm32l4xx_hal_lptim.o
HAL_LPTIM_Encoder_Stop                            Drivers\STM32L4xx_HAL_Driver\Src\stm32l4xx_hal_lptim.o
HAL_LPTIM_Encoder_Stop_IT                         Drivers\STM32L4xx_HAL_Driver\Src\stm32l4xx_hal_lptim.o
HAL_LPTIM_GetState                                Drivers\STM32L4xx_HAL_Driver\Src\stm32l4xx_hal_lptim.o
HAL_LPTIM_IRQHandler                              Drivers\STM32L4xx_HAL_Driver\Src\stm32l4xx_hal_lptim.o
HAL_LPTIM_Init                                    Drivers\STM32L4xx_HAL_Driver\Src\stm32l4xx_hal_lptim.o
HAL_LPTIM_MspDeInit                               Drivers\STM32L4xx_HAL_Driver\Src\stm32l4xx_hal_lptim.o
HAL_LPTIM_MspInit                                 Drivers\STM32L4xx_HAL_Driver\Src\stm32l4xx_hal_lptim.o
HAL_LPTIM_OnePulse_Start                          Drivers\STM32L4xx_HAL_Driver\Src\stm32l4xx_hal_lptim.o
HAL_LPTIM_OnePulse_Start_IT                       Drivers\STM32L4xx_HAL_Driver\Src\stm32l4xx_hal_lptim.o
HAL_LPTIM_OnePulse_Stop                           Drivers\STM32L4xx_HAL_Driver\Src\stm32l4xx_hal_lptim.o
HAL_LPTIM_OnePulse_Stop_IT                        Drivers\STM32L4xx_HAL_Driver\Src\stm32l4xx_hal_lptim.o
HAL_LPTIM_PWM_Start                               Drivers\STM32L4xx_HAL_Driver\Src\stm32l4xx_hal_lptim.o
HAL_LPTIM_PWM_Start_IT                            Drivers\STM32L4xx_HAL_Driver\Src\stm32l4xx_hal_lptim.o
HAL_LPTIM_PWM_Stop                                Drivers\STM32L4xx_HAL_Driver\Src\stm32l4xx_hal_lptim.o
HAL_LPTIM_PWM_Stop_IT                             Drivers\STM32L4xx_HAL_Driver\Src\stm32l4xx_hal_lptim.o
HAL_LPTIM_ReadAutoReload                          Drivers\STM32L4xx_HAL_Driver\Src\stm32l4xx_hal_lptim.o
HAL_LPTIM_ReadCompare                             Drivers\STM32L4xx_HAL_Driver\Src\stm32l4xx_hal_lptim.o
HAL_LPTIM_ReadCounter                             Drivers\STM32L4xx_HAL_Driver\Src\stm32l4xx_hal_lptim.o
HAL_LPTIM_SetOnce_Start                           Drivers\STM32L4xx_HAL_Driver\Src\stm32l4xx_hal_lptim.o
HAL_LPTIM_SetOnce_Start_IT                        Drivers\STM32L4xx_HAL_Driver\Src\stm32l4xx_hal_lptim.o
HAL_LPTIM_SetOnce_Stop                            Drivers\STM32L4xx_HAL_Driver\Src\stm32l4xx_hal_lptim.o
HAL_LPTIM_SetOnce_Stop_IT                         Drivers\STM32L4xx_HAL_Driver\Src\stm32l4xx_hal_lptim.o
HAL_LPTIM_TimeOut_Start                           Drivers\STM32L4xx_HAL_Driver\Src\stm32l4xx_hal_lptim.o
HAL_LPTIM_TimeOut_Start_IT                        Drivers\STM32L4xx_HAL_Driver\Src\stm32l4xx_hal_lptim.o
HAL_LPTIM_TimeOut_Stop                            Drivers\STM32L4xx_HAL_Driver\Src\stm32l4xx_hal_lptim.o
HAL_LPTIM_TimeOut_Stop_IT                         Drivers\STM32L4xx_HAL_Driver\Src\stm32l4xx_hal_lptim.o
HAL_LPTIM_TriggerCallback                         Drivers\STM32L4xx_HAL_Driver\Src\stm32l4xx_hal_lptim.o
HAL_MPU_ConfigRegion                              Drivers\STM32L4xx_HAL_Driver\Src\stm32l4xx_hal_cortex.o
HAL_MspDeInit                                     Drivers\STM32L4xx_HAL_Driver\Src\stm32l4xx_hal_msp_template.o
                                                  Drivers\STM32L4xx_HAL_Driver\Src\stm32l4xx_hal.o
HAL_MspInit                                       Drivers\STM32L4xx_HAL_Driver\Src\stm32l4xx_hal_msp_template.o
                                                  Drivers\STM32L4xx_HAL_Driver\Src\stm32l4xx_hal.o
HAL_MultiProcessorEx_AddressLength_Set            Drivers\STM32L4xx_HAL_Driver\Src\stm32l4xx_hal_uart_ex.o
HAL_MultiProcessor_DisableMuteMode                Drivers\STM32L4xx_HAL_Driver\Src\stm32l4xx_hal_uart.o
HAL_MultiProcessor_EnableMuteMode                 Drivers\STM32L4xx_HAL_Driver\Src\stm32l4xx_hal_uart.o
HAL_MultiProcessor_EnterMuteMode                  Drivers\STM32L4xx_HAL_Driver\Src\stm32l4xx_hal_uart.o
HAL_MultiProcessor_Init                           Drivers\STM32L4xx_HAL_Driver\Src\stm32l4xx_hal_uart.o
HAL_NVIC_ClearPendingIRQ                          Drivers\STM32L4xx_HAL_Driver\Src\stm32l4xx_hal_cortex.o
HAL_NVIC_DisableIRQ                               Drivers\STM32L4xx_HAL_Driver\Src\stm32l4xx_hal_cortex.o
HAL_NVIC_EnableIRQ                                Drivers\STM32L4xx_HAL_Driver\Src\stm32l4xx_hal_cortex.o
                                                  Drivers\STM32L4xx_HAL_Driver\Src\stm32l4xx_hal_timebase_tim_template.o
HAL_NVIC_GetActive                                Drivers\STM32L4xx_HAL_Driver\Src\stm32l4xx_hal_cortex.o
HAL_NVIC_GetPendingIRQ                            Drivers\STM32L4xx_HAL_Driver\Src\stm32l4xx_hal_cortex.o
HAL_NVIC_GetPriority                              Drivers\STM32L4xx_HAL_Driver\Src\stm32l4xx_hal_cortex.o
HAL_NVIC_GetPriorityGrouping                      Drivers\STM32L4xx_HAL_Driver\Src\stm32l4xx_hal_cortex.o
HAL_NVIC_SetPendingIRQ                            Drivers\STM32L4xx_HAL_Driver\Src\stm32l4xx_hal_cortex.o
HAL_NVIC_SetPriority                              Drivers\STM32L4xx_HAL_Driver\Src\stm32l4xx_hal_cortex.o
                                                  Drivers\STM32L4xx_HAL_Driver\Src\stm32l4xx_hal_timebase_tim_template.o
                                                  Drivers\STM32L4xx_HAL_Driver\Src\stm32l4xx_hal.o
HAL_NVIC_SetPriorityGrouping                      Drivers\STM32L4xx_HAL_Driver\Src\stm32l4xx_hal_cortex.o
                                                  Drivers\STM32L4xx_HAL_Driver\Src\stm32l4xx_hal.o
HAL_NVIC_SystemReset                              Drivers\STM32L4xx_HAL_Driver\Src\stm32l4xx_hal_cortex.o
HAL_OPAMPEx_Unlock                                Drivers\STM32L4xx_HAL_Driver\Src\stm32l4xx_hal_opamp_ex.o
HAL_OPAMP_DeInit                                  Drivers\STM32L4xx_HAL_Driver\Src\stm32l4xx_hal_opamp.o
HAL_OPAMP_GetState                                Drivers\STM32L4xx_HAL_Driver\Src\stm32l4xx_hal_opamp.o
HAL_OPAMP_GetTrimOffset                           Drivers\STM32L4xx_HAL_Driver\Src\stm32l4xx_hal_opamp.o
HAL_OPAMP_Init                                    Drivers\STM32L4xx_HAL_Driver\Src\stm32l4xx_hal_opamp.o
HAL_OPAMP_Lock                                    Drivers\STM32L4xx_HAL_Driver\Src\stm32l4xx_hal_opamp.o
HAL_OPAMP_MspDeInit                               Drivers\STM32L4xx_HAL_Driver\Src\stm32l4xx_hal_opamp.o
HAL_OPAMP_MspInit                                 Drivers\STM32L4xx_HAL_Driver\Src\stm32l4xx_hal_opamp.o
HAL_OPAMP_SelfCalibrate                           Drivers\STM32L4xx_HAL_Driver\Src\stm32l4xx_hal_opamp.o
HAL_OPAMP_Start                                   Drivers\STM32L4xx_HAL_Driver\Src\stm32l4xx_hal_opamp.o
HAL_OPAMP_Stop                                    Drivers\STM32L4xx_HAL_Driver\Src\stm32l4xx_hal_opamp.o
HAL_PCDEx_ActivateBCD                             Drivers\STM32L4xx_HAL_Driver\Src\stm32l4xx_hal_pcd_ex.o
                                                  Drivers\STM32L4xx_HAL_Driver\Src\stm32l4xx_hal_pcd.o
HAL_PCDEx_ActivateLPM                             Drivers\STM32L4xx_HAL_Driver\Src\stm32l4xx_hal_pcd_ex.o
                                                  Drivers\STM32L4xx_HAL_Driver\Src\stm32l4xx_hal_pcd.o
HAL_PCDEx_BCD_Callback                            Drivers\STM32L4xx_HAL_Driver\Src\stm32l4xx_hal_pcd_ex.o
HAL_PCDEx_BCD_VBUSDetect                          Drivers\STM32L4xx_HAL_Driver\Src\stm32l4xx_hal_pcd_ex.o
HAL_PCDEx_DeActivateBCD                           Drivers\STM32L4xx_HAL_Driver\Src\stm32l4xx_hal_pcd_ex.o
HAL_PCDEx_DeActivateLPM                           Drivers\STM32L4xx_HAL_Driver\Src\stm32l4xx_hal_pcd_ex.o
HAL_PCDEx_LPM_Callback                            Drivers\STM32L4xx_HAL_Driver\Src\stm32l4xx_hal_pcd_ex.o
                                                  Drivers\STM32L4xx_HAL_Driver\Src\stm32l4xx_hal_pcd.o
HAL_PCDEx_PMAConfig                               Drivers\STM32L4xx_HAL_Driver\Src\stm32l4xx_hal_pcd_ex.o
HAL_PCD_ActivateRemoteWakeup                      Drivers\STM32L4xx_HAL_Driver\Src\stm32l4xx_hal_pcd.o
HAL_PCD_ConnectCallback                           Drivers\STM32L4xx_HAL_Driver\Src\stm32l4xx_hal_pcd.o
HAL_PCD_DataInStageCallback                       Drivers\STM32L4xx_HAL_Driver\Src\stm32l4xx_hal_pcd.o
HAL_PCD_DataOutStageCallback                      Drivers\STM32L4xx_HAL_Driver\Src\stm32l4xx_hal_pcd.o
HAL_PCD_DeActivateRemoteWakeup                    Drivers\STM32L4xx_HAL_Driver\Src\stm32l4xx_hal_pcd.o
HAL_PCD_DeInit                                    Drivers\STM32L4xx_HAL_Driver\Src\stm32l4xx_hal_pcd.o
HAL_PCD_DevConnect                                Drivers\STM32L4xx_HAL_Driver\Src\stm32l4xx_hal_pcd.o
HAL_PCD_DevDisconnect                             Drivers\STM32L4xx_HAL_Driver\Src\stm32l4xx_hal_pcd.o
HAL_PCD_DisconnectCallback                        Drivers\STM32L4xx_HAL_Driver\Src\stm32l4xx_hal_pcd.o
HAL_PCD_EP_Close                                  Drivers\STM32L4xx_HAL_Driver\Src\stm32l4xx_hal_pcd.o
HAL_PCD_EP_ClrStall                               Drivers\STM32L4xx_HAL_Driver\Src\stm32l4xx_hal_pcd.o
HAL_PCD_EP_Flush                                  Drivers\STM32L4xx_HAL_Driver\Src\stm32l4xx_hal_pcd.o
HAL_PCD_EP_GetRxCount                             Drivers\STM32L4xx_HAL_Driver\Src\stm32l4xx_hal_pcd.o
HAL_PCD_EP_Open                                   Drivers\STM32L4xx_HAL_Driver\Src\stm32l4xx_hal_pcd.o
HAL_PCD_EP_Receive                                Drivers\STM32L4xx_HAL_Driver\Src\stm32l4xx_hal_pcd.o
HAL_PCD_EP_SetStall                               Drivers\STM32L4xx_HAL_Driver\Src\stm32l4xx_hal_pcd.o
HAL_PCD_EP_Transmit                               Drivers\STM32L4xx_HAL_Driver\Src\stm32l4xx_hal_pcd.o
HAL_PCD_GetState                                  Drivers\STM32L4xx_HAL_Driver\Src\stm32l4xx_hal_pcd.o
HAL_PCD_IRQHandler                                Drivers\STM32L4xx_HAL_Driver\Src\stm32l4xx_hal_pcd.o
HAL_PCD_ISOINIncompleteCallback                   Drivers\STM32L4xx_HAL_Driver\Src\stm32l4xx_hal_pcd.o
HAL_PCD_ISOOUTIncompleteCallback                  Drivers\STM32L4xx_HAL_Driver\Src\stm32l4xx_hal_pcd.o
HAL_PCD_Init                                      Drivers\STM32L4xx_HAL_Driver\Src\stm32l4xx_hal_pcd.o
HAL_PCD_MspDeInit                                 Drivers\STM32L4xx_HAL_Driver\Src\stm32l4xx_hal_pcd.o
HAL_PCD_MspInit                                   Drivers\STM32L4xx_HAL_Driver\Src\stm32l4xx_hal_pcd.o
HAL_PCD_ResetCallback                             Drivers\STM32L4xx_HAL_Driver\Src\stm32l4xx_hal_pcd.o
HAL_PCD_ResumeCallback                            Drivers\STM32L4xx_HAL_Driver\Src\stm32l4xx_hal_pcd.o
HAL_PCD_SOFCallback                               Drivers\STM32L4xx_HAL_Driver\Src\stm32l4xx_hal_pcd.o
HAL_PCD_SetAddress                                Drivers\STM32L4xx_HAL_Driver\Src\stm32l4xx_hal_pcd.o
HAL_PCD_SetupStageCallback                        Drivers\STM32L4xx_HAL_Driver\Src\stm32l4xx_hal_pcd.o