Archive member included to satisfy reference by file (symbol)

d:/program files (x86)/truestudio for stm32 9.0.0/armtools/bin/../lib/gcc/arm-atollic-eabi/6.3.1/../../../../arm-atollic-eabi/lib/armv7e-m/fpu\libc.a(lib_a-errno.o)
                              src\syscalls.o (__errno)
d:/program files (x86)/truestudio for stm32 9.0.0/armtools/bin/../lib/gcc/arm-atollic-eabi/6.3.1/../../../../arm-atollic-eabi/lib/armv7e-m/fpu\libc.a(lib_a-impure.o)
                              d:/program files (x86)/truestudio for stm32 9.0.0/armtools/bin/../lib/gcc/arm-atollic-eabi/6.3.1/../../../../arm-atollic-eabi/lib/armv7e-m/fpu\libc.a(lib_a-errno.o) (_impure_ptr)
d:/program files (x86)/truestudio for stm32 9.0.0/armtools/bin/../lib/gcc/arm-atollic-eabi/6.3.1/../../../../arm-atollic-eabi/lib/armv7e-m/fpu\libc.a(lib_a-init.o)
                              startup\startup_stm32l433xx.o (__libc_init_array)
d:/program files (x86)/truestudio for stm32 9.0.0/armtools/bin/../lib/gcc/arm-atollic-eabi/6.3.1/../../../../arm-atollic-eabi/lib/armv7e-m/fpu\libc.a(lib_a-sprintf.o)
                              src\main.o (sprintf)
d:/program files (x86)/truestudio for stm32 9.0.0/armtools/bin/../lib/gcc/arm-atollic-eabi/6.3.1/../../../../arm-atollic-eabi/lib/armv7e-m/fpu\libc.a(lib_a-strlen.o)
                              src\TomLib_USART.o (strlen)
d:/program files (x86)/truestudio for stm32 9.0.0/armtools/bin/../lib/gcc/arm-atollic-eabi/6.3.1/../../../../arm-atollic-eabi/lib/armv7e-m/fpu\libc.a(lib_a-svfprintf.o)
                              d:/program files (x86)/truestudio for stm32 9.0.0/armtools/bin/../lib/gcc/arm-atollic-eabi/6.3.1/../../../../arm-atollic-eabi/lib/armv7e-m/fpu\libc.a(lib_a-sprintf.o) (_svfprintf_r)
d:/program files (x86)/truestudio for stm32 9.0.0/armtools/bin/../lib/gcc/arm-atollic-eabi/6.3.1/../../../../arm-atollic-eabi/lib/armv7e-m/fpu\libc.a(lib_a-dtoa.o)
                              d:/program files (x86)/truestudio for stm32 9.0.0/armtools/bin/../lib/gcc/arm-atollic-eabi/6.3.1/../../../../arm-atollic-eabi/lib/armv7e-m/fpu\libc.a(lib_a-svfprintf.o) (_dtoa_r)
d:/program files (x86)/truestudio for stm32 9.0.0/armtools/bin/../lib/gcc/arm-atollic-eabi/6.3.1/../../../../arm-atollic-eabi/lib/armv7e-m/fpu\libc.a(lib_a-localeconv.o)
                              d:/program files (x86)/truestudio for stm32 9.0.0/armtools/bin/../lib/gcc/arm-atollic-eabi/6.3.1/../../../../arm-atollic-eabi/lib/armv7e-m/fpu\libc.a(lib_a-svfprintf.o) (_localeconv_r)
d:/program files (x86)/truestudio for stm32 9.0.0/armtools/bin/../lib/gcc/arm-atollic-eabi/6.3.1/../../../../arm-atollic-eabi/lib/armv7e-m/fpu\libc.a(lib_a-malloc.o)
                              d:/program files (x86)/truestudio for stm32 9.0.0/armtools/bin/../lib/gcc/arm-atollic-eabi/6.3.1/../../../../arm-atollic-eabi/lib/armv7e-m/fpu\libc.a(lib_a-dtoa.o) (malloc)
d:/program files (x86)/truestudio for stm32 9.0.0/armtools/bin/../lib/gcc/arm-atollic-eabi/6.3.1/../../../../arm-atollic-eabi/lib/armv7e-m/fpu\libc.a(lib_a-mallocr.o)
                              d:/program files (x86)/truestudio for stm32 9.0.0/armtools/bin/../lib/gcc/arm-atollic-eabi/6.3.1/../../../../arm-atollic-eabi/lib/armv7e-m/fpu\libc.a(lib_a-svfprintf.o) (_malloc_r)
d:/program files (x86)/truestudio for stm32 9.0.0/armtools/bin/../lib/gcc/arm-atollic-eabi/6.3.1/../../../../arm-atollic-eabi/lib/armv7e-m/fpu\libc.a(lib_a-memchr.o)
                              d:/program files (x86)/truestudio for stm32 9.0.0/armtools/bin/../lib/gcc/arm-atollic-eabi/6.3.1/../../../../arm-atollic-eabi/lib/armv7e-m/fpu\libc.a(lib_a-svfprintf.o) (memchr)
d:/program files (x86)/truestudio for stm32 9.0.0/armtools/bin/../lib/gcc/arm-atollic-eabi/6.3.1/../../../../arm-atollic-eabi/lib/armv7e-m/fpu\libc.a(lib_a-memcpy-stub.o)
                              d:/program files (x86)/truestudio for stm32 9.0.0/armtools/bin/../lib/gcc/arm-atollic-eabi/6.3.1/../../../../arm-atollic-eabi/lib/armv7e-m/fpu\libc.a(lib_a-dtoa.o) (memcpy)
d:/program files (x86)/truestudio for stm32 9.0.0/armtools/bin/../lib/gcc/arm-atollic-eabi/6.3.1/../../../../arm-atollic-eabi/lib/armv7e-m/fpu\libc.a(lib_a-mlock.o)
                              d:/program files (x86)/truestudio for stm32 9.0.0/armtools/bin/../lib/gcc/arm-atollic-eabi/6.3.1/../../../../arm-atollic-eabi/lib/armv7e-m/fpu\libc.a(lib_a-mallocr.o) (__malloc_lock)
d:/program files (x86)/truestudio for stm32 9.0.0/armtools/bin/../lib/gcc/arm-atollic-eabi/6.3.1/../../../../arm-atollic-eabi/lib/armv7e-m/fpu\libc.a(lib_a-mprec.o)
                              d:/program files (x86)/truestudio for stm32 9.0.0/armtools/bin/../lib/gcc/arm-atollic-eabi/6.3.1/../../../../arm-atollic-eabi/lib/armv7e-m/fpu\libc.a(lib_a-dtoa.o) (_Balloc)
d:/program files (x86)/truestudio for stm32 9.0.0/armtools/bin/../lib/gcc/arm-atollic-eabi/6.3.1/../../../../arm-atollic-eabi/lib/armv7e-m/fpu\libc.a(lib_a-sbrkr.o)
[...]
Memory Configuration

Name             Origin             Length             Attributes
FLASH            0x08000000         0x00040000         xr
RAM              0x20000000         0x0000c000         xrw
RAM2             0x10000000         0x00004000         rw
MEMORY_B1        0x60000000         0x00000000         xr
*default*        0x00000000         0xffffffff

Linker script and memory map

LOAD d:/program files (x86)/truestudio for stm32 9.0.0/armtools/bin/../lib/gcc/arm-atollic-eabi/6.3.1/armv7e-m/fpu/crti.o
LOAD d:/program files (x86)/truestudio for stm32 9.0.0/armtools/bin/../lib/gcc/arm-atollic-eabi/6.3.1/armv7e-m/fpu/crtbegin.o
LOAD Drivers\STM32L4xx_HAL_Driver\Src\stm32l4xx_hal.o
LOAD Drivers\STM32L4xx_HAL_Driver\Src\stm32l4xx_hal_adc.o
LOAD Drivers\STM32L4xx_HAL_Driver\Src\stm32l4xx_hal_adc_ex.o
LOAD Drivers\STM32L4xx_HAL_Driver\Src\stm32l4xx_hal_can.o
LOAD Drivers\STM32L4xx_HAL_Driver\Src\stm32l4xx_hal_comp.o
LOAD Drivers\STM32L4xx_HAL_Driver\Src\stm32l4xx_hal_cortex.o
LOAD Drivers\STM32L4xx_HAL_Driver\Src\stm32l4xx_hal_crc.o
LOAD Drivers\STM32L4xx_HAL_Driver\Src\stm32l4xx_hal_crc_ex.o
LOAD Drivers\STM32L4xx_HAL_Driver\Src\stm32l4xx_hal_cryp.o
LOAD Drivers\STM32L4xx_HAL_Driver\Src\stm32l4xx_hal_cryp_ex.o
LOAD Drivers\STM32L4xx_HAL_Driver\Src\stm32l4xx_hal_dac.o
LOAD Drivers\STM32L4xx_HAL_Driver\Src\stm32l4xx_hal_dac_ex.o
LOAD Drivers\STM32L4xx_HAL_Driver\Src\stm32l4xx_hal_dcmi.o
LOAD Drivers\STM32L4xx_HAL_Driver\Src\stm32l4xx_hal_dfsdm.o
LOAD Drivers\STM32L4xx_HAL_Driver\Src\stm32l4xx_hal_dfsdm_ex.o
LOAD Drivers\STM32L4xx_HAL_Driver\Src\stm32l4xx_hal_dma.o
LOAD Drivers\STM32L4xx_HAL_Driver\Src\stm32l4xx_hal_dma2d.o
LOAD Drivers\STM32L4xx_HAL_Driver\Src\stm32l4xx_hal_dma_ex.o
LOAD Drivers\STM32L4xx_HAL_Driver\Src\stm32l4xx_hal_dsi.o
LOAD Drivers\STM32L4xx_HAL_Driver\Src\stm32l4xx_hal_firewall.o
LOAD Drivers\STM32L4xx_HAL_Driver\Src\stm32l4xx_hal_flash.o
LOAD Drivers\STM32L4xx_HAL_Driver\Src\stm32l4xx_hal_flash_ex.o
LOAD Drivers\STM32L4xx_HAL_Driver\Src\stm32l4xx_hal_flash_ramfunc.o
LOAD Drivers\STM32L4xx_HAL_Driver\Src\stm32l4xx_hal_gfxmmu.o
LOAD Drivers\STM32L4xx_HAL_Driver\Src\stm32l4xx_hal_gpio.o
LOAD Drivers\STM32L4xx_HAL_Driver\Src\stm32l4xx_hal_hash.o
LOAD Drivers\STM32L4xx_HAL_Driver\Src\stm32l4xx_hal_hash_ex.o
LOAD Drivers\STM32L4xx_HAL_Driver\Src\stm32l4xx_hal_hcd.o
LOAD Drivers\STM32L4xx_HAL_Driver\Src\stm32l4xx_hal_i2c.o
LOAD Drivers\STM32L4xx_HAL_Driver\Src\stm32l4xx_hal_i2c_ex.o
LOAD Drivers\STM32L4xx_HAL_Driver\Src\stm32l4xx_hal_irda.o
LOAD Drivers\STM32L4xx_HAL_Driver\Src\stm32l4xx_hal_iwdg.o
LOAD Drivers\STM32L4xx_HAL_Driver\Src\stm32l4xx_hal_lcd.o
LOAD Drivers\STM32L4xx_HAL_Driver\Src\stm32l4xx_hal_lptim.o
LOAD Drivers\STM32L4xx_HAL_Driver\Src\stm32l4xx_hal_ltdc.o
LOAD Drivers\STM32L4xx_HAL_Driver\Src\stm32l4xx_hal_ltdc_ex.o
LOAD Drivers\STM32L4xx_HAL_Driver\Src\stm32l4xx_hal_msp_template.o
LOAD Drivers\STM32L4xx_HAL_Driver\Src\stm32l4xx_hal_nand.o
LOAD Drivers\STM32L4xx_HAL_Driver\Src\stm32l4xx_hal_nor.o
LOAD Drivers\STM32L4xx_HAL_Driver\Src\stm32l4xx_hal_opamp.o
LOAD Drivers\STM32L4xx_HAL_Driver\Src\stm32l4xx_hal_opamp_ex.o
LOAD Drivers\STM32L4xx_HAL_Driver\Src\stm32l4xx_hal_ospi.o
LOAD Drivers\STM32L4xx_HAL_Driver\Src\stm32l4xx_hal_pcd.o
LOAD Drivers\STM32L4xx_HAL_Driver\Src\stm32l4xx_hal_pcd_ex.o
LOAD Drivers\STM32L4xx_HAL_Driver\Src\stm32l4xx_hal_pwr.o
LOAD Drivers\STM32L4xx_HAL_Driver\Src\stm32l4xx_hal_pwr_ex.o
LOAD Drivers\STM32L4xx_HAL_Driver\Src\stm32l4xx_hal_qspi.o
LOAD Drivers\STM32L4xx_HAL_Driver\Src\stm32l4xx_hal_rcc.o
LOAD Drivers\STM32L4xx_HAL_Driver\Src\stm32l4xx_hal_rcc_ex.o
LOAD Drivers\STM32L4xx_HAL_Driver\Src\stm32l4xx_hal_rng.o
LOAD Drivers\STM32L4xx_HAL_Driver\Src\stm32l4xx_hal_rtc.o
LOAD Drivers\STM32L4xx_HAL_Driver\Src\stm32l4xx_hal_rtc_ex.o
LOAD Drivers\STM32L4xx_HAL_Driver\Src\stm32l4xx_hal_sai.o
LOAD Drivers\STM32L4xx_HAL_Driver\Src\stm32l4xx_hal_sai_ex.o
LOAD Drivers\STM32L4xx_HAL_Driver\Src\stm32l4xx_hal_sd.o
LOAD Drivers\STM32L4xx_HAL_Driver\Src\stm32l4xx_hal_sd_ex.o
LOAD Drivers\STM32L4xx_HAL_Driver\Src\stm32l4xx_hal_smartcard.o
LOAD Drivers\STM32L4xx_HAL_Driver\Src\stm32l4xx_hal_smartcard_ex.o
LOAD Drivers\STM32L4xx_HAL_Driver\Src\stm32l4xx_hal_smbus.o
LOAD Drivers\STM32L4xx_HAL_Driver\Src\stm32l4xx_hal_spi.o
LOAD Drivers\STM32L4xx_HAL_Driver\Src\stm32l4xx_hal_spi_ex.o
LOAD Drivers\STM32L4xx_HAL_Driver\Src\stm32l4xx_hal_sram.o
LOAD Drivers\STM32L4xx_HAL_Driver\Src\stm32l4xx_hal_swpmi.o
LOAD Drivers\STM32L4xx_HAL_Driver\Src\stm32l4xx_hal_tim.o
LOAD Drivers\STM32L4xx_HAL_Driver\Src\stm32l4xx_hal_tim_ex.o
LOAD Drivers\STM32L4xx_HAL_Driver\Src\stm32l4xx_hal_timebase_tim_template.o
LOAD Drivers\STM32L4xx_HAL_Driver\Src\stm32l4xx_hal_tsc.o
LOAD Drivers\STM32L4xx_HAL_Driver\Src\stm32l4xx_hal_uart.o
LOAD Drivers\STM32L4xx_HAL_Driver\Src\stm32l4xx_hal_uart_ex.o
LOAD Drivers\STM32L4xx_HAL_Driver\Src\stm32l4xx_hal_usart.o
LOAD Drivers\STM32L4xx_HAL_Driver\Src\stm32l4xx_hal_usart_ex.o
LOAD Drivers\STM32L4xx_HAL_Driver\Src\stm32l4xx_hal_wwdg.o
LOAD Drivers\STM32L4xx_HAL_Driver\Src\stm32l4xx_ll_adc.o
LOAD Drivers\STM32L4xx_HAL_Driver\Src\stm32l4xx_ll_comp.o
LOAD Drivers\STM32L4xx_HAL_Driver\Src\stm32l4xx_ll_crc.o
LOAD Drivers\STM32L4xx_HAL_Driver\Src\stm32l4xx_ll_crs.o
LOAD Drivers\STM32L4xx_HAL_Driver\Src\stm32l4xx_ll_dac.o
LOAD Drivers\STM32L4xx_HAL_Driver\Src\stm32l4xx_ll_dma.o
LOAD Drivers\STM32L4xx_HAL_Driver\Src\stm32l4xx_ll_dma2d.o
LOAD Drivers\STM32L4xx_HAL_Driver\Src\stm32l4xx_ll_exti.o
LOAD Drivers\STM32L4xx_HAL_Driver\Src\stm32l4xx_ll_fmc.o
LOAD Drivers\STM32L4xx_HAL_Driver\Src\stm32l4xx_ll_gpio.o
LOAD Drivers\STM32L4xx_HAL_Driver\Src\stm32l4xx_ll_i2c.o
LOAD Drivers\STM32L4xx_HAL_Driver\Src\stm32l4xx_ll_lptim.o
LOAD Drivers\STM32L4xx_HAL_Driver\Src\stm32l4xx_ll_lpuart.o
LOAD Drivers\STM32L4xx_HAL_Driver\Src\stm32l4xx_ll_opamp.o
LOAD Drivers\STM32L4xx_HAL_Driver\Src\stm32l4xx_ll_pwr.o
LOAD Drivers\STM32L4xx_HAL_Driver\Src\stm32l4xx_ll_rcc.o
LOAD Drivers\STM32L4xx_HAL_Driver\Src\stm32l4xx_ll_rng.o
LOAD Drivers\STM32L4xx_HAL_Driver\Src\stm32l4xx_ll_rtc.o
LOAD Drivers\STM32L4xx_HAL_Driver\Src\stm32l4xx_ll_sdmmc.o
LOAD Drivers\STM32L4xx_HAL_Driver\Src\stm32l4xx_ll_spi.o
LOAD Drivers\STM32L4xx_HAL_Driver\Src\stm32l4xx_ll_swpmi.o
LOAD Drivers\STM32L4xx_HAL_Driver\Src\stm32l4xx_ll_tim.o
LOAD Drivers\STM32L4xx_HAL_Driver\Src\stm32l4xx_ll_usart.o
LOAD Drivers\STM32L4xx_HAL_Driver\Src\stm32l4xx_ll_usb.o
LOAD Drivers\STM32L4xx_HAL_Driver\Src\stm32l4xx_ll_utils.o
LOAD src\Periph_Init.o
LOAD src\Procedures.o
LOAD src\TomLib_I2C.o
LOAD src\TomLib_NRF24L01.o
LOAD src\TomLib_SPI.o
LOAD src\TomLib_SYS.o
LOAD src\TomLib_USART.o
LOAD src\main.o
LOAD src\stm32l4xx_it.o
LOAD src\syscalls.o
LOAD src\system_stm32l4xx.o
LOAD startup\startup_stm32l433xx.o
                0x00000080                malloc_getpagesize_P = 0x80
START GROUP
LOAD d:/program files (x86)/truestudio for stm32 9.0.0/armtools/bin/../lib/gcc/arm-atollic-eabi/6.3.1/../../../../arm-atollic-eabi/lib/armv7e-m/fpu\libc.a
LOAD d:/program files (x86)/truestudio for stm32 9.0.0/armtools/bin/../lib/gcc/arm-atollic-eabi/6.3.1/../../../../arm-atollic-eabi/lib/armv7e-m/fpu\libm.a
END GROUP
START GROUP
LOAD d:/program files (x86)/truestudio for stm32 9.0.0/armtools/bin/../lib/gcc/arm-atollic-eabi/6.3.1/armv7e-m/fpu\libgcc.a
LOAD d:/program files (x86)/truestudio for stm32 9.0.0/armtools/bin/../lib/gcc/arm-atollic-eabi/6.3.1/../../../../arm-atollic-eabi/lib/armv7e-m/fpu\libc.a
END GROUP
START GROUP
LOAD d:/program files (x86)/truestudio for stm32 9.0.0/armtools/bin/../lib/gcc/arm-atollic-eabi/6.3.1/armv7e-m/fpu\libgcc.a
LOAD d:/program files (x86)/truestudio for stm32 9.0.0/armtools/bin/../lib/gcc/arm-atollic-eabi/6.3.1/../../../../arm-atollic-eabi/lib/armv7e-m/fpu\libc.a
LOAD d:/program files (x86)/truestudio for stm32 9.0.0/armtools/bin/../lib/gcc/arm-atollic-eabi/6.3.1/../../../../arm-atollic-eabi/lib/armv7e-m/fpu\libnosys.a
END GROUP
LOAD d:/program files (x86)/truestudio for stm32 9.0.0/armtools/bin/../lib/gcc/arm-atollic-eabi/6.3.1/armv7e-m/fpu/crtend.o
LOAD d:/program files (x86)/truestudio for stm32 9.0.0/armtools/bin/../lib/gcc/arm-atollic-eabi/6.3.1/armv7e-m/fpu/crtn.o
                0x2000c000                _estack = 0x2000c000
                0x00000000                _Min_Heap_Size = 0x0
                0x00000200                _Min_Stack_Size = 0x200

.isr_vector     0x08000000      0x18c
                0x08000000                . = ALIGN (0x4)
 *(.isr_vector)
 .isr_vector    0x08000000      0x18c startup\startup_stm32l433xx.o
                0x08000000                g_pfnVectors
                0x0800018c                . = ALIGN (0x4)

.text           0x08000190     0x7790
                0x08000190                . = ALIGN (0x4)
 *(.text)
 .text          0x08000190       0x40 d:/program files (x86)/truestudio for stm32 9.0.0/armtools/bin/../lib/gcc/arm-atollic-eabi/6.3.1/armv7e-m/fpu/crtbegin.o
 .text          0x080001d0       0x10 d:/program files (x86)/truestudio for stm32 9.0.0/armtools/bin/../lib/gcc/arm-atollic-eabi/6.3.1/../../../../arm-atollic-eabi/lib/armv7e-m/fpu\libc.a(lib_a-strlen.o)
                0x080001d0                strlen
 .text          0x080001e0       0xa0 d:/program files (x86)/truestudio for stm32 9.0.0/armtools/bin/../lib/gcc/arm-atollic-eabi/6.3.1/../../../../arm-atollic-eabi/lib/armv7e-m/fpu\libc.a(lib_a-memchr.o)
                0x080001e0                memchr
 .text          0x08000280      0x370 d:/program files (x86)/truestudio for stm32 9.0.0/armtools/bin/../lib/gcc/arm-atollic-eabi/6.3.1/armv7e-m/fpu\libgcc.a(_arm_addsubdf3.o)
                0x08000280                __aeabi_drsub
                0x08000288                __aeabi_dsub
                0x08000288                __subdf3
                0x0800028c                __aeabi_dadd
                0x0800028c                __adddf3
                0x08000504                __floatunsidf
                0x08000504                __aeabi_ui2d
                0x08000524                __floatsidf
                0x08000524                __aeabi_i2d
                0x08000548                __aeabi_f2d
                0x08000548                __extendsfdf2
                0x08000584                __floatundidf
                0x08000584                __aeabi_ul2d
                0x08000594                __floatdidf
                0x08000594                __aeabi_l2d
 .text          0x080005f0      0x424 d:/program files (x86)/truestudio for stm32 9.0.0/armtools/bin/../lib/gcc/arm-atollic-eabi/6.3.1/armv7e-m/fpu\libgcc.a(_arm_muldivdf3.o)
                0x080005f0                __aeabi_dmul
                0x080005f0                __muldf3
                0x08000844                __divdf3
                0x08000844                __aeabi_ddiv
 .text          0x08000a14      0x110 d:/program files (x86)/truestudio for stm32 9.0.0/armtools/bin/../lib/gcc/arm-atollic-eabi/6.3.1/armv7e-m/fpu\libgcc.a(_arm_cmpdf2.o)
                0x08000a14                __gtdf2
                0x08000a14                __gedf2
                0x08000a1c                __ltdf2
                0x08000a1c                __ledf2
                0x08000a24                __nedf2
                0x08000a24                __eqdf2
                0x08000a24                __cmpdf2
                0x08000aa0                __aeabi_cdrcmple
                0x08000ab0                __aeabi_cdcmpeq
                0x08000ab0                __aeabi_cdcmple
                0x08000ac0                __aeabi_dcmpeq
                0x08000ad4                __aeabi_dcmplt
                0x08000ae8                __aeabi_dcmple
                0x08000afc                __aeabi_dcmpge
                0x08000b10                __aeabi_dcmpgt
 .text          0x08000b24       0x2c d:/program files (x86)/truestudio for stm32 9.0.0/armtools/bin/../lib/gcc/arm-atollic-eabi/6.3.1/armv7e-m/fpu\libgcc.a(_arm_unorddf2.o)
                0x08000b24                __unorddf2
                0x08000b24                __aeabi_dcmpun
 .text          0x08000b50       0x50 d:/program files (x86)/truestudio for stm32 9.0.0/armtools/bin/../lib/gcc/arm-atollic-eabi/6.3.1/armv7e-m/fpu\libgcc.a(_arm_fixdfsi.o)
                0x08000b50                __aeabi_d2iz
                0x08000b50                __fixdfsi
 .text          0x08000ba0       0xa0 d:/program files (x86)/truestudio for stm32 9.0.0/armtools/bin/../lib/gcc/arm-atollic-eabi/6.3.1/armv7e-m/fpu\libgcc.a(_arm_truncdfsf2.o)
                0x08000ba0                __truncdfsf2
                0x08000ba0                __aeabi_d2f
 .text          0x08000c40       0x30 d:/program files (x86)/truestudio for stm32 9.0.0/armtools/bin/../lib/gcc/arm-atollic-eabi/6.3.1/armv7e-m/fpu\libgcc.a(_aeabi_uldivmod.o)
                0x08000c40                __aeabi_uldivmod
 .text          0x08000c70      0x2dc d:/program files (x86)/truestudio for stm32 9.0.0/armtools/bin/../lib/gcc/arm-atollic-eabi/6.3.1/armv7e-m/fpu\libgcc.a(_udivmoddi4.o)
                0x08000c70                __udivmoddi4
 .text          0x08000f4c        0x4 d:/program files (x86)/truestudio for stm32 9.0.0/armtools/bin/../lib/gcc/arm-atollic-eabi/6.3.1/armv7e-m/fpu\libgcc.a(_dvmd_tls.o)
                0x08000f4c                __aeabi_idiv0
                0x08000f4c                __aeabi_ldiv0
 *(.text*)
 .text.HAL_IncTick
                0x08000f50       0x1c Drivers\STM32L4xx_HAL_Driver\Src\stm32l4xx_hal.o
                0x08000f50                HAL_IncTick
 .text.HAL_TIM_IRQHandler
                0x08000f6c      0x210 Drivers\STM32L4xx_HAL_Driver\Src\stm32l4xx_hal_tim.o
                0x08000f6c                HAL_TIM_IRQHandler
 .text.HAL_TIM_OC_DelayElapsedCallback
                0x0800117c       0x14 Drivers\STM32L4xx_HAL_Driver\Src\stm32l4xx_hal_tim.o
                0x0800117c                HAL_TIM_OC_DelayElapsedCallback
 .text.HAL_TIM_IC_CaptureCallback
                0x08001190       0x14 Drivers\STM32L4xx_HAL_Driver\Src\stm32l4xx_hal_tim.o
                0x08001190                HAL_TIM_IC_CaptureCallback
 .text.HAL_TIM_PWM_PulseFinishedCallback
                0x080011a4       0x14 Drivers\STM32L4xx_HAL_Driver\Src\stm32l4xx_hal_tim.o
                0x080011a4                HAL_TIM_PWM_PulseFinishedCallback
 .text.HAL_TIM_TriggerCallback
                0x080011b8       0x14 Drivers\STM32L4xx_HAL_Driver\Src\stm32l4xx_hal_tim.o
                0x080011b8                HAL_TIM_TriggerCallback
 .text.HAL_TIMEx_CommutationCallback
                0x080011cc       0x14 Drivers\STM32L4xx_HAL_Driver\Src\stm32l4xx_hal_tim_ex.o
                0x080011cc                HAL_TIMEx_CommutationCallback
 .text.HAL_TIMEx_BreakCallback
                0x080011e0       0x14 Drivers\STM32L4xx_HAL_Driver\Src\stm32l4xx_hal_tim_ex.o
                0x080011e0                HAL_TIMEx_BreakCallback
 .text.HAL_TIM_PeriodElapsedCallback
                0x080011f4       0x14 Drivers\STM32L4xx_HAL_Driver\Src\stm32l4xx_hal_timebase_tim_template.o
                0x080011f4                HAL_TIM_PeriodElapsedCallback
 .text.TIM6_DAC_IRQHandler
                0x08001208       0x14 Drivers\STM32L4xx_HAL_Driver\Src\stm32l4xx_hal_timebase_tim_template.o
                0x08001208                TIM6_DAC_IRQHandler
 .text.LL_EXTI_EnableIT_0_31
                0x0800121c       0x24 Drivers\STM32L4xx_HAL_Driver\Src\stm32l4xx_ll_exti.o
 .text.LL_EXTI_EnableIT_32_63
                0x08001240       0x24 Drivers\STM32L4xx_HAL_Driver\Src\stm32l4xx_ll_exti.o
 .text.LL_EXTI_DisableIT_0_31
                0x08001264       0x28 Drivers\STM32L4xx_HAL_Driver\Src\stm32l4xx_ll_exti.o
 .text.LL_EXTI_DisableIT_32_63
                0x0800128c       0x28 Drivers\STM32L4xx_HAL_Driver\Src\stm32l4xx_ll_exti.o
 .text.LL_EXTI_EnableEvent_0_31
                0x080012b4       0x24 Drivers\STM32L4xx_HAL_Driver\Src\stm32l4xx_ll_exti.o
 .text.LL_EXTI_EnableEvent_32_63
                0x080012d8       0x24 Drivers\STM32L4xx_HAL_Driver\Src\stm32l4xx_ll_exti.o
 .text.LL_EXTI_DisableEvent_0_31
                0x080012fc       0x28 Drivers\STM32L4xx_HAL_Driver\Src\stm32l4xx_ll_exti.o
 .text.LL_EXTI_DisableEvent_32_63
                0x08001324       0x28 Drivers\STM32L4xx_HAL_Driver\Src\stm32l4xx_ll_exti.o
 .text.LL_EXTI_EnableRisingTrig_0_31
                0x0800134c       0x24 Drivers\STM32L4xx_HAL_Driver\Src\stm32l4xx_ll_exti.o
 .text.LL_EXTI_EnableRisingTrig_32_63
                0x08001370       0x24 Drivers\STM32L4xx_HAL_Driver\Src\stm32l4xx_ll_exti.o
 .text.LL_EXTI_DisableRisingTrig_0_31
                0x08001394       0x28 Drivers\STM32L4xx_HAL_Driver\Src\stm32l4xx_ll_exti.o
 .text.LL_EXTI_DisableRisingTrig_32_63
                0x080013bc       0x28 Drivers\STM32L4xx_HAL_Driver\Src\stm32l4xx_ll_exti.o
 .text.LL_EXTI_EnableFallingTrig_0_31
                0x080013e4       0x24 Drivers\STM32L4xx_HAL_Driver\Src\stm32l4xx_ll_exti.o
 .text.LL_EXTI_EnableFallingTrig_32_63
                0x08001408       0x24 Drivers\STM32L4xx_HAL_Driver\Src\stm32l4xx_ll_exti.o
 .text.LL_EXTI_DisableFallingTrig_0_31
                0x0800142c       0x28 Drivers\STM32L4xx_HAL_Driver\Src\stm32l4xx_ll_exti.o
 .text.LL_EXTI_DisableFallingTrig_32_63
                0x08001454       0x28 Drivers\STM32L4xx_HAL_Driver\Src\stm32l4xx_ll_exti.o
 .text.LL_EXTI_Init
                0x0800147c      0x1ca Drivers\STM32L4xx_HAL_Driver\Src\stm32l4xx_ll_exti.o
                0x0800147c                LL_EXTI_Init
 .text.LL_I2C_Enable
                0x08001646       0x20 Drivers\STM32L4xx_HAL_Driver\Src\stm32l4xx_ll_i2c.o
 .text.LL_I2C_Disable
                0x08001666       0x20 Drivers\STM32L4xx_HAL_Driver\Src\stm32l4xx_ll_i2c.o
 .text.LL_I2C_ConfigFilters
                0x08001686       0x2e Drivers\STM32L4xx_HAL_Driver\Src\stm32l4xx_ll_i2c.o
 .text.LL_I2C_SetOwnAddress1
                0x080016b4       0x30 Drivers\STM32L4xx_HAL_Driver\Src\stm32l4xx_ll_i2c.o
 .text.LL_I2C_EnableOwnAddress1
                0x080016e4       0x20 Drivers\STM32L4xx_HAL_Driver\Src\stm32l4xx_ll_i2c.o
 .text.LL_I2C_DisableOwnAddress1
                0x08001704       0x20 Drivers\STM32L4xx_HAL_Driver\Src\stm32l4xx_ll_i2c.o
 .text.LL_I2C_SetTiming
                0x08001724       0x1c Drivers\STM32L4xx_HAL_Driver\Src\stm32l4xx_ll_i2c.o
 .text.LL_I2C_SetMode
                0x08001740       0x26 Drivers\STM32L4xx_HAL_Driver\Src\stm32l4xx_ll_i2c.o
 .text.LL_I2C_AcknowledgeNextData
                0x08001766       0x26 Drivers\STM32L4xx_HAL_Driver\Src\stm32l4xx_ll_i2c.o
 .text.LL_I2C_Init
                0x0800178c       0x78 Drivers\STM32L4xx_HAL_Driver\Src\stm32l4xx_ll_i2c.o
                0x0800178c                LL_I2C_Init
 .text.LL_RCC_HSI_IsReady
                0x08001804       0x28 Drivers\STM32L4xx_HAL_Driver\Src\stm32l4xx_ll_rcc.o
 .text.LL_RCC_LSE_IsReady
                0x0800182c       0x28 Drivers\STM32L4xx_HAL_Driver\Src\stm32l4xx_ll_rcc.o
 .text.LL_RCC_MSI_IsEnabledRangeSelect
                0x08001854       0x24 Drivers\STM32L4xx_HAL_Driver\Src\stm32l4xx_ll_rcc.o
 .text.LL_RCC_MSI_GetRange
                0x08001878       0x1c Drivers\STM32L4xx_HAL_Driver\Src\stm32l4xx_ll_rcc.o
 .text.LL_RCC_MSI_GetRangeAfterStandby
                0x08001894       0x1c Drivers\STM32L4xx_HAL_Driver\Src\stm32l4xx_ll_rcc.o
 .text.LL_RCC_GetSysClkSource
                0x080018b0       0x1c Drivers\STM32L4xx_HAL_Driver\Src\stm32l4xx_ll_rcc.o
 .text.LL_RCC_GetAHBPrescaler
                0x080018cc       0x1c Drivers\STM32L4xx_HAL_Driver\Src\stm32l4xx_ll_rcc.o
 .text.LL_RCC_GetAPB1Prescaler
                0x080018e8       0x1c Drivers\STM32L4xx_HAL_Driver\Src\stm32l4xx_ll_rcc.o
 .text.LL_RCC_GetAPB2Prescaler
                0x08001904       0x1c Drivers\STM32L4xx_HAL_Driver\Src\stm32l4xx_ll_rcc.o
 .text.LL_RCC_GetUSARTClockSource
                0x08001920       0x28 Drivers\STM32L4xx_HAL_Driver\Src\stm32l4xx_ll_rcc.o
 .text.LL_RCC_PLL_GetN
                0x08001948       0x1c Drivers\STM32L4xx_HAL_Driver\Src\stm32l4xx_ll_rcc.o
 .text.LL_RCC_PLL_GetR
                0x08001964       0x1c Drivers\STM32L4xx_HAL_Driver\Src\stm32l4xx_ll_rcc.o
 .text.LL_RCC_PLL_GetMainSource
                0x08001980       0x1c Drivers\STM32L4xx_HAL_Driver\Src\stm32l4xx_ll_rcc.o
 .text.LL_RCC_PLL_GetDivider
                0x0800199c       0x1c Drivers\STM32L4xx_HAL_Driver\Src\stm32l4xx_ll_rcc.o
 .text.LL_RCC_GetUSARTClockFreq
                0x080019b8      0x174 Drivers\STM32L4xx_HAL_Driver\Src\stm32l4xx_ll_rcc.o
                0x080019b8                LL_RCC_GetUSARTClockFreq
 .text.RCC_GetSystemClockFreq
                0x08001b2c      0x124 Drivers\STM32L4xx_HAL_Driver\Src\stm32l4xx_ll_rcc.o
                0x08001b2c                RCC_GetSystemClockFreq
 .text.RCC_GetHCLKClockFreq
                0x08001c50       0x2c Drivers\STM32L4xx_HAL_Driver\Src\stm32l4xx_ll_rcc.o
                0x08001c50                RCC_GetHCLKClockFreq
 .text.RCC_GetPCLK1ClockFreq
                0x08001c7c       0x28 Drivers\STM32L4xx_HAL_Driver\Src\stm32l4xx_ll_rcc.o
                0x08001c7c                RCC_GetPCLK1ClockFreq
 .text.RCC_GetPCLK2ClockFreq
                0x08001ca4       0x28 Drivers\STM32L4xx_HAL_Driver\Src\stm32l4xx_ll_rcc.o
                0x08001ca4                RCC_GetPCLK2ClockFreq
 .text.RCC_PLL_GetFreqDomain_SYS
                0x08001ccc      0x114 Drivers\STM32L4xx_HAL_Driver\Src\stm32l4xx_ll_rcc.o
                0x08001ccc                RCC_PLL_GetFreqDomain_SYS
 .text.LL_SPI_IsEnabled
                0x08001de0       0x26 Drivers\STM32L4xx_HAL_Driver\Src\stm32l4xx_ll_spi.o
 .text.LL_SPI_SetCRCPolynomial
                0x08001e06       0x20 Drivers\STM32L4xx_HAL_Driver\Src\stm32l4xx_ll_spi.o
 .text.LL_SPI_Init
                0x08001e26       0x9c Drivers\STM32L4xx_HAL_Driver\Src\stm32l4xx_ll_spi.o
                0x08001e26                LL_SPI_Init
 .text.LL_TIM_SetPrescaler
                0x08001ec2       0x1c Drivers\STM32L4xx_HAL_Driver\Src\stm32l4xx_ll_tim.o
 .text.LL_TIM_SetAutoReload
                0x08001ede       0x1c Drivers\STM32L4xx_HAL_Driver\Src\stm32l4xx_ll_tim.o
 .text.LL_TIM_SetRepetitionCounter
                0x08001efa       0x1c Drivers\STM32L4xx_HAL_Driver\Src\stm32l4xx_ll_tim.o
 .text.LL_TIM_GenerateEvent_UPDATE
                0x08001f16       0x20 Drivers\STM32L4xx_HAL_Driver\Src\stm32l4xx_ll_tim.o
 .text.LL_TIM_StructInit
                0x08001f36       0x34 Drivers\STM32L4xx_HAL_Driver\Src\stm32l4xx_ll_tim.o
                0x08001f36                LL_TIM_StructInit
 *fill*         0x08001f6a        0x2 
 .text.LL_TIM_Init
                0x08001f6c       0xc0 Drivers\STM32L4xx_HAL_Driver\Src\stm32l4xx_ll_tim.o
                0x08001f6c                LL_TIM_Init
 .text.LL_USART_IsEnabled
                0x0800202c       0x26 Drivers\STM32L4xx_HAL_Driver\Src\stm32l4xx_ll_usart.o
 .text.LL_USART_SetStopBitsLength
                0x08002052       0x26 Drivers\STM32L4xx_HAL_Driver\Src\stm32l4xx_ll_usart.o
 .text.LL_USART_SetHWFlowCtrl
                0x08002078       0x26 Drivers\STM32L4xx_HAL_Driver\Src\stm32l4xx_ll_usart.o
 .text.LL_USART_SetBaudRate
                0x0800209e       0x64 Drivers\STM32L4xx_HAL_Driver\Src\stm32l4xx_ll_usart.o
 *fill*         0x08002102        0x2 
 .text.LL_USART_Init
                0x08002104       0xcc Drivers\STM32L4xx_HAL_Driver\Src\stm32l4xx_ll_usart.o
                0x08002104                LL_USART_Init
 .text.NVIC_EnableIRQ
                0x080021d0       0x34 src\Periph_Init.o
 .text.NVIC_SetPriority
                0x08002204       0x54 src\Periph_Init.o
 .text.SysTick_Config
                0x08002258       0x44 src\Periph_Init.o
 .text.LL_ADC_SetCommonPathInternalCh
                0x0800229c       0x26 src\Periph_Init.o
 .text.LL_ADC_SetResolution
                0x080022c2       0x26 src\Periph_Init.o
 .text.LL_ADC_SetDataAlignment
                0x080022e8       0x26 src\Periph_Init.o
 .text.LL_ADC_REG_SetTriggerSource
                0x0800230e       0x26 src\Periph_Init.o
 .text.LL_ADC_REG_SetSequencerLength
                0x08002334       0x26 src\Periph_Init.o
 .text.LL_ADC_REG_SetSequencerRanks
                0x0800235a       0x68 src\Periph_Init.o
 .text.LL_ADC_REG_SetContinuousMode
                0x080023c2       0x26 src\Periph_Init.o
 .text.LL_ADC_REG_SetDMATransfer
                0x080023e8       0x26 src\Periph_Init.o
 .text.LL_ADC_SetChannelSamplingTime
                0x0800240e       0x92 src\Periph_Init.o
 .text.LL_ADC_SetChannelSingleDiff
                0x080024a0       0x48 src\Periph_Init.o
 .text.LL_ADC_REG_SetTrigSource
                0x080024e8       0x1a src\Periph_Init.o
 .text.LL_ADC_DisableDeepPowerDown
                0x08002502       0x24 src\Periph_Init.o
 .text.LL_ADC_Enable
                0x08002526       0x28 src\Periph_Init.o
 .text.LL_ADC_StartCalibration
                0x0800254e       0x32 src\Periph_Init.o
 .text.LL_ADC_IsActiveFlag_ADRDY
                0x08002580       0x26 src\Periph_Init.o
 .text.LL_ADC_ClearFlag_ADRDY
                0x080025a6       0x1a src\Periph_Init.o
 .text.LL_GPIO_SetPinMode
                0x080025c0       0x5a src\Periph_Init.o
 .text.LL_GPIO_SetPinOutputType
                0x0800261a       0x30 src\Periph_Init.o
 .text.LL_GPIO_SetPinSpeed
                0x0800264a       0x5a src\Periph_Init.o
 .text.LL_GPIO_SetPinPull
                0x080026a4       0x5a src\Periph_Init.o
 .text.LL_GPIO_SetAFPin_0_7
                0x080026fe       0x5a src\Periph_Init.o
 .text.LL_GPIO_SetAFPin_8_15
                0x08002758       0x5e src\Periph_Init.o
 .text.LL_GPIO_SetOutputPin
                0x080027b6       0x1c src\Periph_Init.o
 *fill*         0x080027d2        0x2 
 .text.LL_AHB2_GRP1_EnableClock
                0x080027d4       0x30 src\Periph_Init.o
 .text.LL_APB1_GRP1_EnableClock
                0x08002804       0x30 src\Periph_Init.o
 .text.LL_APB2_GRP1_EnableClock
                0x08002834       0x30 src\Periph_Init.o
 .text.LL_SYSTICK_SetClkSource
                0x08002864       0x38 src\Periph_Init.o
 .text.LL_SYSTICK_DisableIT
                0x0800289c       0x20 src\Periph_Init.o
 .text.LL_SPI_Enable
                0x080028bc       0x20 src\Periph_Init.o
 .text.LL_SPI_SetRxFIFOThreshold
                0x080028dc       0x26 src\Periph_Init.o
 *fill*         0x08002902        0x2 
 .text.LL_RCC_HSE_EnableBypass
                0x08002904       0x20 src\Periph_Init.o
 .text.LL_RCC_HSE_Enable
                0x08002924       0x20 src\Periph_Init.o
 .text.LL_RCC_HSE_IsReady
                0x08002944       0x28 src\Periph_Init.o
 .text.LL_RCC_SetSysClkSource
                0x0800296c       0x28 src\Periph_Init.o
 .text.LL_RCC_GetSysClkSource
                0x08002994       0x1c src\Periph_Init.o
 .text.LL_RCC_SetAHBPrescaler
                0x080029b0       0x28 src\Periph_Init.o
 .text.LL_RCC_SetAPB1Prescaler
                0x080029d8       0x28 src\Periph_Init.o
 .text.LL_RCC_SetAPB2Prescaler
                0x08002a00       0x28 src\Periph_Init.o
 .text.LL_RCC_ConfigMCO
                0x08002a28       0x30 src\Periph_Init.o
 .text.LL_RCC_SetI2CClockSource
                0x08002a58       0x4c src\Periph_Init.o
 .text.LL_RCC_SetADCClockSource
                0x08002aa4       0x2c src\Periph_Init.o
 .text.LL_RCC_PLL_Enable
                0x08002ad0       0x20 src\Periph_Init.o
 .text.LL_RCC_PLL_IsReady
                0x08002af0       0x28 src\Periph_Init.o
 .text.LL_RCC_PLL_ConfigDomain_SYS
                0x08002b18       0x40 src\Periph_Init.o
 .text.LL_RCC_PLL_EnableDomain_SYS
                0x08002b58       0x20 src\Periph_Init.o
 .text.LL_I2C_Enable
                0x08002b78       0x20 src\Periph_Init.o
 .text.LL_I2C_Disable
                0x08002b98       0x20 src\Periph_Init.o
 .text.LL_USART_Enable
                0x08002bb8       0x20 src\Periph_Init.o
 .text.LL_USART_DisableSCLKOutput
                0x08002bd8       0x20 src\Periph_Init.o
 .text.LL_USART_DisableOverrunDetect
                0x08002bf8       0x20 src\Periph_Init.o
 .text.LL_USART_EnableIT_RXNE
                0x08002c18       0x20 src\Periph_Init.o
 .text.LL_SYSCFG_SetEXTISource
                0x08002c38       0x54 src\Periph_Init.o
 .text.LL_FLASH_SetLatency
                0x08002c8c       0x28 src\Periph_Init.o
 .text.LL_TIM_ClearFlag_UPDATE
                0x08002cb4       0x1c src\Periph_Init.o
 .text.LL_TIM_EnableIT_UPDATE
                0x08002cd0       0x20 src\Periph_Init.o
 .text.SystemClock_Config
                0x08002cf0       0xc4 src\Periph_Init.o
                0x08002cf0                SystemClock_Config
 .text.GPIO_Init
                0x08002db4      0x298 src\Periph_Init.o
                0x08002db4                GPIO_Init
 .text.SPI2_Init
                0x0800304c       0x70 src\Periph_Init.o
                0x0800304c                SPI2_Init
 .text.USART1_Init
                0x080030bc       0x54 src\Periph_Init.o
                0x080030bc                USART1_Init
 .text.USART2_Init
                0x08003110       0x50 src\Periph_Init.o
                0x08003110                USART2_Init
 .text.I2C2_Init
                0x08003160       0x54 src\Periph_Init.o
                0x08003160                I2C2_Init
 .text.ADC_Init
                0x080031b4      0x114 src\Periph_Init.o
                0x080031b4                ADC_Init
 .text.IRQ_Init
                0x080032c8       0x88 src\Periph_Init.o
                0x080032c8                IRQ_Init
 .text.TIM7_Init
                0x08003350       0x40 src\Periph_Init.o
                0x08003350                TIM7_Init
 .text.LL_ADC_REG_StartConversion
                0x08003390       0x28 src\Procedures.o
 .text.LL_ADC_IsActiveFlag_ADRDY
                0x080033b8       0x26 src\Procedures.o
 .text.LL_ADC_IsActiveFlag_EOC
                0x080033de       0x26 src\Procedures.o
 .text.LL_ADC_ClearFlag_EOS
                0x08003404       0x1a src\Procedures.o
 .text.LL_GPIO_SetOutputPin
                0x0800341e       0x1c src\Procedures.o
 .text.LL_GPIO_ResetOutputPin
                0x0800343a       0x1c src\Procedures.o
 .text.LL_I2C_IsActiveFlag_NACK
                0x08003456       0x26 src\Procedures.o
 .text.LL_I2C_IsActiveFlag_TC
                0x0800347c       0x26 src\Procedures.o
 .text.LL_I2C_ClearFlag_STOP
                0x080034a2       0x20 src\Procedures.o
 .text.LL_I2C_DisableAutoEndMode
                0x080034c2       0x20 src\Procedures.o
 .text.LL_I2C_SetTransferSize
                0x080034e2       0x28 src\Procedures.o
 .text.LL_I2C_SetTransferRequest
                0x0800350a       0x26 src\Procedures.o
 .text.LL_TIM_EnableCounter
                0x08003530       0x20 src\Procedures.o
 .text.LL_TIM_DisableCounter
                0x08003550       0x20 src\Procedures.o
 .text.LL_TIM_SetCounter
                0x08003570       0x1c src\Procedures.o
 .text.LL_TIM_SetAutoReload
                0x0800358c       0x1c src\Procedures.o
 .text.LL_TIM_ClearFlag_UPDATE
                0x080035a8       0x1c src\Procedures.o
 .text.ADC_CALIB_REF_Read
                0x080035c4       0x18 src\Procedures.o
                0x080035c4                ADC_CALIB_REF_Read
 .text.ADC_Read
                0x080035dc       0x30 src\Procedures.o
                0x080035dc                ADC_Read
 .text.ADC_StartConversion
                0x0800360c       0x20 src\Procedures.o
                0x0800360c                ADC_StartConversion
 .text.ADC_VC_Read
                0x0800362c      0x1e0 src\Procedures.o
                0x0800362c                ADC_VC_Read
 .text.Temperature_Read_float
                0x0800380c       0x60 src\Procedures.o
                0x0800380c                Temperature_Read_float
 .text.EEPROM_Write
                0x0800386c       0x48 src\Procedures.o
                0x0800386c                EEPROM_Write
 .text.EEPROM_Read
                0x080038b4       0xc8 src\Procedures.o
                0x080038b4                EEPROM_Read
 .text.AS3935_REG_Read
                0x0800397c       0x4c src\Procedures.o
                0x0800397c                AS3935_REG_Read
 .text.AS3935_REG_Write
                0x080039c8       0x40 src\Procedures.o
                0x080039c8                AS3935_REG_Write
 .text.TIM7_Start
                0x08003a08       0x38 src\Procedures.o
                0x08003a08                TIM7_Start
 .text.TIM7_Stop
                0x08003a40       0x20 src\Procedures.o
                0x08003a40                TIM7_Stop
 .text.USART1_Buffer_Clear
                0x08003a60       0x30 src\Procedures.o
                0x08003a60                USART1_Buffer_Clear
 .text.HMI_Send
                0x08003a90       0x34 src\Procedures.o
                0x08003a90                HMI_Send
 .text.LL_I2C_IsActiveFlag_TXE
                0x08003ac4       0x26 src\TomLib_I2C.o
 .text.LL_I2C_IsActiveFlag_TXIS
                0x08003aea       0x26 src\TomLib_I2C.o
 .text.LL_I2C_IsActiveFlag_RXNE
                0x08003b10       0x26 src\TomLib_I2C.o
 .text.LL_I2C_IsActiveFlag_NACK
                0x08003b36       0x26 src\TomLib_I2C.o
 .text.LL_I2C_IsActiveFlag_TC
                0x08003b5c       0x26 src\TomLib_I2C.o
 .text.LL_I2C_ClearFlag_STOP
                0x08003b82       0x20 src\TomLib_I2C.o
 .text.LL_I2C_EnableAutoEndMode
                0x08003ba2       0x20 src\TomLib_I2C.o
 .text.LL_I2C_SetTransferSize
                0x08003bc2       0x28 src\TomLib_I2C.o
 .text.LL_I2C_GenerateStartCondition
                0x08003bea       0x20 src\TomLib_I2C.o
 .text.LL_I2C_GenerateStopCondition
                0x08003c0a       0x20 src\TomLib_I2C.o
 .text.LL_I2C_SetTransferRequest
                0x08003c2a       0x26 src\TomLib_I2C.o
 .text.LL_I2C_SetSlaveAddr
                0x08003c50       0x2a src\TomLib_I2C.o
 .text.LL_I2C_ReceiveData8
                0x08003c7a       0x1a src\TomLib_I2C.o
 .text.LL_I2C_TransmitData8
                0x08003c94       0x1e src\TomLib_I2C.o
 .text.TL_I2C_SetSlaveAddress
                0x08003cb2       0x1e src\TomLib_I2C.o
                0x08003cb2                TL_I2C_SetSlaveAddress
 .text.TL_I2C_Start
                0x08003cd0       0x16 src\TomLib_I2C.o
                0x08003cd0                TL_I2C_Start
 .text.TL_I2C_Stop
                0x08003ce6       0x16 src\TomLib_I2C.o
                0x08003ce6                TL_I2C_Stop
 .text.TL_I2C_WriteByte
                0x08003cfc       0x2c src\TomLib_I2C.o
                0x08003cfc                TL_I2C_WriteByte
 .text.TL_I2C_ReadByte
                0x08003d28       0x26 src\TomLib_I2C.o
                0x08003d28                TL_I2C_ReadByte
 .text.TL_I2C_SendData
                0x08003d4e       0x9a src\TomLib_I2C.o
                0x08003d4e                TL_I2C_SendData
 .text.TL_I2C_ReadData
                0x08003de8       0x96 src\TomLib_I2C.o
                0x08003de8                TL_I2C_ReadData
 .text.TL_I2C_SendOneByte
                0x08003e7e       0x7c src\TomLib_I2C.o
                0x08003e7e                TL_I2C_SendOneByte
 .text.LL_SPI_IsActiveFlag_RXNE
                0x08003efa       0x26 src\TomLib_SPI.o
 .text.LL_SPI_IsActiveFlag_TXE
                0x08003f20       0x26 src\TomLib_SPI.o
 .text.LL_SPI_IsActiveFlag_BSY
                0x08003f46       0x26 src\TomLib_SPI.o
 .text.LL_SPI_ReceiveData8
                0x08003f6c       0x1a src\TomLib_SPI.o
 .text.LL_SPI_TransmitData8
                0x08003f86       0x20 src\TomLib_SPI.o
 .text.LL_GPIO_SetOutputPin
                0x08003fa6       0x1c src\TomLib_SPI.o
 .text.LL_GPIO_ResetOutputPin
                0x08003fc2       0x1c src\TomLib_SPI.o
 *fill*         0x08003fde        0x2 
 .text.TL_SPI_Set_CSN
                0x08003fe0       0x1c src\TomLib_SPI.o
                0x08003fe0                TL_SPI_Set_CSN
 .text.TL_SPI_Reset_CSN
                0x08003ffc       0x1c src\TomLib_SPI.o
                0x08003ffc                TL_SPI_Reset_CSN
 .text.TL_SPI_Transmit_Byte
                0x08004018       0x40 src\TomLib_SPI.o
                0x08004018                TL_SPI_Transmit_Byte
 .text.TL_SPI_ReceiveTransmit_Byte
                0x08004058       0x50 src\TomLib_SPI.o
                0x08004058                TL_SPI_ReceiveTransmit_Byte
 .text.LL_TIM_EnableCounter
                0x080040a8       0x20 src\TomLib_SYS.o
 .text.LL_TIM_DisableCounter
                0x080040c8       0x20 src\TomLib_SYS.o
 .text.LL_TIM_SetCounter
                0x080040e8       0x1c src\TomLib_SYS.o
 .text.LL_TIM_SetPrescaler
                0x08004104       0x1c src\TomLib_SYS.o
 .text.LL_TIM_SetAutoReload
                0x08004120       0x1c src\TomLib_SYS.o
 .text.LL_TIM_ClearFlag_UPDATE
                0x0800413c       0x1c src\TomLib_SYS.o
 .text.LL_TIM_IsActiveFlag_UPDATE
                0x08004158       0x26 src\TomLib_SYS.o
 *fill*         0x0800417e        0x2 
 .text.LL_APB1_GRP1_EnableClock
                0x08004180       0x30 src\TomLib_SYS.o
 .text.LL_SYSTICK_EnableIT
                0x080041b0       0x20 src\TomLib_SYS.o
 .text.LL_SYSTICK_DisableIT
                0x080041d0       0x20 src\TomLib_SYS.o
 .text.TL_mDelay
                0x080041f0       0x38 src\TomLib_SYS.o
                0x080041f0                TL_mDelay
 .text.TIM6_Init
                0x08004228       0x20 src\TomLib_SYS.o
                0x08004228                TIM6_Init
 .text.TL_TIM6_Delay
                0x08004248       0x44 src\TomLib_SYS.o
                0x08004248                TL_TIM6_Delay
 .text.LL_USART_IsActiveFlag_TXE
                0x0800428c       0x26 src\TomLib_USART.o
 .text.LL_USART_TransmitData8
                0x080042b2       0x20 src\TomLib_USART.o
 .text.TL_USART_putByte
                0x080042d2       0x2c src\TomLib_USART.o
                0x080042d2                TL_USART_putByte
 .text.TL_USART_printf
                0x080042fe       0x3c src\TomLib_USART.o
                0x080042fe                TL_USART_printf
 .text.LL_GPIO_SetOutputPin
                0x0800433a       0x1c src\main.o
 *fill*         0x08004356        0x2 
 .text.main     0x08004358       0xc0 src\main.o
                0x08004358                main
 .text.StateAutomat
                0x08004418      0x1b0 src\main.o
                0x08004418                StateAutomat
 .text.Viewer   0x080045c8       0x74 src\main.o
                0x080045c8                Viewer
 .text.LL_EXTI_IsActiveFlag_0_31
                0x0800463c       0x2c src\stm32l4xx_it.o
 .text.LL_EXTI_ClearFlag_0_31
                0x08004668       0x20 src\stm32l4xx_it.o
 .text.LL_USART_IsActiveFlag_RXNE
                0x08004688       0x26 src\stm32l4xx_it.o
 .text.LL_USART_ReceiveData8
                0x080046ae       0x1c src\stm32l4xx_it.o
 .text.LL_TIM_ClearFlag_UPDATE
                0x080046ca       0x1c src\stm32l4xx_it.o
 .text.LL_TIM_IsActiveFlag_UPDATE
                0x080046e6       0x26 src\stm32l4xx_it.o
 .text.SysTick_Handler
                0x0800470c       0x24 src\stm32l4xx_it.o
                0x0800470c                SysTick_Handler
 .text.EXTI9_5_IRQHandler
                0x08004730       0x48 src\stm32l4xx_it.o
                0x08004730                EXTI9_5_IRQHandler
 .text.USART2_IRQHandler
                0x08004778       0x20 src\stm32l4xx_it.o
                0x08004778                USART2_IRQHandler
 .text.USART1_IRQHandler
                0x08004798       0x48 src\stm32l4xx_it.o
                0x08004798                USART1_IRQHandler
 .text.TIM7_IRQHandler
                0x080047e0       0x70 src\stm32l4xx_it.o
                0x080047e0                TIM7_IRQHandler
 .text._sbrk    0x08004850       0x58 src\syscalls.o
                0x08004850                _sbrk
 .text.SystemInit
                0x080048a8       0x6c src\system_stm32l4xx.o
                0x080048a8                SystemInit
 .text.SystemCoreClockUpdate
                0x08004914      0x174 src\system_stm32l4xx.o
                0x08004914                SystemCoreClockUpdate
 .text.Reset_Handler
                0x08004a88       0x50 startup\startup_stm32l433xx.o
                0x08004a88                Reset_Handler
 .text.Default_Handler
                0x08004ad8        0x2 startup\startup_stm32l433xx.o
                0x08004ad8                RTC_Alarm_IRQHandler
                0x08004ad8                EXTI2_IRQHandler
                0x08004ad8                DebugMon_Handler
                0x08004ad8                TIM1_CC_IRQHandler
                0x08004ad8                TSC_IRQHandler
                0x08004ad8                HardFault_Handler
                0x08004ad8                TAMP_STAMP_IRQHandler
                0x08004ad8                PendSV_Handler
                0x08004ad8                NMI_Handler
                0x08004ad8                EXTI3_IRQHandler
                0x08004ad8                LPTIM2_IRQHandler
                0x08004ad8                I2C3_ER_IRQHandler
                0x08004ad8                EXTI0_IRQHandler
                0x08004ad8                I2C2_EV_IRQHandler
                0x08004ad8                CAN1_RX0_IRQHandler
                0x08004ad8                FPU_IRQHandler
                0x08004ad8                TIM1_UP_TIM16_IRQHandler
                0x08004ad8                UsageFault_Handler
                0x08004ad8                SPI1_IRQHandler
                0x08004ad8                DMA2_Channel2_IRQHandler
                0x08004ad8                DMA1_Channel4_IRQHandler
                0x08004ad8                ADC1_IRQHandler
                0x08004ad8                USART3_IRQHandler
                0x08004ad8                DMA1_Channel7_IRQHandler
                0x08004ad8                CAN1_RX1_IRQHandler
                0x08004ad8                LCD_IRQHandler
                0x08004ad8                DMA2_Channel1_IRQHandler
                0x08004ad8                QUADSPI_IRQHandler
                0x08004ad8                I2C1_EV_IRQHandler
                0x08004ad8                DMA1_Channel6_IRQHandler
                0x08004ad8                DMA2_Channel4_IRQHandler
                0x08004ad8                RCC_IRQHandler
                0x08004ad8                TIM1_TRG_COM_IRQHandler
                0x08004ad8                DMA1_Channel1_IRQHandler
                0x08004ad8                Default_Handler
                0x08004ad8                DMA2_Channel7_IRQHandler
                0x08004ad8                EXTI15_10_IRQHandler
                0x08004ad8                SDMMC1_IRQHandler
                0x08004ad8                I2C3_EV_IRQHandler
                0x08004ad8                USB_IRQHandler
                0x08004ad8                RTC_WKUP_IRQHandler
                0x08004ad8                PVD_PVM_IRQHandler
                0x08004ad8                SPI2_IRQHandler
                0x08004ad8                MemManage_Handler
                0x08004ad8                CAN1_TX_IRQHandler
                0x08004ad8                SVC_Handler
                0x08004ad8                DMA2_Channel5_IRQHandler
                0x08004ad8                CRS_IRQHandler
                0x08004ad8                DMA1_Channel5_IRQHandler
                0x08004ad8                EXTI4_IRQHandler
                0x08004ad8                RNG_IRQHandler
                0x08004ad8                DMA1_Channel3_IRQHandler
                0x08004ad8                COMP_IRQHandler
                0x08004ad8                WWDG_IRQHandler
                0x08004ad8                LPUART1_IRQHandler
                0x08004ad8                DMA2_Channel6_IRQHandler
                0x08004ad8                TIM2_IRQHandler
                0x08004ad8                EXTI1_IRQHandler
                0x08004ad8                I2C2_ER_IRQHandler
                0x08004ad8                DMA1_Channel2_IRQHandler
                0x08004ad8                CAN1_SCE_IRQHandler
                0x08004ad8                FLASH_IRQHandler
                0x08004ad8                BusFault_Handler
                0x08004ad8                SPI3_IRQHandler
                0x08004ad8                I2C1_ER_IRQHandler
                0x08004ad8                SWPMI1_IRQHandler
                0x08004ad8                LPTIM1_IRQHandler
                0x08004ad8                SAI1_IRQHandler
                0x08004ad8                DMA2_Channel3_IRQHandler
                0x08004ad8                TIM1_BRK_TIM15_IRQHandler
 *fill*         0x08004ada        0x2 
 .text.__errno  0x08004adc        0xc d:/program files (x86)/truestudio for stm32 9.0.0/armtools/bin/../lib/gcc/arm-atollic-eabi/6.3.1/../../../../arm-atollic-eabi/lib/armv7e-m/fpu\libc.a(lib_a-errno.o)
                0x08004adc                __errno
 .text.__libc_init_array
                0x08004ae8       0x48 d:/program files (x86)/truestudio for stm32 9.0.0/armtools/bin/../lib/gcc/arm-atollic-eabi/6.3.1/../../../../arm-atollic-eabi/lib/armv7e-m/fpu\libc.a(lib_a-init.o)
                0x08004ae8                __libc_init_array
 .text.sprintf  0x08004b30       0x48 d:/program files (x86)/truestudio for stm32 9.0.0/armtools/bin/../lib/gcc/arm-atollic-eabi/6.3.1/../../../../arm-atollic-eabi/lib/armv7e-m/fpu\libc.a(lib_a-sprintf.o)
                0x08004b30                sprintf
 .text._svfprintf_r
                0x08004b78      0xfa8 d:/program files (x86)/truestudio for stm32 9.0.0/armtools/bin/../lib/gcc/arm-atollic-eabi/6.3.1/../../../../arm-atollic-eabi/lib/armv7e-m/fpu\libc.a(lib_a-svfprintf.o)
                0x08004b78                _svfprintf_r
 .text.quorem   0x08005b20      0x118 d:/program files (x86)/truestudio for stm32 9.0.0/armtools/bin/../lib/gcc/arm-atollic-eabi/6.3.1/../../../../arm-atollic-eabi/lib/armv7e-m/fpu\libc.a(lib_a-dtoa.o)
 .text._dtoa_r  0x08005c38      0xb9c d:/program files (x86)/truestudio for stm32 9.0.0/armtools/bin/../lib/gcc/arm-atollic-eabi/6.3.1/../../../../arm-atollic-eabi/lib/armv7e-m/fpu\libc.a(lib_a-dtoa.o)
                0x08005c38                _dtoa_r
 .text._localeconv_r
                0x080067d4       0x1c d:/program files (x86)/truestudio for stm32 9.0.0/armtools/bin/../lib/gcc/arm-atollic-eabi/6.3.1/../../../../arm-atollic-eabi/lib/armv7e-m/fpu\libc.a(lib_a-localeconv.o)
                0x080067d4                _localeconv_r
 .text.malloc   0x080067f0       0x10 d:/program files (x86)/truestudio for stm32 9.0.0/armtools/bin/../lib/gcc/arm-atollic-eabi/6.3.1/../../../../arm-atollic-eabi/lib/armv7e-m/fpu\libc.a(lib_a-malloc.o)
                0x080067f0                malloc
 .text._malloc_r
                0x08006800      0x41c d:/program files (x86)/truestudio for stm32 9.0.0/armtools/bin/../lib/gcc/arm-atollic-eabi/6.3.1/../../../../arm-atollic-eabi/lib/armv7e-m/fpu\libc.a(lib_a-mallocr.o)
                0x08006800                _malloc_r
 .text.memcpy   0x08006c1c       0x16 d:/program files (x86)/truestudio for stm32 9.0.0/armtools/bin/../lib/gcc/arm-atollic-eabi/6.3.1/../../../../arm-atollic-eabi/lib/armv7e-m/fpu\libc.a(lib_a-memcpy-stub.o)
                0x08006c1c                memcpy
 *fill*         0x08006c32        0x2 
 .text.__malloc_lock
                0x08006c34        0xc d:/program files (x86)/truestudio for stm32 9.0.0/armtools/bin/../lib/gcc/arm-atollic-eabi/6.3.1/../../../../arm-atollic-eabi/lib/armv7e-m/fpu\libc.a(lib_a-mlock.o)
                0x08006c34                __malloc_lock
 .text.__malloc_unlock
                0x08006c40        0xc d:/program files (x86)/truestudio for stm32 9.0.0/armtools/bin/../lib/gcc/arm-atollic-eabi/6.3.1/../../../../arm-atollic-eabi/lib/armv7e-m/fpu\libc.a(lib_a-mlock.o)
                0x08006c40                __malloc_unlock
 .text._Balloc  0x08006c4c       0x68 d:/program files (x86)/truestudio for stm32 9.0.0/armtools/bin/../lib/gcc/arm-atollic-eabi/6.3.1/../../../../arm-atollic-eabi/lib/armv7e-m/fpu\libc.a(lib_a-mprec.o)
                0x08006c4c                _Balloc
 .text._Bfree   0x08006cb4       0x2e d:/program files (x86)/truestudio for stm32 9.0.0/armtools/bin/../lib/gcc/arm-atollic-eabi/6.3.1/../../../../arm-atollic-eabi/lib/armv7e-m/fpu\libc.a(lib_a-mprec.o)
                0x08006cb4                _Bfree
 .text.__multadd
                0x08006ce2       0x76 d:/program files (x86)/truestudio for stm32 9.0.0/armtools/bin/../lib/gcc/arm-atollic-eabi/6.3.1/../../../../arm-atollic-eabi/lib/armv7e-m/fpu\libc.a(lib_a-mprec.o)
                0x08006ce2                __multadd
 .text.__hi0bits
                0x08006d58       0x3e d:/program files (x86)/truestudio for stm32 9.0.0/armtools/bin/../lib/gcc/arm-atollic-eabi/6.3.1/../../../../arm-atollic-eabi/lib/armv7e-m/fpu\libc.a(lib_a-mprec.o)
                0x08006d58                __hi0bits
 .text.__lo0bits
                0x08006d96       0x5e d:/program files (x86)/truestudio for stm32 9.0.0/armtools/bin/../lib/gcc/arm-atollic-eabi/6.3.1/../../../../arm-atollic-eabi/lib/armv7e-m/fpu\libc.a(lib_a-mprec.o)
                0x08006d96                __lo0bits
 .text.__i2b    0x08006df4       0x12 d:/program files (x86)/truestudio for stm32 9.0.0/armtools/bin/../lib/gcc/arm-atollic-eabi/6.3.1/../../../../arm-atollic-eabi/lib/armv7e-m/fpu\libc.a(lib_a-mprec.o)
                0x08006df4                __i2b
 .text.__multiply
                0x08006e06      0x11a d:/program files (x86)/truestudio for stm32 9.0.0/armtools/bin/../lib/gcc/arm-atollic-eabi/6.3.1/../../../../arm-atollic-eabi/lib/armv7e-m/fpu\libc.a(lib_a-mprec.o)
                0x08006e06                __multiply
 .text.__pow5mult
                0x08006f20       0x9c d:/program files (x86)/truestudio for stm32 9.0.0/armtools/bin/../lib/gcc/arm-atollic-eabi/6.3.1/../../../../arm-atollic-eabi/lib/armv7e-m/fpu\libc.a(lib_a-mprec.o)
                0x08006f20                __pow5mult
 .text.__lshift
                0x08006fbc       0xa2 d:/program files (x86)/truestudio for stm32 9.0.0/armtools/bin/../lib/gcc/arm-atollic-eabi/6.3.1/../../../../arm-atollic-eabi/lib/armv7e-m/fpu\libc.a(lib_a-mprec.o)
                0x08006fbc                __lshift
 .text.__mcmp   0x0800705e       0x34 d:/program files (x86)/truestudio for stm32 9.0.0/armtools/bin/../lib/gcc/arm-atollic-eabi/6.3.1/../../../../arm-atollic-eabi/lib/armv7e-m/fpu\libc.a(lib_a-mprec.o)
                0x0800705e                __mcmp
 .text.__mdiff  0x08007092       0xbc d:/program files (x86)/truestudio for stm32 9.0.0/armtools/bin/../lib/gcc/arm-atollic-eabi/6.3.1/../../../../arm-atollic-eabi/lib/armv7e-m/fpu\libc.a(lib_a-mprec.o)
                0x08007092                __mdiff
 .text.__d2b    0x0800714e       0x9e d:/program files (x86)/truestudio for stm32 9.0.0/armtools/bin/../lib/gcc/arm-atollic-eabi/6.3.1/../../../../arm-atollic-eabi/lib/armv7e-m/fpu\libc.a(lib_a-mprec.o)
                0x0800714e                __d2b
 .text._sbrk_r  0x080071ec       0x20 d:/program files (x86)/truestudio for stm32 9.0.0/armtools/bin/../lib/gcc/arm-atollic-eabi/6.3.1/../../../../arm-atollic-eabi/lib/armv7e-m/fpu\libc.a(lib_a-sbrkr.o)
                0x080071ec                _sbrk_r
 .text.__ssprint_r
                0x0800720c       0xf4 d:/program files (x86)/truestudio for stm32 9.0.0/armtools/bin/../lib/gcc/arm-atollic-eabi/6.3.1/../../../../arm-atollic-eabi/lib/armv7e-m/fpu\libc.a(lib_a-svfiprintf.o)
                0x0800720c                __ssprint_r
 .text._calloc_r
                0x08007300       0x5a d:/program files (x86)/truestudio for stm32 9.0.0/armtools/bin/../lib/gcc/arm-atollic-eabi/6.3.1/../../../../arm-atollic-eabi/lib/armv7e-m/fpu\libc.a(lib_a-callocr.o)
                0x08007300                _calloc_r
 *fill*         0x0800735a        0x2 
 .text._malloc_trim_r
                0x0800735c       0xac d:/program files (x86)/truestudio for stm32 9.0.0/armtools/bin/../lib/gcc/arm-atollic-eabi/6.3.1/../../../../arm-atollic-eabi/lib/armv7e-m/fpu\libc.a(lib_a-freer.o)
                0x0800735c                _malloc_trim_r
 .text._free_r  0x08007408      0x178 d:/program files (x86)/truestudio for stm32 9.0.0/armtools/bin/../lib/gcc/arm-atollic-eabi/6.3.1/../../../../arm-atollic-eabi/lib/armv7e-m/fpu\libc.a(lib_a-freer.o)
                0x08007408                _free_r
 .text.__retarget_lock_acquire_recursive
                0x08007580        0x2 d:/program files (x86)/truestudio for stm32 9.0.0/armtools/bin/../lib/gcc/arm-atollic-eabi/6.3.1/../../../../arm-atollic-eabi/lib/armv7e-m/fpu\libc.a(lib_a-lock.o)
                0x08007580                __retarget_lock_acquire_recursive
 .text.__retarget_lock_release_recursive
                0x08007582        0x2 d:/program files (x86)/truestudio for stm32 9.0.0/armtools/bin/../lib/gcc/arm-atollic-eabi/6.3.1/../../../../arm-atollic-eabi/lib/armv7e-m/fpu\libc.a(lib_a-lock.o)
                0x08007582                __retarget_lock_release_recursive
 .text.__ascii_mbtowc
                0x08007584       0x24 d:/program files (x86)/truestudio for stm32 9.0.0/armtools/bin/../lib/gcc/arm-atollic-eabi/6.3.1/../../../../arm-atollic-eabi/lib/armv7e-m/fpu\libc.a(lib_a-mbtowc_r.o)
                0x08007584                __ascii_mbtowc
 .text.memmove  0x080075a8       0x34 d:/program files (x86)/truestudio for stm32 9.0.0/armtools/bin/../lib/gcc/arm-atollic-eabi/6.3.1/../../../../arm-atollic-eabi/lib/armv7e-m/fpu\libc.a(lib_a-memmove.o)
                0x080075a8                memmove
 .text.memset   0x080075dc       0x10 d:/program files (x86)/truestudio for stm32 9.0.0/armtools/bin/../lib/gcc/arm-atollic-eabi/6.3.1/../../../../arm-atollic-eabi/lib/armv7e-m/fpu\libc.a(lib_a-memset.o)
                0x080075dc                memset
 .text._realloc_r
                0x080075ec      0x300 d:/program files (x86)/truestudio for stm32 9.0.0/armtools/bin/../lib/gcc/arm-atollic-eabi/6.3.1/../../../../arm-atollic-eabi/lib/armv7e-m/fpu\libc.a(lib_a-reallocr.o)
                0x080075ec                _realloc_r
 .text.__ascii_wctomb
                0x080078ec       0x1a d:/program files (x86)/truestudio for stm32 9.0.0/armtools/bin/../lib/gcc/arm-atollic-eabi/6.3.1/../../../../arm-atollic-eabi/lib/armv7e-m/fpu\libc.a(lib_a-wctomb_r.o)
                0x080078ec                __ascii_wctomb
 *(.glue_7)
 .glue_7        0x08007906        0x0 linker stubs
 *(.glue_7t)
 .glue_7t       0x08007906        0x0 linker stubs
 *(.eh_frame)
 *fill*         0x08007906        0x2 
 .eh_frame      0x08007908        0x0 d:/program files (x86)/truestudio for stm32 9.0.0/armtools/bin/../lib/gcc/arm-atollic-eabi/6.3.1/armv7e-m/fpu/crtbegin.o
 *(.init)
 .init          0x08007908        0x4 d:/program files (x86)/truestudio for stm32 9.0.0/armtools/bin/../lib/gcc/arm-atollic-eabi/6.3.1/armv7e-m/fpu/crti.o
                0x08007908                _init
 .init          0x0800790c        0x8 d:/program files (x86)/truestudio for stm32 9.0.0/armtools/bin/../lib/gcc/arm-atollic-eabi/6.3.1/armv7e-m/fpu/crtn.o
 *(.fini)
 .fini          0x08007914        0x4 d:/program files (x86)/truestudio for stm32 9.0.0/armtools/bin/../lib/gcc/arm-atollic-eabi/6.3.1/armv7e-m/fpu/crti.o
                0x08007914                _fini
 .fini          0x08007918        0x8 d:/program files (x86)/truestudio for stm32 9.0.0/armtools/bin/../lib/gcc/arm-atollic-eabi/6.3.1/armv7e-m/fpu/crtn.o
                0x08007920                . = ALIGN (0x4)
                0x08007920                _etext = .

.vfp11_veneer   0x08007920        0x0
 .vfp11_veneer  0x08007920        0x0 linker stubs

.v4_bx          0x08007920        0x0
 .v4_bx         0x08007920        0x0 linker stubs

.iplt           0x08007920        0x0
 .iplt          0x08007920        0x0 d:/program files (x86)/truestudio for stm32 9.0.0/armtools/bin/../lib/gcc/arm-atollic-eabi/6.3.1/armv7e-m/fpu/crtbegin.o

.rodata         0x08007920      0x3d8
                0x08007920                . = ALIGN (0x4)
 *(.rodata)
 .rodata        0x08007920      0x11f src\main.o
 *(.rodata*)
 *fill*         0x08007a3f        0x1 
 .rodata.AHBPrescTable
                0x08007a40       0x10 src\system_stm32l4xx.o
                0x08007a40                AHBPrescTable
 .rodata.APBPrescTable
                0x08007a50        0x8 src\system_stm32l4xx.o
                0x08007a50                APBPrescTable
 .rodata.MSIRangeTable
                0x08007a58       0x30 src\system_stm32l4xx.o
                0x08007a58                MSIRangeTable
 .rodata._svfprintf_r.str1.1
                0x08007a88       0x34 d:/program files (x86)/truestudio for stm32 9.0.0/armtools/bin/../lib/gcc/arm-atollic-eabi/6.3.1/../../../../arm-atollic-eabi/lib/armv7e-m/fpu\libc.a(lib_a-svfprintf.o)
 .rodata.blanks.8359
                0x08007abc       0x10 d:/program files (x86)/truestudio for stm32 9.0.0/armtools/bin/../lib/gcc/arm-atollic-eabi/6.3.1/../../../../arm-atollic-eabi/lib/armv7e-m/fpu\libc.a(lib_a-svfprintf.o)
 .rodata.zeroes.8360
                0x08007acc       0x10 d:/program files (x86)/truestudio for stm32 9.0.0/armtools/bin/../lib/gcc/arm-atollic-eabi/6.3.1/../../../../arm-atollic-eabi/lib/armv7e-m/fpu\libc.a(lib_a-svfprintf.o)
 .rodata._dtoa_r.str1.1
                0x08007adc        0xd d:/program files (x86)/truestudio for stm32 9.0.0/armtools/bin/../lib/gcc/arm-atollic-eabi/6.3.1/../../../../arm-atollic-eabi/lib/armv7e-m/fpu\libc.a(lib_a-dtoa.o)
                                  0xf (size before relaxing)
 *fill*         0x08007ae9        0x7 
 .rodata.__mprec_bigtens
                0x08007af0       0x28 d:/program files (x86)/truestudio for stm32 9.0.0/armtools/bin/../lib/gcc/arm-atollic-eabi/6.3.1/../../../../arm-atollic-eabi/lib/armv7e-m/fpu\libc.a(lib_a-mprec.o)
                0x08007af0                __mprec_bigtens
 .rodata.__mprec_tens
                0x08007b18       0xc8 d:/program files (x86)/truestudio for stm32 9.0.0/armtools/bin/../lib/gcc/arm-atollic-eabi/6.3.1/../../../../arm-atollic-eabi/lib/armv7e-m/fpu\libc.a(lib_a-mprec.o)
                0x08007b18                __mprec_tens
 .rodata.p05.7196
                0x08007be0        0xc d:/program files (x86)/truestudio for stm32 9.0.0/armtools/bin/../lib/gcc/arm-atollic-eabi/6.3.1/../../../../arm-atollic-eabi/lib/armv7e-m/fpu\libc.a(lib_a-mprec.o)
 .rodata._setlocale_r.str1.1
                0x08007bec        0x8 d:/program files (x86)/truestudio for stm32 9.0.0/armtools/bin/../lib/gcc/arm-atollic-eabi/6.3.1/../../../../arm-atollic-eabi/lib/armv7e-m/fpu\libc.a(lib_a-locale.o)
                                  0x9 (size before relaxing)
 .rodata.str1.1
                0x08007bf4        0x2 d:/program files (x86)/truestudio for stm32 9.0.0/armtools/bin/../lib/gcc/arm-atollic-eabi/6.3.1/../../../../arm-atollic-eabi/lib/armv7e-m/fpu\libc.a(lib_a-locale.o)
 .rodata._ctype_
                0x08007bf6      0x101 d:/program files (x86)/truestudio for stm32 9.0.0/armtools/bin/../lib/gcc/arm-atollic-eabi/6.3.1/../../../../arm-atollic-eabi/lib/armv7e-m/fpu\libc.a(lib_a-ctype_.o)
                0x08007bf6                _ctype_
                0x08007cf8                . = ALIGN (0x4)
 *fill*         0x08007cf7        0x1 

.ARM.extab
 *(.ARM.extab* .gnu.linkonce.armextab.*)

.ARM            0x08007cf8        0x8
                0x08007cf8                __exidx_start = .
 *(.ARM.exidx*)
 .ARM.exidx     0x08007cf8        0x8 d:/program files (x86)/truestudio for stm32 9.0.0/armtools/bin/../lib/gcc/arm-atollic-eabi/6.3.1/armv7e-m/fpu\libgcc.a(_udivmoddi4.o)
                0x08007d00                __exidx_end = .

.rel.dyn        0x08007d00        0x0
 .rel.iplt      0x08007d00        0x0 d:/program files (x86)/truestudio for stm32 9.0.0/armtools/bin/../lib/gcc/arm-atollic-eabi/6.3.1/armv7e-m/fpu/crtbegin.o

.preinit_array  0x08007d00        0x0
                0x08007d00                PROVIDE (__preinit_array_start, .)
 *(.preinit_array*)
                0x08007d00                PROVIDE (__preinit_array_end, .)

.init_array     0x08007d00        0x4
                0x08007d00                PROVIDE (__init_array_start, .)
 *(SORT(.init_array.*))
 *(.init_array*)
 .init_array    0x08007d00        0x4 d:/program files (x86)/truestudio for stm32 9.0.0/armtools/bin/../lib/gcc/arm-atollic-eabi/6.3.1/armv7e-m/fpu/crtbegin.o
                0x08007d04                PROVIDE (__init_array_end, .)

.fini_array     0x08007d04        0x4
                [!provide]                PROVIDE (__fini_array_start, .)
 *(SORT(.fini_array.*))
 *(.fini_array*)
 .fini_array    0x08007d04        0x4 d:/program files (x86)/truestudio for stm32 9.0.0/armtools/bin/../lib/gcc/arm-atollic-eabi/6.3.1/armv7e-m/fpu/crtbegin.o
                [!provide]                PROVIDE (__fini_array_end, .)
                0x08007d08                _sidata = LOADADDR (.data)

.data           0x20000000      0x694 load address 0x08007d08
                0x20000000                . = ALIGN (0x4)
                0x20000000                _sdata = .
 *(.data)
 *(.data*)
 .data.addr_ofset
                0x20000000        0x1 src\main.o
                0x20000000                addr_ofset
 .data.pokusna0
                0x20000001        0x1 src\main.o
                0x20000001                pokusna0
 .data.pokusna1
                0x20000002        0x1 src\main.o
                0x20000002                pokusna1
 .data.pokusna2
                0x20000003        0x1 src\main.o
                0x20000003                pokusna2
 .data.pokusna3
                0x20000004        0x1 src\main.o
                0x20000004                pokusna3
 .data.pokusna4
                0x20000005        0x1 src\main.o
                0x20000005                pokusna4
 *fill*         0x20000006        0x2 
 .data.eeprom_data
                0x20000008       0x18 src\main.o
                0x20000008                eeprom_data
 .data.SystemCoreClock
                0x20000020        0x4 src\system_stm32l4xx.o
                0x20000020                SystemCoreClock
 .data._impure_ptr
                0x20000024        0x4 d:/program files (x86)/truestudio for stm32 9.0.0/armtools/bin/../lib/gcc/arm-atollic-eabi/6.3.1/../../../../arm-atollic-eabi/lib/armv7e-m/fpu\libc.a(lib_a-impure.o)
                0x20000024                _impure_ptr
 .data.impure_data
                0x20000028       0xf0 d:/program files (x86)/truestudio for stm32 9.0.0/armtools/bin/../lib/gcc/arm-atollic-eabi/6.3.1/../../../../arm-atollic-eabi/lib/armv7e-m/fpu\libc.a(lib_a-impure.o)
 .data.__malloc_av_
                0x20000118      0x408 d:/program files (x86)/truestudio for stm32 9.0.0/armtools/bin/../lib/gcc/arm-atollic-eabi/6.3.1/../../../../arm-atollic-eabi/lib/armv7e-m/fpu\libc.a(lib_a-mallocr.o)
                0x20000118                __malloc_av_
 .data.__malloc_sbrk_base
                0x20000520        0x4 d:/program files (x86)/truestudio for stm32 9.0.0/armtools/bin/../lib/gcc/arm-atollic-eabi/6.3.1/../../../../arm-atollic-eabi/lib/armv7e-m/fpu\libc.a(lib_a-mallocr.o)
                0x20000520                __malloc_sbrk_base
 .data.__malloc_trim_threshold
                0x20000524        0x4 d:/program files (x86)/truestudio for stm32 9.0.0/armtools/bin/../lib/gcc/arm-atollic-eabi/6.3.1/../../../../arm-atollic-eabi/lib/armv7e-m/fpu\libc.a(lib_a-mallocr.o)
                0x20000524                __malloc_trim_threshold
 .data.__global_locale
                0x20000528      0x16c d:/program files (x86)/truestudio for stm32 9.0.0/armtools/bin/../lib/gcc/arm-atollic-eabi/6.3.1/../../../../arm-atollic-eabi/lib/armv7e-m/fpu\libc.a(lib_a-locale.o)
                0x20000528                __global_locale
                0x20000694                . = ALIGN (0x4)
                0x20000694                _edata = .
                0x0800839c                _siram2 = LOADADDR (.ram2)

.igot.plt       0x20000694        0x0 load address 0x0800839c
 .igot.plt      0x20000694        0x0 d:/program files (x86)/truestudio for stm32 9.0.0/armtools/bin/../lib/gcc/arm-atollic-eabi/6.3.1/armv7e-m/fpu/crtbegin.o

.ram2           0x10000000        0x0 load address 0x0800839c
                0x10000000                . = ALIGN (0x4)
                0x10000000                _sram2 = .
 *(.ram2)
 *(.ram2*)
                0x10000000                . = ALIGN (0x4)
                0x10000000                _eram2 = .
                0x10000000                . = ALIGN (0x4)

.bss            0x20000694      0x12c
                0x20000694                _sbss = .
                0x20000694                __bss_start__ = _sbss
 *(.bss)
 .bss           0x20000694       0x1c d:/program files (x86)/truestudio for stm32 9.0.0/armtools/bin/../lib/gcc/arm-atollic-eabi/6.3.1/armv7e-m/fpu/crtbegin.o
 *(.bss*)
 .bss.i2cResult.14128
                0x200006b0        0x1 src\Procedures.o
 *fill*         0x200006b1        0x3 
 .bss.heap_end.7031
                0x200006b4        0x4 src\syscalls.o
 .bss.__malloc_current_mallinfo
                0x200006b8       0x28 d:/program files (x86)/truestudio for stm32 9.0.0/armtools/bin/../lib/gcc/arm-atollic-eabi/6.3.1/../../../../arm-atollic-eabi/lib/armv7e-m/fpu\libc.a(lib_a-mallocr.o)
                0x200006b8                __malloc_current_mallinfo
 .bss.__malloc_max_sbrked_mem
                0x200006e0        0x4 d:/program files (x86)/truestudio for stm32 9.0.0/armtools/bin/../lib/gcc/arm-atollic-eabi/6.3.1/../../../../arm-atollic-eabi/lib/armv7e-m/fpu\libc.a(lib_a-mallocr.o)
                0x200006e0                __malloc_max_sbrked_mem
 .bss.__malloc_max_total_mem
                0x200006e4        0x4 d:/program files (x86)/truestudio for stm32 9.0.0/armtools/bin/../lib/gcc/arm-atollic-eabi/6.3.1/../../../../arm-atollic-eabi/lib/armv7e-m/fpu\libc.a(lib_a-mallocr.o)
                0x200006e4                __malloc_max_total_mem
 .bss.__malloc_top_pad
                0x200006e8        0x4 d:/program files (x86)/truestudio for stm32 9.0.0/armtools/bin/../lib/gcc/arm-atollic-eabi/6.3.1/../../../../arm-atollic-eabi/lib/armv7e-m/fpu\libc.a(lib_a-mallocr.o)
                0x200006e8                __malloc_top_pad
 *(COMMON)
 COMMON         0x200006ec        0x4 Drivers\STM32L4xx_HAL_Driver\Src\stm32l4xx_hal.o
                0x200006ec                uwTick
 COMMON         0x200006f0       0x40 Drivers\STM32L4xx_HAL_Driver\Src\stm32l4xx_hal_timebase_tim_template.o
                0x200006f0                TimHandle
 COMMON         0x20000730       0x24 src\Procedures.o
                0x20000730                bufferUSART1
                0x20000750                calib_val
 COMMON         0x20000754       0x4e src\main.o
                0x20000754                Reg_lghtng
                0x20000772                consumption
                0x20000774                eeprom_data_r
                0x2000077c                string
                0x20000790                temp
                0x20000794                pre_counterNoise
                0x20000798                voltage
                0x2000079c                i
                0x2000079e                pre_counterLight
                0x200007a0                a
                0x200007a1                as3935_reg
 *fill*         0x200007a2        0x2 
 COMMON         0x200007a4        0xd src\stm32l4xx_it.o
                0x200007a4                irqReg
                0x200007a6                counterNoise
                0x200007a8                TimmingDelay
                0x200007ac                count
                0x200007ae                counterLight
                0x200007b0                RXHMIPacket_ready
 COMMON         0x200007b1        0x9 d:/program files (x86)/truestudio for stm32 9.0.0/armtools/bin/../lib/gcc/arm-atollic-eabi/6.3.1/../../../../arm-atollic-eabi/lib/armv7e-m/fpu\libc.a(lib_a-lock.o)
                0x200007b1                __lock___atexit_recursive_mutex
                0x200007b2                __lock___arc4random_mutex
                0x200007b3                __lock___env_recursive_mutex
                0x200007b4                __lock___sinit_recursive_mutex
                0x200007b5                __lock___malloc_recursive_mutex
                0x200007b6                __lock___at_quick_exit_mutex
                0x200007b7                __lock___dd_hash_mutex
                0x200007b8                __lock___tz_mutex
                0x200007b9                __lock___sfp_recursive_mutex
 *fill*         0x200007ba        0x2 
 COMMON         0x200007bc        0x4 d:/program files (x86)/truestudio for stm32 9.0.0/armtools/bin/../lib/gcc/arm-atollic-eabi/6.3.1/../../../../arm-atollic-eabi/lib/armv7e-m/fpu\libc.a(lib_a-reent.o)
                0x200007bc                errno
                0x200007c0                . = ALIGN (0x4)
                0x200007c0                _ebss = .
                0x200007c0                __bss_end__ = _ebss

._user_heap_stack
                0x200007c0      0x200
                0x200007c0                . = ALIGN (0x4)
                0x200007c0                PROVIDE (end, .)
                [!provide]                PROVIDE (_end, .)
                0x200007c0                . = (. + _Min_Heap_Size)
                0x200009c0                . = (. + _Min_Stack_Size)
 *fill*         0x200007c0      0x200 
                0x200009c0                . = ALIGN (0x4)

.memory_b1_text
 *(.mb1text)
 *(.mb1text*)
 *(.mb1rodata)
 *(.mb1rodata*)

/DISCARD/
 libc.a(*)
 libm.a(*)
 libgcc.a(*)

.ARM.attributes
                0x00000000       0x30
 *(.ARM.attributes)
 .ARM.attributes
                0x00000000       0x22 d:/program files (x86)/truestudio for stm32 9.0.0/armtools/bin/../lib/gcc/arm-atollic-eabi/6.3.1/armv7e-m/fpu/crti.o
 .ARM.attributes
                0x00000022       0x34 d:/program files (x86)/truestudio for stm32 9.0.0/armtools/bin/../lib/gcc/arm-atollic-eabi/6.3.1/armv7e-m/fpu/crtbegin.o
 .ARM.attributes
                0x00000056       0x39 Drivers\STM32L4xx_HAL_Driver\Src\stm32l4xx_hal.o
 .ARM.attributes
                0x0000008f       0x39 Drivers\STM32L4xx_HAL_Driver\Src\stm32l4xx_hal_tim.o
 .ARM.attributes
                0x000000c8       0x39 Drivers\STM32L4xx_HAL_Driver\Src\stm32l4xx_hal_tim_ex.o
 .ARM.attributes
                0x00000101       0x39 Drivers\STM32L4xx_HAL_Driver\Src\stm32l4xx_hal_timebase_tim_template.o
 .ARM.attributes
                0x0000013a       0x39 Drivers\STM32L4xx_HAL_Driver\Src\stm32l4xx_ll_exti.o
 .ARM.attributes
                0x00000173       0x39 Drivers\STM32L4xx_HAL_Driver\Src\stm32l4xx_ll_i2c.o
 .ARM.attributes
                0x000001ac       0x39 Drivers\STM32L4xx_HAL_Driver\Src\stm32l4xx_ll_rcc.o
 .ARM.attributes
                0x000001e5       0x39 Drivers\STM32L4xx_HAL_Driver\Src\stm32l4xx_ll_spi.o
 .ARM.attributes
                0x0000021e       0x39 Drivers\STM32L4xx_HAL_Driver\Src\stm32l4xx_ll_tim.o
 .ARM.attributes
                0x00000257       0x39 Drivers\STM32L4xx_HAL_Driver\Src\stm32l4xx_ll_usart.o
 .ARM.attributes
                0x00000290       0x39 src\Periph_Init.o
 .ARM.attributes
                0x000002c9       0x39 src\Procedures.o
 .ARM.attributes
                0x00000302       0x39 src\TomLib_I2C.o
 .ARM.attributes
                0x0000033b       0x39 src\TomLib_SPI.o
 .ARM.attributes
                0x00000374       0x39 src\TomLib_SYS.o
 .ARM.attributes
                0x000003ad       0x39 src\TomLib_USART.o
 .ARM.attributes
                0x000003e6       0x39 src\main.o
 .ARM.attributes
                0x0000041f       0x39 src\stm32l4xx_it.o
 .ARM.attributes
                0x00000458       0x39 src\syscalls.o
 .ARM.attributes
                0x00000491       0x39 src\system_stm32l4xx.o
 .ARM.attributes
                0x000004ca       0x21 startup\startup_stm32l433xx.o
 .ARM.attributes
                0x000004eb       0x34 d:/program files (x86)/truestudio for stm32 9.0.0/armtools/bin/../lib/gcc/arm-atollic-eabi/6.3.1/../../../../arm-atollic-eabi/lib/armv7e-m/fpu\libc.a(lib_a-errno.o)
 .ARM.attributes
                0x0000051f       0x34 d:/program files (x86)/truestudio for stm32 9.0.0/armtools/bin/../lib/gcc/arm-atollic-eabi/6.3.1/../../../../arm-atollic-eabi/lib/armv7e-m/fpu\libc.a(lib_a-impure.o)
 .ARM.attributes
                0x00000553       0x34 d:/program files (x86)/truestudio for stm32 9.0.0/armtools/bin/../lib/gcc/arm-atollic-eabi/6.3.1/../../../../arm-atollic-eabi/lib/armv7e-m/fpu\libc.a(lib_a-init.o)
 .ARM.attributes
                0x00000587       0x34 d:/program files (x86)/truestudio for stm32 9.0.0/armtools/bin/../lib/gcc/arm-atollic-eabi/6.3.1/../../../../arm-atollic-eabi/lib/armv7e-m/fpu\libc.a(lib_a-sprintf.o)
 .ARM.attributes
                0x000005bb       0x1b d:/program files (x86)/truestudio for stm32 9.0.0/armtools/bin/../lib/gcc/arm-atollic-eabi/6.3.1/../../../../arm-atollic-eabi/lib/armv7e-m/fpu\libc.a(lib_a-strlen.o)
 .ARM.attributes
                0x000005d6       0x34 d:/program files (x86)/truestudio for stm32 9.0.0/armtools/bin/../lib/gcc/arm-atollic-eabi/6.3.1/../../../../arm-atollic-eabi/lib/armv7e-m/fpu\libc.a(lib_a-svfprintf.o)
 .ARM.attributes
                0x0000060a       0x34 d:/program files (x86)/truestudio for stm32 9.0.0/armtools/bin/../lib/gcc/arm-atollic-eabi/6.3.1/../../../../arm-atollic-eabi/lib/armv7e-m/fpu\libc.a(lib_a-dtoa.o)
 .ARM.attributes
                0x0000063e       0x34 d:/program files (x86)/truestudio for stm32 9.0.0/armtools/bin/../lib/gcc/arm-atollic-eabi/6.3.1/../../../../arm-atollic-eabi/lib/armv7e-m/fpu\libc.a(lib_a-localeconv.o)
 .ARM.attributes
                0x00000672       0x34 d:/program files (x86)/truestudio for stm32 9.0.0/armtools/bin/../lib/gcc/arm-atollic-eabi/6.3.1/../../../../arm-atollic-eabi/lib/armv7e-m/fpu\libc.a(lib_a-malloc.o)
 .ARM.attributes
                0x000006a6       0x34 d:/program files (x86)/truestudio for stm32 9.0.0/armtools/bin/../lib/gcc/arm-atollic-eabi/6.3.1/../../../../arm-atollic-eabi/lib/armv7e-m/fpu\libc.a(lib_a-mallocr.o)
 .ARM.attributes
                0x000006da       0x20 d:/program files (x86)/truestudio for stm32 9.0.0/armtools/bin/../lib/gcc/arm-atollic-eabi/6.3.1/../../../../arm-atollic-eabi/lib/armv7e-m/fpu\libc.a(lib_a-memchr.o)
 .ARM.attributes
                0x000006fa       0x34 d:/program files (x86)/truestudio for stm32 9.0.0/armtools/bin/../lib/gcc/arm-atollic-eabi/6.3.1/../../../../arm-atollic-eabi/lib/armv7e-m/fpu\libc.a(lib_a-memcpy-stub.o)
 .ARM.attributes
                0x0000072e       0x34 d:/program files (x86)/truestudio for stm32 9.0.0/armtools/bin/../lib/gcc/arm-atollic-eabi/6.3.1/../../../../arm-atollic-eabi/lib/armv7e-m/fpu\libc.a(lib_a-mlock.o)
 .ARM.attributes
                0x00000762       0x34 d:/program files (x86)/truestudio for stm32 9.0.0/armtools/bin/../lib/gcc/arm-atollic-eabi/6.3.1/../../../../arm-atollic-eabi/lib/armv7e-m/fpu\libc.a(lib_a-mprec.o)
 .ARM.attributes
                0x00000796       0x34 d:/program files (x86)/truestudio for stm32 9.0.0/armtools/bin/../lib/gcc/arm-atollic-eabi/6.3.1/../../../../arm-atollic-eabi/lib/armv7e-m/fpu\libc.a(lib_a-sbrkr.o)
 .ARM.attributes
                0x000007ca       0x34 d:/program files (x86)/truestudio for stm32 9.0.0/armtools/bin/../lib/gcc/arm-atollic-eabi/6.3.1/../../../../arm-atollic-eabi/lib/armv7e-m/fpu\libc.a(lib_a-svfiprintf.o)
 .ARM.attributes
                0x000007fe       0x34 d:/program files (x86)/truestudio for stm32 9.0.0/armtools/bin/../lib/gcc/arm-atollic-eabi/6.3.1/../../../../arm-atollic-eabi/lib/armv7e-m/fpu\libc.a(lib_a-callocr.o)
 .ARM.attributes
                0x00000832       0x34 d:/program files (x86)/truestudio for stm32 9.0.0/armtools/bin/../lib/gcc/arm-atollic-eabi/6.3.1/../../../../arm-atollic-eabi/lib/armv7e-m/fpu\libc.a(lib_a-freer.o)
 .ARM.attributes
                0x00000866       0x34 d:/program files (x86)/truestudio for stm32 9.0.0/armtools/bin/../lib/gcc/arm-atollic-eabi/6.3.1/../../../../arm-atollic-eabi/lib/armv7e-m/fpu\libc.a(lib_a-locale.o)
 .ARM.attributes
                0x0000089a       0x34 d:/program files (x86)/truestudio for stm32 9.0.0/armtools/bin/../lib/gcc/arm-atollic-eabi/6.3.1/../../../../arm-atollic-eabi/lib/armv7e-m/fpu\libc.a(lib_a-lock.o)
 .ARM.attributes
                0x000008ce       0x34 d:/program files (x86)/truestudio for stm32 9.0.0/armtools/bin/../lib/gcc/arm-atollic-eabi/6.3.1/../../../../arm-atollic-eabi/lib/armv7e-m/fpu\libc.a(lib_a-mbtowc_r.o)
 .ARM.attributes
                0x00000902       0x34 d:/program files (x86)/truestudio for stm32 9.0.0/armtools/bin/../lib/gcc/arm-atollic-eabi/6.3.1/../../../../arm-atollic-eabi/lib/armv7e-m/fpu\libc.a(lib_a-memmove.o)
 .ARM.attributes
                0x00000936       0x34 d:/program files (x86)/truestudio for stm32 9.0.0/armtools/bin/../lib/gcc/arm-atollic-eabi/6.3.1/../../../../arm-atollic-eabi/lib/armv7e-m/fpu\libc.a(lib_a-memset.o)
 .ARM.attributes
                0x0000096a       0x34 d:/program files (x86)/truestudio for stm32 9.0.0/armtools/bin/../lib/gcc/arm-atollic-eabi/6.3.1/../../../../arm-atollic-eabi/lib/armv7e-m/fpu\libc.a(lib_a-reallocr.o)
 .ARM.attributes
                0x0000099e       0x34 d:/program files (x86)/truestudio for stm32 9.0.0/armtools/bin/../lib/gcc/arm-atollic-eabi/6.3.1/../../../../arm-atollic-eabi/lib/armv7e-m/fpu\libc.a(lib_a-reent.o)
 .ARM.attributes
                0x000009d2       0x34 d:/program files (x86)/truestudio for stm32 9.0.0/armtools/bin/../lib/gcc/arm-atollic-eabi/6.3.1/../../../../arm-atollic-eabi/lib/armv7e-m/fpu\libc.a(lib_a-wctomb_r.o)
 .ARM.attributes
                0x00000a06       0x34 d:/program files (x86)/truestudio for stm32 9.0.0/armtools/bin/../lib/gcc/arm-atollic-eabi/6.3.1/../../../../arm-atollic-eabi/lib/armv7e-m/fpu\libc.a(lib_a-ctype_.o)
 .ARM.attributes
                0x00000a3a       0x22 d:/program files (x86)/truestudio for stm32 9.0.0/armtools/bin/../lib/gcc/arm-atollic-eabi/6.3.1/armv7e-m/fpu\libgcc.a(_arm_addsubdf3.o)
 .ARM.attributes
                0x00000a5c       0x22 d:/program files (x86)/truestudio for stm32 9.0.0/armtools/bin/../lib/gcc/arm-atollic-eabi/6.3.1/armv7e-m/fpu\libgcc.a(_arm_muldivdf3.o)
 .ARM.attributes
                0x00000a7e       0x22 d:/program files (x86)/truestudio for stm32 9.0.0/armtools/bin/../lib/gcc/arm-atollic-eabi/6.3.1/armv7e-m/fpu\libgcc.a(_arm_cmpdf2.o)
 .ARM.attributes
                0x00000aa0       0x22 d:/program files (x86)/truestudio for stm32 9.0.0/armtools/bin/../lib/gcc/arm-atollic-eabi/6.3.1/armv7e-m/fpu\libgcc.a(_arm_unorddf2.o)
 .ARM.attributes
                0x00000ac2       0x22 d:/program files (x86)/truestudio for stm32 9.0.0/armtools/bin/../lib/gcc/arm-atollic-eabi/6.3.1/armv7e-m/fpu\libgcc.a(_arm_fixdfsi.o)
 .ARM.attributes
                0x00000ae4       0x22 d:/program files (x86)/truestudio for stm32 9.0.0/armtools/bin/../lib/gcc/arm-atollic-eabi/6.3.1/armv7e-m/fpu\libgcc.a(_arm_truncdfsf2.o)
 .ARM.attributes
                0x00000b06       0x22 d:/program files (x86)/truestudio for stm32 9.0.0/armtools/bin/../lib/gcc/arm-atollic-eabi/6.3.1/armv7e-m/fpu\libgcc.a(_aeabi_uldivmod.o)
 .ARM.attributes
                0x00000b28       0x34 d:/program files (x86)/truestudio for stm32 9.0.0/armtools/bin/../lib/gcc/arm-atollic-eabi/6.3.1/armv7e-m/fpu\libgcc.a(_udivmoddi4.o)
 .ARM.attributes
                0x00000b5c       0x22 d:/program files (x86)/truestudio for stm32 9.0.0/armtools/bin/../lib/gcc/arm-atollic-eabi/6.3.1/armv7e-m/fpu\libgcc.a(_dvmd_tls.o)
 .ARM.attributes
                0x00000b7e       0x22 d:/program files (x86)/truestudio for stm32 9.0.0/armtools/bin/../lib/gcc/arm-atollic-eabi/6.3.1/armv7e-m/fpu/crtn.o
OUTPUT(Storm_Buster.elf elf32-littlearm)

.debug_info     0x00000000    0x1870c
 .debug_info    0x00000000     0x121d Drivers\STM32L4xx_HAL_Driver\Src\stm32l4xx_hal.o
 .debug_info    0x0000121d     0x2b32 Drivers\STM32L4xx_HAL_Driver\Src\stm32l4xx_hal_tim.o
 .debug_info    0x00003d4f     0x19e1 Drivers\STM32L4xx_HAL_Driver\Src\stm32l4xx_hal_tim_ex.o
 .debug_info    0x00005730     0x1397 Drivers\STM32L4xx_HAL_Driver\Src\stm32l4xx_hal_timebase_tim_template.o
 .debug_info    0x00006ac7      0xda9 Drivers\STM32L4xx_HAL_Driver\Src\stm32l4xx_ll_exti.o
 .debug_info    0x00007870      0xf56 Drivers\STM32L4xx_HAL_Driver\Src\stm32l4xx_ll_i2c.o
 .debug_info    0x000087c6     0x14ed Drivers\STM32L4xx_HAL_Driver\Src\stm32l4xx_ll_rcc.o
 .debug_info    0x00009cb3      0xe70 Drivers\STM32L4xx_HAL_Driver\Src\stm32l4xx_ll_spi.o
 .debug_info    0x0000ab23     0x196a Drivers\STM32L4xx_HAL_Driver\Src\stm32l4xx_ll_tim.o
 .debug_info    0x0000c48d     0x1031 Drivers\STM32L4xx_HAL_Driver\Src\stm32l4xx_ll_usart.o
 .debug_info    0x0000d4be     0x2933 src\Periph_Init.o
 .debug_info    0x0000fdf1     0x16cf src\Procedures.o
 .debug_info    0x000114c0      0xf26 src\TomLib_I2C.o
 .debug_info    0x000123e6      0xd77 src\TomLib_SPI.o
 .debug_info    0x0001315d      0xfc0 src\TomLib_SYS.o
 .debug_info    0x0001411d      0xc65 src\TomLib_USART.o
 .debug_info    0x00014d82      0xc59 src\main.o
 .debug_info    0x000159db      0xf88 src\stm32l4xx_it.o
 .debug_info    0x00016963      0xf2f src\syscalls.o
 .debug_info    0x00017892      0xdf5 src\system_stm32l4xx.o
 .debug_info    0x00018687       0x85 startup\startup_stm32l433xx.o

.debug_abbrev   0x00000000     0x2f74
 .debug_abbrev  0x00000000      0x27a Drivers\STM32L4xx_HAL_Driver\Src\stm32l4xx_hal.o
 .debug_abbrev  0x0000027a      0x2ab Drivers\STM32L4xx_HAL_Driver\Src\stm32l4xx_hal_tim.o
 .debug_abbrev  0x00000525      0x288 Drivers\STM32L4xx_HAL_Driver\Src\stm32l4xx_hal_tim_ex.o
 .debug_abbrev  0x000007ad      0x239 Drivers\STM32L4xx_HAL_Driver\Src\stm32l4xx_hal_timebase_tim_template.o
 .debug_abbrev  0x000009e6      0x230 Drivers\STM32L4xx_HAL_Driver\Src\stm32l4xx_ll_exti.o
 .debug_abbrev  0x00000c16      0x216 Drivers\STM32L4xx_HAL_Driver\Src\stm32l4xx_ll_i2c.o
 .debug_abbrev  0x00000e2c      0x291 Drivers\STM32L4xx_HAL_Driver\Src\stm32l4xx_ll_rcc.o
 .debug_abbrev  0x000010bd      0x218 Drivers\STM32L4xx_HAL_Driver\Src\stm32l4xx_ll_spi.o
 .debug_abbrev  0x000012d5      0x291 Drivers\STM32L4xx_HAL_Driver\Src\stm32l4xx_ll_tim.o
 .debug_abbrev  0x00001566      0x243 Drivers\STM32L4xx_HAL_Driver\Src\stm32l4xx_ll_usart.o
 .debug_abbrev  0x000017a9      0x35a src\Periph_Init.o
 .debug_abbrev  0x00001b03      0x303 src\Procedures.o
 .debug_abbrev  0x00001e06      0x248 src\TomLib_I2C.o
 .debug_abbrev  0x0000204e      0x232 src\TomLib_SPI.o
 .debug_abbrev  0x00002280      0x239 src\TomLib_SYS.o
 .debug_abbrev  0x000024b9      0x23b src\TomLib_USART.o
 .debug_abbrev  0x000026f4      0x1e6 src\main.o
 .debug_abbrev  0x000028da      0x22c src\stm32l4xx_it.o
 .debug_abbrev  0x00002b06      0x271 src\syscalls.o
 .debug_abbrev  0x00002d77      0x1eb src\system_stm32l4xx.o
 .debug_abbrev  0x00002f62       0x12 startup\startup_stm32l433xx.o

.debug_aranges  0x00000000     0x12d8
 .debug_aranges
                0x00000000      0x118 Drivers\STM32L4xx_HAL_Driver\Src\stm32l4xx_hal.o
 .debug_aranges
                0x00000118      0x378 Drivers\STM32L4xx_HAL_Driver\Src\stm32l4xx_hal_tim.o
 .debug_aranges
                0x00000490      0x150 Drivers\STM32L4xx_HAL_Driver\Src\stm32l4xx_hal_tim_ex.o
 .debug_aranges
                0x000005e0       0x40 Drivers\STM32L4xx_HAL_Driver\Src\stm32l4xx_hal_timebase_tim_template.o
 .debug_aranges
                0x00000620       0xb0 Drivers\STM32L4xx_HAL_Driver\Src\stm32l4xx_ll_exti.o
 .debug_aranges
                0x000006d0       0x88 Drivers\STM32L4xx_HAL_Driver\Src\stm32l4xx_ll_i2c.o
 .debug_aranges
                0x00000758      0x200 Drivers\STM32L4xx_HAL_Driver\Src\stm32l4xx_ll_rcc.o
 .debug_aranges
                0x00000958       0x60 Drivers\STM32L4xx_HAL_Driver\Src\stm32l4xx_ll_spi.o
 .debug_aranges
                0x000009b8      0x148 Drivers\STM32L4xx_HAL_Driver\Src\stm32l4xx_ll_tim.o
 .debug_aranges
                0x00000b00       0x88 Drivers\STM32L4xx_HAL_Driver\Src\stm32l4xx_ll_usart.o
 .debug_aranges
                0x00000b88      0x230 src\Periph_Init.o
 .debug_aranges
                0x00000db8      0x130 src\Procedures.o
 .debug_aranges
                0x00000ee8       0xe0 src\TomLib_I2C.o
 .debug_aranges
                0x00000fc8       0x80 src\TomLib_SPI.o
 .debug_aranges
                0x00001048       0x88 src\TomLib_SYS.o
 .debug_aranges
                0x000010d0       0x60 src\TomLib_USART.o
 .debug_aranges
                0x00001130       0x38 src\main.o
 .debug_aranges
                0x00001168       0x70 src\stm32l4xx_it.o
 .debug_aranges
                0x000011d8       0xb0 src\syscalls.o
 .debug_aranges
                0x00001288       0x28 src\system_stm32l4xx.o
 .debug_aranges
                0x000012b0       0x28 startup\startup_stm32l433xx.o

.debug_ranges   0x00000000     0x1190
 .debug_ranges  0x00000000      0x108 Drivers\STM32L4xx_HAL_Driver\Src\stm32l4xx_hal.o
 .debug_ranges  0x00000108      0x368 Drivers\STM32L4xx_HAL_Driver\Src\stm32l4xx_hal_tim.o
 .debug_ranges  0x00000470      0x140 Drivers\STM32L4xx_HAL_Driver\Src\stm32l4xx_hal_tim_ex.o
 .debug_ranges  0x000005b0       0x30 Drivers\STM32L4xx_HAL_Driver\Src\stm32l4xx_hal_timebase_tim_template.o
 .debug_ranges  0x000005e0       0xa0 Drivers\STM32L4xx_HAL_Driver\Src\stm32l4xx_ll_exti.o
 .debug_ranges  0x00000680       0x78 Drivers\STM32L4xx_HAL_Driver\Src\stm32l4xx_ll_i2c.o
 .debug_ranges  0x000006f8      0x1f0 Drivers\STM32L4xx_HAL_Driver\Src\stm32l4xx_ll_rcc.o
 .debug_ranges  0x000008e8       0x50 Drivers\STM32L4xx_HAL_Driver\Src\stm32l4xx_ll_spi.o
 .debug_ranges  0x00000938      0x138 Drivers\STM32L4xx_HAL_Driver\Src\stm32l4xx_ll_tim.o
 .debug_ranges  0x00000a70       0x78 Drivers\STM32L4xx_HAL_Driver\Src\stm32l4xx_ll_usart.o
 .debug_ranges  0x00000ae8      0x220 src\Periph_Init.o
 .debug_ranges  0x00000d08      0x120 src\Procedures.o
 .debug_ranges  0x00000e28       0xd0 src\TomLib_I2C.o
 .debug_ranges  0x00000ef8       0x70 src\TomLib_SPI.o
 .debug_ranges  0x00000f68       0x78 src\TomLib_SYS.o
 .debug_ranges  0x00000fe0       0x50 src\TomLib_USART.o
 .debug_ranges  0x00001030       0x28 src\main.o
 .debug_ranges  0x00001058       0x60 src\stm32l4xx_it.o
 .debug_ranges  0x000010b8       0xa0 src\syscalls.o
 .debug_ranges  0x00001158       0x18 src\system_stm32l4xx.o
 .debug_ranges  0x00001170       0x20 startup\startup_stm32l433xx.o

.debug_line     0x00000000     0x74c3
 .debug_line    0x00000000      0x4e1 Drivers\STM32L4xx_HAL_Driver\Src\stm32l4xx_hal.o
 .debug_line    0x000004e1     0x1497 Drivers\STM32L4xx_HAL_Driver\Src\stm32l4xx_hal_tim.o
 .debug_line    0x00001978      0x903 Drivers\STM32L4xx_HAL_Driver\Src\stm32l4xx_hal_tim_ex.o
 .debug_line    0x0000227b      0x33a Drivers\STM32L4xx_HAL_Driver\Src\stm32l4xx_hal_timebase_tim_template.o
 .debug_line    0x000025b5      0x429 Drivers\STM32L4xx_HAL_Driver\Src\stm32l4xx_ll_exti.o
 .debug_line    0x000029de      0x3ba Drivers\STM32L4xx_HAL_Driver\Src\stm32l4xx_ll_i2c.o
 .debug_line    0x00002d98      0xbf3 Drivers\STM32L4xx_HAL_Driver\Src\stm32l4xx_ll_rcc.o
 .debug_line    0x0000398b      0x369 Drivers\STM32L4xx_HAL_Driver\Src\stm32l4xx_ll_spi.o
 .debug_line    0x00003cf4      0x727 Drivers\STM32L4xx_HAL_Driver\Src\stm32l4xx_ll_tim.o
 .debug_line    0x0000441b      0x3ed Drivers\STM32L4xx_HAL_Driver\Src\stm32l4xx_ll_usart.o
 .debug_line    0x00004808      0xa48 src\Periph_Init.o
 .debug_line    0x00005250      0x60e src\Procedures.o
 .debug_line    0x0000585e      0x4ac src\TomLib_I2C.o
 .debug_line    0x00005d0a      0x3cf src\TomLib_SPI.o
 .debug_line    0x000060d9      0x3a8 src\TomLib_SYS.o
 .debug_line    0x00006481      0x33d src\TomLib_USART.o
 .debug_line    0x000067be      0x2ef src\main.o
 .debug_line    0x00006aad      0x36e src\stm32l4xx_it.o
 .debug_line    0x00006e1b      0x3b8 src\syscalls.o
 .debug_line    0x000071d3      0x271 src\system_stm32l4xx.o
 .debug_line    0x00007444       0x7f startup\startup_stm32l433xx.o

.debug_str      0x00000000     0x4e3d
 .debug_str     0x00000000      0xef7 Drivers\STM32L4xx_HAL_Driver\Src\stm32l4xx_hal.o
                                0xfc8 (size before relaxing)
 .debug_str     0x00000ef7     0x10ad Drivers\STM32L4xx_HAL_Driver\Src\stm32l4xx_hal_tim.o
                               0x1806 (size before relaxing)
 .debug_str     0x00001fa4      0x659 Drivers\STM32L4xx_HAL_Driver\Src\stm32l4xx_hal_tim_ex.o
                               0x11e2 (size before relaxing)
 .debug_str     0x000025fd       0xfe Drivers\STM32L4xx_HAL_Driver\Src\stm32l4xx_hal_timebase_tim_template.o
                               0x1128 (size before relaxing)
 .debug_str     0x000026fb      0x2e7 Drivers\STM32L4xx_HAL_Driver\Src\stm32l4xx_ll_exti.o
                                0x954 (size before relaxing)
 .debug_str     0x000029e2      0x1f6 Drivers\STM32L4xx_HAL_Driver\Src\stm32l4xx_ll_i2c.o
                                0x9ad (size before relaxing)
 .debug_str     0x00002bd8      0x796 Drivers\STM32L4xx_HAL_Driver\Src\stm32l4xx_ll_rcc.o
                                0xf4e (size before relaxing)
 .debug_str     0x0000336e      0x14c Drivers\STM32L4xx_HAL_Driver\Src\stm32l4xx_ll_spi.o
                                0x95a (size before relaxing)
 .debug_str     0x000034ba      0x497 Drivers\STM32L4xx_HAL_Driver\Src\stm32l4xx_ll_tim.o
                                0xeaf (size before relaxing)
 .debug_str     0x00003951      0x1ee Drivers\STM32L4xx_HAL_Driver\Src\stm32l4xx_ll_usart.o
                                0xa57 (size before relaxing)
 .debug_str     0x00003b3f      0x7ac src\Periph_Init.o
                               0x17f4 (size before relaxing)
 .debug_str     0x000042eb      0x2ef src\Procedures.o
                                0xc29 (size before relaxing)
 .debug_str     0x000045da      0x1de src\TomLib_I2C.o
                                0x912 (size before relaxing)
 .debug_str     0x000047b8      0x120 src\TomLib_SPI.o
                                0x81b (size before relaxing)
 .debug_str     0x000048d8       0x7c src\TomLib_SYS.o
                                0x9a0 (size before relaxing)
 .debug_str     0x00004954       0xe9 src\TomLib_USART.o
                                0x791 (size before relaxing)
 .debug_str     0x00004a3d       0xd2 src\main.o
                                0x7ba (size before relaxing)
 .debug_str     0x00004b0f       0xa5 src\stm32l4xx_it.o
                                0x91a (size before relaxing)
 .debug_str     0x00004bb4      0x234 src\syscalls.o
                                0x85c (size before relaxing)
 .debug_str     0x00004de8       0x55 src\system_stm32l4xx.o
                                0x83c (size before relaxing)

.comment        0x00000000       0x7c
 .comment       0x00000000       0x7c Drivers\STM32L4xx_HAL_Driver\Src\stm32l4xx_hal.o
                                 0x7d (size before relaxing)
 .comment       0x0000007c       0x7d Drivers\STM32L4xx_HAL_Driver\Src\stm32l4xx_hal_tim.o
 .comment       0x0000007c       0x7d Drivers\STM32L4xx_HAL_Driver\Src\stm32l4xx_hal_tim_ex.o
 .comment       0x0000007c       0x7d Drivers\STM32L4xx_HAL_Driver\Src\stm32l4xx_hal_timebase_tim_template.o
 .comment       0x0000007c       0x7d Drivers\STM32L4xx_HAL_Driver\Src\stm32l4xx_ll_exti.o
 .comment       0x0000007c       0x7d Drivers\STM32L4xx_HAL_Driver\Src\stm32l4xx_ll_i2c.o
 .comment       0x0000007c       0x7d Drivers\STM32L4xx_HAL_Driver\Src\stm32l4xx_ll_rcc.o
 .comment       0x0000007c       0x7d Drivers\STM32L4xx_HAL_Driver\Src\stm32l4xx_ll_spi.o
 .comment       0x0000007c       0x7d Drivers\STM32L4xx_HAL_Driver\Src\stm32l4xx_ll_tim.o
 .comment       0x0000007c       0x7d Drivers\STM32L4xx_HAL_Driver\Src\stm32l4xx_ll_usart.o
 .comment       0x0000007c       0x7d src\Periph_Init.o
 .comment       0x0000007c       0x7d src\Procedures.o
 .comment       0x0000007c       0x7d src\TomLib_I2C.o
 .comment       0x0000007c       0x7d src\TomLib_SPI.o
 .comment       0x0000007c       0x7d src\TomLib_SYS.o
 .comment       0x0000007c       0x7d src\TomLib_USART.o
 .comment       0x0000007c       0x7d src\main.o
 .comment       0x0000007c       0x7d src\stm32l4xx_it.o
 .comment       0x0000007c       0x7d src\syscalls.o
 .comment       0x0000007c       0x7d src\system_stm32l4xx.o

.debug_frame    0x00000000     0x5aa0
 .debug_frame   0x00000000      0x42c Drivers\STM32L4xx_HAL_Driver\Src\stm32l4xx_hal.o
 .debug_frame   0x0000042c     0x100c Drivers\STM32L4xx_HAL_Driver\Src\stm32l4xx_hal_tim.o
 .debug_frame   0x00001438      0x5c4 Drivers\STM32L4xx_HAL_Driver\Src\stm32l4xx_hal_tim_ex.o
 .debug_frame   0x000019fc       0xb4 Drivers\STM32L4xx_HAL_Driver\Src\stm32l4xx_hal_timebase_tim_template.o
 .debug_frame   0x00001ab0      0x2fc Drivers\STM32L4xx_HAL_Driver\Src\stm32l4xx_ll_exti.o
 .debug_frame   0x00001dac      0x238 Drivers\STM32L4xx_HAL_Driver\Src\stm32l4xx_ll_i2c.o
 .debug_frame   0x00001fe4      0x888 Drivers\STM32L4xx_HAL_Driver\Src\stm32l4xx_ll_rcc.o
 .debug_frame   0x0000286c      0x170 Drivers\STM32L4xx_HAL_Driver\Src\stm32l4xx_ll_spi.o
 .debug_frame   0x000029dc      0x5d0 Drivers\STM32L4xx_HAL_Driver\Src\stm32l4xx_ll_tim.o
 .debug_frame   0x00002fac      0x238 Drivers\STM32L4xx_HAL_Driver\Src\stm32l4xx_ll_usart.o
 .debug_frame   0x000031e4      0xa08 src\Periph_Init.o
 .debug_frame   0x00003bec      0x52c src\Procedures.o
 .debug_frame   0x00004118      0x3d4 src\TomLib_I2C.o
 .debug_frame   0x000044ec      0x204 src\TomLib_SPI.o
 .debug_frame   0x000046f0      0x218 src\TomLib_SYS.o
 .debug_frame   0x00004908      0x164 src\TomLib_USART.o
 .debug_frame   0x00004a6c       0x8c src\main.o
 .debug_frame   0x00004af8      0x194 src\stm32l4xx_it.o
 .debug_frame   0x00004c8c      0x2d4 src\syscalls.o
 .debug_frame   0x00004f60       0x58 src\system_stm32l4xx.o
 .debug_frame   0x00004fb8       0x20 d:/program files (x86)/truestudio for stm32 9.0.0/armtools/bin/../lib/gcc/arm-atollic-eabi/6.3.1/../../../../arm-atollic-eabi/lib/armv7e-m/fpu\libc.a(lib_a-errno.o)
 .debug_frame   0x00004fd8       0x2c d:/program files (x86)/truestudio for stm32 9.0.0/armtools/bin/../lib/gcc/arm-atollic-eabi/6.3.1/../../../../arm-atollic-eabi/lib/armv7e-m/fpu\libc.a(lib_a-init.o)
 .debug_frame   0x00005004       0x70 d:/program files (x86)/truestudio for stm32 9.0.0/armtools/bin/../lib/gcc/arm-atollic-eabi/6.3.1/../../../../arm-atollic-eabi/lib/armv7e-m/fpu\libc.a(lib_a-sprintf.o)
 .debug_frame   0x00005074       0x40 d:/program files (x86)/truestudio for stm32 9.0.0/armtools/bin/../lib/gcc/arm-atollic-eabi/6.3.1/../../../../arm-atollic-eabi/lib/armv7e-m/fpu\libc.a(lib_a-svfprintf.o)
 .debug_frame   0x000050b4       0x6c d:/program files (x86)/truestudio for stm32 9.0.0/armtools/bin/../lib/gcc/arm-atollic-eabi/6.3.1/../../../../arm-atollic-eabi/lib/armv7e-m/fpu\libc.a(lib_a-dtoa.o)