stm32l4xx_hal_spi.c:3486:26:SPI_WaitFifoStateUntilTimeout.part.1	0	static
stm32l4xx_hal_spi.c:3434:26:SPI_WaitFlagStateUntilTimeout	24	static
stm32l4xx_hal_spi.c:3486:26:SPI_WaitFifoStateUntilTimeout	32	static
stm32l4xx_hal_spi.c:3749:13:SPI_AbortRx_ISR	24	static
stm32l4xx_hal_spi.c:3581:26:SPI_EndRxTxTransaction	24	static
stm32l4xx_hal_spi.c:3793:13:SPI_AbortTx_ISR	24	static
stm32l4xx_hal_spi.c:3545:26:SPI_EndRxTransaction	32	static
stm32l4xx_hal_spi.c:431:13:HAL_SPI_MspInit	0	static
stm32l4xx_hal_spi.c:272:19:HAL_SPI_Init	24	static
stm32l4xx_hal_spi.c:447:13:HAL_SPI_MspDeInit	0	static
stm32l4xx_hal_spi.c:397:19:HAL_SPI_DeInit	8	static
stm32l4xx_hal_spi.c:503:19:HAL_SPI_Transmit	32	static
stm32l4xx_hal_spi.c:915:19:HAL_SPI_TransmitReceive	48	static
stm32l4xx_hal_spi.c:683:19:HAL_SPI_Receive	40	static
stm32l4xx_hal_spi.c:1206:19:HAL_SPI_Transmit_IT	0	static
stm32l4xx_hal_spi.c:1396:19:HAL_SPI_TransmitReceive_IT	12	static
stm32l4xx_hal_spi.c:1290:19:HAL_SPI_Receive_IT	12	static
stm32l4xx_hal_spi.c:1504:19:HAL_SPI_Transmit_DMA	8	static
stm32l4xx_hal_spi.c:1752:19:HAL_SPI_TransmitReceive_DMA	16	static
stm32l4xx_hal_spi.c:1618:19:HAL_SPI_Receive_DMA	16	static
stm32l4xx_hal_spi.c:1925:19:HAL_SPI_Abort	32	static
stm32l4xx_hal_spi.c:2269:19:HAL_SPI_DMAPause	0	static
stm32l4xx_hal_spi.c:2289:19:HAL_SPI_DMAResume	0	static
stm32l4xx_hal_spi.c:2309:19:HAL_SPI_DMAStop	8	static
stm32l4xx_hal_spi.c:2436:13:HAL_SPI_TxCpltCallback	0	static
stm32l4xx_hal_spi.c:2452:13:HAL_SPI_RxCpltCallback	0	static
stm32l4xx_hal_spi.c:2468:13:HAL_SPI_TxRxCpltCallback	0	static
stm32l4xx_hal_spi.c:2484:13:HAL_SPI_TxHalfCpltCallback	0	static
stm32l4xx_hal_spi.c:2845:13:SPI_DMAHalfTransmitCplt	8	static
stm32l4xx_hal_spi.c:2500:13:HAL_SPI_RxHalfCpltCallback	0	static
stm32l4xx_hal_spi.c:2858:13:SPI_DMAHalfReceiveCplt	8	static
stm32l4xx_hal_spi.c:2516:13:HAL_SPI_TxRxHalfCpltCallback	0	static
stm32l4xx_hal_spi.c:2871:13:SPI_DMAHalfTransmitReceiveCplt	8	static
stm32l4xx_hal_spi.c:2532:13:HAL_SPI_ErrorCallback	0	static
stm32l4xx_hal_spi.c:3710:13:SPI_CloseTx_ISR	16	static
stm32l4xx_hal_spi.c:3380:13:SPI_TxISR_8BIT	0	static
stm32l4xx_hal_spi.c:3404:13:SPI_TxISR_16BIT	0	static
stm32l4xx_hal_spi.c:3668:13:SPI_CloseRx_ISR	8	static
stm32l4xx_hal_spi.c:3291:13:SPI_RxISR_8BIT	0	static
stm32l4xx_hal_spi.c:3266:13:SPI_RxISR_8BITCRC	16	static
stm32l4xx_hal_spi.c:3347:13:SPI_RxISR_16BIT	0	static
stm32l4xx_hal_spi.c:3324:13:SPI_RxISR_16BITCRC	16	static
stm32l4xx_hal_spi.c:3611:13:SPI_CloseRxTx_ISR	8	static
stm32l4xx_hal_spi.c:3124:13:SPI_2linesTxISR_8BIT	0	static
stm32l4xx_hal_spi.c:3042:13:SPI_2linesRxISR_8BIT	0	static
stm32l4xx_hal_spi.c:3092:13:SPI_2linesRxISR_8BITCRC	16	static
stm32l4xx_hal_spi.c:3228:13:SPI_2linesTxISR_16BIT	4	static
stm32l4xx_hal_spi.c:3170:13:SPI_2linesRxISR_16BIT	4	static
stm32l4xx_hal_spi.c:3204:13:SPI_2linesRxISR_16BITCRC	16	static
stm32l4xx_hal_spi.c:2884:13:SPI_DMAError	8	static
stm32l4xx_hal_spi.c:2622:13:SPI_DMATransmitCplt	24	static
stm32l4xx_hal_spi.c:2669:13:SPI_DMAReceiveCplt	32	static
stm32l4xx_hal_spi.c:2760:13:SPI_DMATransmitReceiveCplt	32	static
stm32l4xx_hal_spi.c:2340:6:HAL_SPI_IRQHandler	32	static
stm32l4xx_hal_spi.c:2902:13:SPI_DMAAbortOnError	8	static
stm32l4xx_hal_spi.c:2550:13:HAL_SPI_AbortCpltCallback	0	static
stm32l4xx_hal_spi.c:2079:19:HAL_SPI_Abort_IT	32	static
stm32l4xx_hal_spi.c:2981:13:SPI_DMARxAbortCallback	32	static
stm32l4xx_hal_spi.c:2919:13:SPI_DMATxAbortCallback	24	static
stm32l4xx_hal_spi.c:2585:22:HAL_SPI_GetState	0	static
stm32l4xx_hal_spi.c:2597:10:HAL_SPI_GetError	0	static
