stm32l4xx_ll_utils.c:747:17:UTILS_GetPLLOutputFrequency	0	static
stm32l4xx_ll_utils.c:616:20:UTILS_SetFlashLatency.part.0	0	static
stm32l4xx_ll_utils.c:778:20:UTILS_PLL_IsBusy	0	static
stm32l4xx_ll_utils.c:817:20:UTILS_EnablePLLAndSwitchSystem	16	static
stm32l4xx_ll_utils.c:186:6:LL_Init1msTick	0	static
stm32l4xx_ll_utils.c:202:6:LL_mDelay	8	static
stm32l4xx_ll_utils.c:292:6:LL_SetSystemCoreClock	0	static
stm32l4xx_ll_utils.c:314:13:LL_PLL_ConfigSystemClock_MSI	16	static
stm32l4xx_ll_utils.c:440:13:LL_PLL_ConfigSystemClock_HSI	16	static
stm32l4xx_ll_utils.c:521:13:LL_PLL_ConfigSystemClock_HSE	16	static
