core_cm4.h:1615:26:NVIC_GetPriorityGrouping	4	static
core_cm4.h:1626:22:NVIC_EnableIRQ	16	static
core_cm4.h:1698:22:NVIC_SetPriority	16	static
core_cm4.h:1745:26:NVIC_EncodePriority	40	static
core_cm4.h:1830:26:SysTick_Config	16	static
stm32l4xx_ll_adc.h:2522:22:LL_ADC_SetCommonPathInternalCh	16	static
stm32l4xx_ll_adc.h:2647:22:LL_ADC_SetResolution	16	static
stm32l4xx_ll_adc.h:2684:22:LL_ADC_SetDataAlignment	16	static
stm32l4xx_ll_adc.h:3139:22:LL_ADC_REG_SetTriggerSource	16	static
stm32l4xx_ll_adc.h:3299:22:LL_ADC_REG_SetSequencerLength	16	static
stm32l4xx_ll_adc.h:3507:22:LL_ADC_REG_SetSequencerRanks	32	static
stm32l4xx_ll_adc.h:3653:22:LL_ADC_REG_SetContinuousMode	16	static
stm32l4xx_ll_adc.h:3710:22:LL_ADC_REG_SetDMATransfer	16	static
stm32l4xx_ll_adc.h:4680:22:LL_ADC_SetChannelSamplingTime	48	static
stm32l4xx_ll_adc.h:4850:22:LL_ADC_SetChannelSingleDiff	24	static
stm32l4xx_ll_adc.h:5870:22:LL_ADC_REG_SetTrigSource	16	static
stm32l4xx_ll_adc.h:5923:22:LL_ADC_DisableDeepPowerDown	16	static
stm32l4xx_ll_adc.h:6007:22:LL_ADC_Enable	16	static
stm32l4xx_ll_adc.h:6085:22:LL_ADC_StartCalibration	16	static
stm32l4xx_ll_adc.h:6538:26:LL_ADC_IsActiveFlag_ADRDY	16	static
stm32l4xx_ll_adc.h:6662:22:LL_ADC_ClearFlag_ADRDY	16	static
stm32l4xx_ll_spi.h:375:22:LL_SPI_Enable	16	static
stm32l4xx_ll_spi.h:682:22:LL_SPI_SetRxFIFOThreshold	16	static
stm32l4xx_ll_gpio.h:294:22:LL_GPIO_SetPinMode	40	static
stm32l4xx_ll_gpio.h:363:22:LL_GPIO_SetPinOutputType	24	static
stm32l4xx_ll_gpio.h:434:22:LL_GPIO_SetPinSpeed	40	static
stm32l4xx_ll_gpio.h:505:22:LL_GPIO_SetPinPull	40	static
stm32l4xx_ll_gpio.h:577:22:LL_GPIO_SetAFPin_0_7	40	static
stm32l4xx_ll_gpio.h:654:22:LL_GPIO_SetAFPin_8_15	40	static
stm32l4xx_ll_gpio.h:964:22:LL_GPIO_SetOutputPin	16	static
stm32l4xx_ll_bus.h:578:22:LL_AHB2_GRP1_EnableClock	24	static
stm32l4xx_ll_bus.h:1102:22:LL_APB1_GRP1_EnableClock	24	static
stm32l4xx_ll_bus.h:1688:22:LL_APB2_GRP1_EnableClock	24	static
stm32l4xx_ll_cortex.h:259:22:LL_SYSTICK_SetClkSource	16	static
stm32l4xx_ll_cortex.h:298:22:LL_SYSTICK_DisableIT	4	static
stm32l4xx_ll_rcc.h:1997:22:LL_RCC_HSE_EnableBypass	4	static
stm32l4xx_ll_rcc.h:2017:22:LL_RCC_HSE_Enable	4	static
stm32l4xx_ll_rcc.h:2037:26:LL_RCC_HSE_IsReady	4	static
stm32l4xx_ll_rcc.h:2630:22:LL_RCC_SetSysClkSource	16	static
stm32l4xx_ll_rcc.h:2644:26:LL_RCC_GetSysClkSource	4	static
stm32l4xx_ll_rcc.h:2664:22:LL_RCC_SetAHBPrescaler	16	static
stm32l4xx_ll_rcc.h:2680:22:LL_RCC_SetAPB1Prescaler	16	static
stm32l4xx_ll_rcc.h:2696:22:LL_RCC_SetAPB2Prescaler	16	static
stm32l4xx_ll_rcc.h:2807:22:LL_RCC_ConfigMCO	16	static
stm32l4xx_ll_rcc.h:2901:22:LL_RCC_SetI2CClockSource	24	static
stm32l4xx_ll_rcc.h:3032:22:LL_RCC_SetADCClockSource	16	static
stm32l4xx_ll_rcc.h:3587:22:LL_RCC_PLL_Enable	4	static
stm32l4xx_ll_rcc.h:3608:26:LL_RCC_PLL_IsReady	4	static
stm32l4xx_ll_rcc.h:3654:22:LL_RCC_PLL_ConfigDomain_SYS	24	static
stm32l4xx_ll_rcc.h:4011:22:LL_RCC_PLL_EnableDomain_SYS	4	static
stm32l4xx_ll_i2c.h:407:22:LL_I2C_Enable	16	static
stm32l4xx_ll_i2c.h:421:22:LL_I2C_Disable	16	static
stm32l4xx_ll_usart.h:697:22:LL_USART_Enable	16	static
stm32l4xx_ll_usart.h:1344:22:LL_USART_DisableSCLKOutput	16	static
stm32l4xx_ll_system.h:788:22:LL_SYSCFG_SetEXTISource	24	static
Periph_Init.c:14:6:SystemClock_Config	8	static
Periph_Init.c:50:6:GPIO_Init	8	static
Periph_Init.c:140:6:SPI2_Init	48	static
Periph_Init.c:162:6:USART2_Init	40	static
Periph_Init.c:180:6:I2C2_Init	40	static
Periph_Init.c:196:6:ADC_Init	8	static
Periph_Init.c:242:6:IRQ_Init	24	static
