stm32l4xx_ll_adc.h:6132:22:LL_ADC_REG_StartConversion	16	static
stm32l4xx_ll_adc.h:6538:26:LL_ADC_IsActiveFlag_ADRDY	16	static
stm32l4xx_ll_adc.h:6549:26:LL_ADC_IsActiveFlag_EOC	16	static
stm32l4xx_ll_adc.h:6684:22:LL_ADC_ClearFlag_EOS	16	static
stm32l4xx_ll_gpio.h:964:22:LL_GPIO_SetOutputPin	16	static
Procedures.c:14:10:ADC_CALIB_REF_Read	4	static
Procedures.c:18:10:ADC_Read	8	static
Procedures.c:26:6:ADC_StartConversion	8	static
Procedures.c:35:6:ADC_VC_Read	64	static
Procedures.c:70:6:Temperature_Config	24	static
Procedures.c:75:6:Temperature_Read	32	static
Procedures.c:83:6:EEPROM_Write	24	static
Procedures.c:94:6:EEPROM_Read	16	static
