stm32l4xx_ll_adc.h:6132:22:LL_ADC_REG_StartConversion	16	static
stm32l4xx_ll_adc.h:6538:26:LL_ADC_IsActiveFlag_ADRDY	16	static
stm32l4xx_ll_adc.h:6549:26:LL_ADC_IsActiveFlag_EOC	16	static
stm32l4xx_ll_adc.h:6684:22:LL_ADC_ClearFlag_EOS	16	static
stm32l4xx_ll_gpio.h:964:22:LL_GPIO_SetOutputPin	16	static
stm32l4xx_ll_gpio.h:993:22:LL_GPIO_ResetOutputPin	16	static
stm32l4xx_ll_i2c.h:1605:26:LL_I2C_IsActiveFlag_TC	16	static
stm32l4xx_ll_i2c.h:1749:22:LL_I2C_ClearFlag_STOP	16	static
stm32l4xx_ll_i2c.h:1866:22:LL_I2C_DisableAutoEndMode	16	static
stm32l4xx_ll_i2c.h:1925:22:LL_I2C_SetTransferSize	16	static
stm32l4xx_ll_i2c.h:2026:22:LL_I2C_SetTransferRequest	16	static
stm32l4xx_ll_tim.h:1453:22:LL_TIM_EnableCounter	16	static
stm32l4xx_ll_tim.h:1464:22:LL_TIM_DisableCounter	16	static
stm32l4xx_ll_tim.h:1692:22:LL_TIM_SetCounter	16	static
stm32l4xx_ll_tim.h:1705:26:LL_TIM_GetCounter	16	static
stm32l4xx_ll_tim.h:4024:22:LL_TIM_ClearFlag_UPDATE	16	static
Procedures.c:18:10:ADC_CALIB_REF_Read	4	static
Procedures.c:22:10:ADC_Read	8	static
Procedures.c:30:6:ADC_StartConversion	8	static
Procedures.c:39:6:ADC_VC_Read	64	static
Procedures.c:74:6:Temperature_Config	24	static
Procedures.c:79:6:Temperature_Read_int	32	static
Procedures.c:85:6:Temperature_Read_float	32	static
Procedures.c:94:6:EEPROM_Write	16	static
Procedures.c:102:6:EEPROM_Read	32	static
Procedures.c:126:9:AS3935_REG_Read	24	static
Procedures.c:136:6:AS3935_REG_Write	16	static
Procedures.c:143:6:AS3935_REG_SetDef	8	static
Procedures.c:151:6:TIM7_Start	8	static
Procedures.c:157:6:TIM7_Stop	8	static
Procedures.c:164:10:TIM7_Read	8	static
