stm32l4xx_ll_adc.h:6132:22:LL_ADC_REG_StartConversion	16	static
stm32l4xx_ll_adc.h:6538:26:LL_ADC_IsActiveFlag_ADRDY	16	static
stm32l4xx_ll_adc.h:6549:26:LL_ADC_IsActiveFlag_EOC	16	static
stm32l4xx_ll_adc.h:6684:22:LL_ADC_ClearFlag_EOS	16	static
stm32l4xx_ll_gpio.h:964:22:LL_GPIO_SetOutputPin	16	static
stm32l4xx_ll_gpio.h:993:22:LL_GPIO_ResetOutputPin	16	static
stm32l4xx_ll_i2c.h:1605:26:LL_I2C_IsActiveFlag_TC	16	static
stm32l4xx_ll_i2c.h:1749:22:LL_I2C_ClearFlag_STOP	16	static
stm32l4xx_ll_i2c.h:1866:22:LL_I2C_DisableAutoEndMode	16	static
stm32l4xx_ll_i2c.h:1925:22:LL_I2C_SetTransferSize	16	static
stm32l4xx_ll_i2c.h:2026:22:LL_I2C_SetTransferRequest	16	static
stm32l4xx_ll_tim.h:1453:22:LL_TIM_EnableCounter	16	static
stm32l4xx_ll_tim.h:1464:22:LL_TIM_DisableCounter	16	static
stm32l4xx_ll_tim.h:1692:22:LL_TIM_SetCounter	16	static
stm32l4xx_ll_tim.h:1705:26:LL_TIM_GetCounter	16	static
stm32l4xx_ll_tim.h:1761:22:LL_TIM_SetAutoReload	16	static
stm32l4xx_ll_tim.h:4024:22:LL_TIM_ClearFlag_UPDATE	16	static
Procedures.c:22:10:ADC_CALIB_REF_Read	4	static
Procedures.c:26:10:ADC_Read	8	static
Procedures.c:34:6:ADC_StartConversion	8	static
Procedures.c:43:6:ADC_VC_Read	64	static
Procedures.c:78:6:Temperature_Config	24	static
Procedures.c:83:6:Temperature_Read_int	32	static
Procedures.c:89:6:Temperature_Read_float	32	static
Procedures.c:98:6:EEPROM_Write	16	static
Procedures.c:106:6:EEPROM_Read	32	static
Procedures.c:130:9:AS3935_REG_Read	24	static
Procedures.c:140:6:AS3935_REG_Write	16	static
Procedures.c:147:6:AS3935_REG_SetDef	8	static
Procedures.c:155:6:TIM7_Start	16	static
Procedures.c:163:6:TIM7_Stop	8	static
Procedures.c:170:10:TIM7_Read	8	static
Procedures.c:175:6:USART1_Buffer_Clear	16	static
Procedures.c:182:6:HMI_Send	16	static
