stm32l4xx_ll_exti.h:1201:26:LL_EXTI_IsActiveFlag_0_31	16	static
stm32l4xx_ll_exti.h:1314:22:LL_EXTI_ClearFlag_0_31	16	static
stm32l4xx_ll_usart.h:3093:26:LL_USART_IsActiveFlag_RXNE	16	static
stm32l4xx_ll_usart.h:4521:25:LL_USART_ReceiveData8	16	static
stm32l4xx_ll_gpio.h:1022:22:LL_GPIO_TogglePin	16	static
stm32l4xx_ll_tim.h:4024:22:LL_TIM_ClearFlag_UPDATE	16	static
stm32l4xx_ll_tim.h:4035:26:LL_TIM_IsActiveFlag_UPDATE	16	static
stm32l4xx_it.c:35:6:SysTick_Handler	4	static
stm32l4xx_it.c:43:6:EXTI9_5_IRQHandler	8	static
stm32l4xx_it.c:58:6:USART2_IRQHandler	8	static
stm32l4xx_it.c:68:6:USART1_IRQHandler	16	static
stm32l4xx_it.c:80:6:TIM7_IRQHandler	8	static
