stm32l4xx_ll_i2c.h:766:22:LL_I2C_SetMasterAddressingMode	16	static
stm32l4xx_ll_i2c.h:1527:26:LL_I2C_IsActiveFlag_TXE	16	static
stm32l4xx_ll_i2c.h:1540:26:LL_I2C_IsActiveFlag_TXIS	16	static
stm32l4xx_ll_i2c.h:1553:26:LL_I2C_IsActiveFlag_RXNE	16	static
stm32l4xx_ll_i2c.h:1716:26:LL_I2C_IsActiveFlag_BUSY	16	static
stm32l4xx_ll_i2c.h:1749:22:LL_I2C_ClearFlag_STOP	16	static
stm32l4xx_ll_i2c.h:1854:22:LL_I2C_EnableAutoEndMode	16	static
stm32l4xx_ll_i2c.h:1925:22:LL_I2C_SetTransferSize	16	static
stm32l4xx_ll_i2c.h:1964:22:LL_I2C_GenerateStartCondition	16	static
stm32l4xx_ll_i2c.h:1975:22:LL_I2C_GenerateStopCondition	16	static
stm32l4xx_ll_i2c.h:2026:22:LL_I2C_SetTransferRequest	16	static
stm32l4xx_ll_i2c.h:2052:22:LL_I2C_SetSlaveAddr	16	static
stm32l4xx_ll_i2c.h:2188:25:LL_I2C_ReceiveData8	16	static
stm32l4xx_ll_i2c.h:2200:22:LL_I2C_TransmitData8	16	static
TomLib_I2C.c:19:6:TL_I2C_SetSlaveAddress	16	static
TomLib_I2C.c:23:6:TL_I2C_Start	16	static
TomLib_I2C.c:27:6:TL_I2C_Stop	16	static
TomLib_I2C.c:32:6:TL_I2C_InitConfig	16	static
TomLib_I2C.c:39:6:TL_I2C_WriteByte	16	static
TomLib_I2C.c:45:9:TL_I2C_ReadByte	16	static
TomLib_I2C.c:51:6:TL_I2C_SendData	32	static
TomLib_I2C.c:64:6:TL_I2C_ReadData	40	static
TomLib_I2C.c:81:6:TL_I2C_SendOneByte	16	static
TomLib_I2C.c:93:9:TL_I2C_ReadOneByte	16	static
