stm32l4xx_ll_gpio.h:964:22:LL_GPIO_SetOutputPin	16	static
stm32l4xx_ll_gpio.h:993:22:LL_GPIO_ResetOutputPin	16	static
TomLib_NRF24L01.c:22:6:TL_NRF24_CE_Set	8	static
TomLib_NRF24L01.c:30:6:TL_NRF24_CE_Reset	8	static
TomLib_NRF24L01.c:41:6:TL_NRF24_TXADDR_Set	16	static
TomLib_NRF24L01.c:54:6:TL_NRF24_TXADDR_Read	24	static
TomLib_NRF24L01.c:76:6:TL_NRF24_RXADDR_Set	16	static
TomLib_NRF24L01.c:97:6:TL_NRF24_RXADDR_Read	24	static
TomLib_NRF24L01.c:112:9:TL_NRF24_STATUS_Read	16	static
TomLib_NRF24L01.c:128:6:TL_NRF24_CONFIG_Set	16	static
TomLib_NRF24L01.c:141:9:TL_NRF24_CONFIG_Read	16	static
TomLib_NRF24L01.c:155:6:TL_NRF24_FLUSH_RX	8	static
TomLib_NRF24L01.c:164:6:TL_NRF24_FLUSH_TX	8	static
TomLib_NRF24L01.c:174:6:TL_NRF24_CHANNEL_Set	16	static
TomLib_NRF24L01.c:191:6:TL_NRF24_RX_PAYLOAD_LENGHT_Set	16	static
TomLib_NRF24L01.c:203:6:TL_NRF24_TX_PAYLOAD_Write	16	static
TomLib_NRF24L01.c:215:6:TL_NRF24_REGISTER_Write	16	static
TomLib_NRF24L01.c:228:9:TL_NRF24_REGISTER_Read	24	static
TomLib_NRF24L01.c:242:6:TL_NRF24_PAYLOAD_Send	16	static
TomLib_NRF24L01.c:257:13:TL_NRF24_GET_STATUS_FLAG	16	static
TomLib_NRF24L01.c:270:13:TL_NRF24_GET_FIFOSTATUS_FLAG	16	static
TomLib_NRF24L01.c:284:9:TL_NRF24_FIFOSTATUS_Read	16	static
TomLib_NRF24L01.c:299:13:TL_NRF24_AVAILABLE_RXFIFO	8	static
TomLib_NRF24L01.c:320:6:TL_NRF24_RX_PAYLOAD_Read	280	static
TomLib_NRF24L01.c:343:6:TL_NRF24_TX_MODE_Set	8	static
TomLib_NRF24L01.c:351:6:TL_NRF24_RX_MODE_Set	8	static
